Component: ARM Compiler 5.06 update 1 (build 61) Tool: armlink [4d35a8]

==============================================================================

Section Cross References

    hmr_task.o(i.HMR_Action_Ctrl) refers to queue.o(i.xQueueGenericCreate) for xQueueGenericCreate
    hmr_task.o(i.HMR_Action_Ctrl) refers to signal_generation.o(i.SetPWM) for SetPWM
    hmr_task.o(i.HMR_Action_Ctrl) refers to cmsis_os.o(i.osDelay) for osDelay
    hmr_task.o(i.HMR_Action_Ctrl) refers to usart.o(.data) for xQueue
    hmr_task.o(i.HMR_Dispatch) refers to cmsis_os.o(i.osDelay) for osDelay
    hmr_task.o(i.HMR_Print) refers to queue.o(i.xQueueGenericReceive) for xQueueGenericReceive
    hmr_task.o(i.HMR_Print) refers to printfa.o(i.__0printf) for __2printf
    hmr_task.o(i.HMR_Print) refers to cmsis_os.o(i.osDelay) for osDelay
    hmr_task.o(i.HMR_Print) refers to usart.o(.data) for xQueue
    hmr_task.o(i.HMR_Protocol_Decode) refers to cmsis_os.o(i.osDelay) for osDelay
    device.o(i.DEV_Close) refers to device.o(.data) for .data
    device.o(i.DEV_Lseek) refers to device.o(.data) for .data
    device.o(i.DEV_Open) refers to device.o(.data) for .data
    device.o(i.DEV_Read) refers to device.o(.data) for .data
    device.o(i.DEV_Write) refers to device.o(.data) for .data
    device.o(i.ioctl) refers to device.o(.data) for .data
    port.o(.emb_text) refers to tasks.o(i.vTaskSwitchContext) for vTaskSwitchContext
    port.o(.emb_text) refers to tasks.o(.data) for pxCurrentTCB
    port.o(i.prvTaskExitError) refers to port.o(.data) for .data
    port.o(i.pxPortInitialiseStack) refers to port.o(i.prvTaskExitError) for prvTaskExitError
    port.o(i.vPortEndScheduler) refers to port.o(.data) for .data
    port.o(i.vPortEnterCritical) refers to port.o(.data) for .data
    port.o(i.vPortExitCritical) refers to port.o(.data) for .data
    port.o(i.vPortSetupTimerInterrupt) refers to system_stm32f1xx.o(.data) for SystemCoreClock
    port.o(i.vPortValidateInterruptPriority) refers to port.o(.emb_text) for vPortGetIPSR
    port.o(i.vPortValidateInterruptPriority) refers to port.o(.data) for .data
    port.o(i.xPortStartScheduler) refers to port.o(.emb_text) for __asm___6_port_c_39a90d8d__prvStartFirstTask
    port.o(i.xPortStartScheduler) refers to port.o(.data) for .data
    port.o(i.xPortStartScheduler) refers to system_stm32f1xx.o(.data) for SystemCoreClock
    port.o(i.xPortSysTickHandler) refers to tasks.o(i.xTaskIncrementTick) for xTaskIncrementTick
    queue.o(i.pcQueueGetName) refers to queue.o(.bss) for .bss
    queue.o(i.prvCopyDataToQueue) refers to memcpya.o(.text) for __aeabi_memcpy
    queue.o(i.prvCopyDataToQueue) refers to tasks.o(i.xTaskPriorityDisinherit) for xTaskPriorityDisinherit
    queue.o(i.prvUnlockQueue) refers to port.o(i.vPortEnterCritical) for vPortEnterCritical
    queue.o(i.prvUnlockQueue) refers to tasks.o(i.xTaskRemoveFromEventList) for xTaskRemoveFromEventList
    queue.o(i.prvUnlockQueue) refers to tasks.o(i.vTaskMissedYield) for vTaskMissedYield
    queue.o(i.prvUnlockQueue) refers to port.o(i.vPortExitCritical) for vPortExitCritical
    queue.o(i.uxQueueMessagesWaiting) refers to port.o(i.vPortEnterCritical) for vPortEnterCritical
    queue.o(i.uxQueueMessagesWaiting) refers to port.o(i.vPortExitCritical) for vPortExitCritical
    queue.o(i.uxQueueSpacesAvailable) refers to port.o(i.vPortEnterCritical) for vPortEnterCritical
    queue.o(i.uxQueueSpacesAvailable) refers to port.o(i.vPortExitCritical) for vPortExitCritical
    queue.o(i.vQueueAddToRegistry) refers to queue.o(.bss) for .bss
    queue.o(i.vQueueDelete) refers to heap_4.o(i.vPortFree) for vPortFree
    queue.o(i.vQueueDelete) refers to queue.o(.bss) for .bss
    queue.o(i.vQueueUnregisterQueue) refers to queue.o(.bss) for .bss
    queue.o(i.xQueueCreateMutex) refers to heap_4.o(i.pvPortMalloc) for pvPortMalloc
    queue.o(i.xQueueCreateMutex) refers to queue.o(i.xQueueGenericReset) for xQueueGenericReset
    queue.o(i.xQueueCreateMutex) refers to queue.o(i.xQueueGenericSend) for xQueueGenericSend
    queue.o(i.xQueueGenericCreate) refers to heap_4.o(i.pvPortMalloc) for pvPortMalloc
    queue.o(i.xQueueGenericCreate) refers to queue.o(i.xQueueGenericReset) for xQueueGenericReset
    queue.o(i.xQueueGenericReceive) refers to tasks.o(i.xTaskGetSchedulerState) for xTaskGetSchedulerState
    queue.o(i.xQueueGenericReceive) refers to port.o(i.vPortEnterCritical) for vPortEnterCritical
    queue.o(i.xQueueGenericReceive) refers to memcpya.o(.text) for __aeabi_memcpy
    queue.o(i.xQueueGenericReceive) refers to tasks.o(i.xTaskRemoveFromEventList) for xTaskRemoveFromEventList
    queue.o(i.xQueueGenericReceive) refers to port.o(i.vPortExitCritical) for vPortExitCritical
    queue.o(i.xQueueGenericReceive) refers to tasks.o(i.pvTaskIncrementMutexHeldCount) for pvTaskIncrementMutexHeldCount
    queue.o(i.xQueueGenericReceive) refers to tasks.o(i.vTaskSetTimeOutState) for vTaskSetTimeOutState
[...]
    ../fplib/microlib/fpadd.c                0x00000000   Number         0  fadd.o ABSOLUTE
    ../fplib/microlib/fpadd.c                0x00000000   Number         0  dadd.o ABSOLUTE
    ../fplib/microlib/fpcmp4.c               0x00000000   Number         0  dcmp4.o ABSOLUTE
    ../fplib/microlib/fpdiv.c                0x00000000   Number         0  fdiv.o ABSOLUTE
    ../fplib/microlib/fpdiv.c                0x00000000   Number         0  ddiv.o ABSOLUTE
    ../fplib/microlib/fpepilogue.c           0x00000000   Number         0  depilogue.o ABSOLUTE
    ../fplib/microlib/fpepilogue.c           0x00000000   Number         0  fepilogue.o ABSOLUTE
    ../fplib/microlib/fpfix.c                0x00000000   Number         0  dfixui.o ABSOLUTE
    ../fplib/microlib/fpfix.c                0x00000000   Number         0  dfixul.o ABSOLUTE
    ../fplib/microlib/fpflt.c                0x00000000   Number         0  dfltui.o ABSOLUTE
    ../fplib/microlib/fpmul.c                0x00000000   Number         0  dmul.o ABSOLUTE
    ../fplib/microlib/fpscalb.c              0x00000000   Number         0  fscalb.o ABSOLUTE
    ../mathlib/floor.c                       0x00000000   Number         0  floor.o ABSOLUTE
    ../mathlib/fmax.c                        0x00000000   Number         0  fmin.o ABSOLUTE
    ..\APP\HMR_Action_Ctrl.c                 0x00000000   Number         0  hmr_action_ctrl.o ABSOLUTE
    ..\APP\HMR_Protocol_Analysis.c           0x00000000   Number         0  hmr_protocol_analysis.o ABSOLUTE
    ..\APP\HMR_Protocol_Code_Decode.c        0x00000000   Number         0  hmr_protocol_code_decode.o ABSOLUTE
    ..\APP\HMR_Task.c                        0x00000000   Number         0  hmr_task.o ABSOLUTE
    ..\BSP\Ex_Flash.c                        0x00000000   Number         0  ex_flash.o ABSOLUTE
    ..\BSP\Led_Ctrl.c                        0x00000000   Number         0  led_ctrl.o ABSOLUTE
    ..\BSP\Others.c                          0x00000000   Number         0  others.o ABSOLUTE
    ..\BSP\Signal_Generation.c               0x00000000   Number         0  signal_generation.o ABSOLUTE
    ..\BSP\Wifi.c                            0x00000000   Number         0  wifi.o ABSOLUTE
    ..\DEBUG\Debug.c                         0x00000000   Number         0  debug.o ABSOLUTE
    ..\Drivers\STM32F1xx_HAL_Driver\Src\stm32f1xx_hal.c 0x00000000   Number         0  stm32f1xx_hal.o ABSOLUTE
    ..\Drivers\STM32F1xx_HAL_Driver\Src\stm32f1xx_hal_cortex.c 0x00000000   Number         0  stm32f1xx_hal_cortex.o ABSOLUTE
    ..\Drivers\STM32F1xx_HAL_Driver\Src\stm32f1xx_hal_dma.c 0x00000000   Number         0  stm32f1xx_hal_dma.o ABSOLUTE
    ..\Drivers\STM32F1xx_HAL_Driver\Src\stm32f1xx_hal_flash.c 0x00000000   Number         0  stm32f1xx_hal_flash.o ABSOLUTE
    ..\Drivers\STM32F1xx_HAL_Driver\Src\stm32f1xx_hal_flash_ex.c 0x00000000   Number         0  stm32f1xx_hal_flash_ex.o ABSOLUTE
    ..\Drivers\STM32F1xx_HAL_Driver\Src\stm32f1xx_hal_gpio.c 0x00000000   Number         0  stm32f1xx_hal_gpio.o ABSOLUTE
    ..\Drivers\STM32F1xx_HAL_Driver\Src\stm32f1xx_hal_gpio_ex.c 0x00000000   Number         0  stm32f1xx_hal_gpio_ex.o ABSOLUTE
    ..\Drivers\STM32F1xx_HAL_Driver\Src\stm32f1xx_hal_i2c.c 0x00000000   Number         0  stm32f1xx_hal_i2c.o ABSOLUTE
    ..\Drivers\STM32F1xx_HAL_Driver\Src\stm32f1xx_hal_iwdg.c 0x00000000   Number         0  stm32f1xx_hal_iwdg.o ABSOLUTE
    ..\Drivers\STM32F1xx_HAL_Driver\Src\stm32f1xx_hal_pwr.c 0x00000000   Number         0  stm32f1xx_hal_pwr.o ABSOLUTE
    ..\Drivers\STM32F1xx_HAL_Driver\Src\stm32f1xx_hal_rcc.c 0x00000000   Number         0  stm32f1xx_hal_rcc.o ABSOLUTE
    ..\Drivers\STM32F1xx_HAL_Driver\Src\stm32f1xx_hal_rcc_ex.c 0x00000000   Number         0  stm32f1xx_hal_rcc_ex.o ABSOLUTE
    ..\Drivers\STM32F1xx_HAL_Driver\Src\stm32f1xx_hal_spi.c 0x00000000   Number         0  stm32f1xx_hal_spi.o ABSOLUTE
    ..\Drivers\STM32F1xx_HAL_Driver\Src\stm32f1xx_hal_spi_ex.c 0x00000000   Number         0  stm32f1xx_hal_spi_ex.o ABSOLUTE
    ..\Drivers\STM32F1xx_HAL_Driver\Src\stm32f1xx_hal_tim.c 0x00000000   Number         0  stm32f1xx_hal_tim.o ABSOLUTE
    ..\Drivers\STM32F1xx_HAL_Driver\Src\stm32f1xx_hal_tim_ex.c 0x00000000   Number         0  stm32f1xx_hal_tim_ex.o ABSOLUTE
    ..\Drivers\STM32F1xx_HAL_Driver\Src\stm32f1xx_hal_uart.c 0x00000000   Number         0  stm32f1xx_hal_uart.o ABSOLUTE
    ..\Drivers\STM32F1xx_HAL_Driver\Src\stm32f1xx_hal_wwdg.c 0x00000000   Number         0  stm32f1xx_hal_wwdg.o ABSOLUTE
    ..\Middlewares\DataStruct.c              0x00000000   Number         0  datastruct.o ABSOLUTE
    ..\Middlewares\Device.c                  0x00000000   Number         0  device.o ABSOLUTE
    ..\Middlewares\Third_Party\FreeRTOS\Source\CMSIS_RTOS\cmsis_os.c 0x00000000   Number         0  cmsis_os.o ABSOLUTE
    ..\Middlewares\Third_Party\FreeRTOS\Source\portable\RVDS\ARM_CM3\port.c 0x00000000   Number         0  port.o ABSOLUTE
    ..\Src\gpio.c                            0x00000000   Number         0  gpio.o ABSOLUTE
    ..\Src\i2c.c                             0x00000000   Number         0  i2c.o ABSOLUTE
    ..\Src\iwdg.c                            0x00000000   Number         0  iwdg.o ABSOLUTE
    ..\Src\main.c                            0x00000000   Number         0  main.o ABSOLUTE
    ..\Src\spi.c                             0x00000000   Number         0  spi.o ABSOLUTE
    ..\Src\stm32f1xx_hal_msp.c               0x00000000   Number         0  stm32f1xx_hal_msp.o ABSOLUTE
    ..\Src\stm32f1xx_hal_timebase_TIM.c      0x00000000   Number         0  stm32f1xx_hal_timebase_tim.o ABSOLUTE
    ..\Src\stm32f1xx_it.c                    0x00000000   Number         0  stm32f1xx_it.o ABSOLUTE
    ..\Src\usart.c                           0x00000000   Number         0  usart.o ABSOLUTE
    ..\Src\wwdg.c                            0x00000000   Number         0  wwdg.o ABSOLUTE
    ..\\APP\\HMR_Task.c                      0x00000000   Number         0  hmr_task.o ABSOLUTE
    ..\\BSP\\Others.c                        0x00000000   Number         0  others.o ABSOLUTE
    ..\\BSP\\Signal_Generation.c             0x00000000   Number         0  signal_generation.o ABSOLUTE
    ..\\Src\\i2c.c                           0x00000000   Number         0  i2c.o ABSOLUTE
    ..\\Src\system_stm32f1xx.c               0x00000000   Number         0  system_stm32f1xx.o ABSOLUTE
    cdrcmple.s                               0x00000000   Number         0  cdrcmple.o ABSOLUTE
    dc.s                                     0x00000000   Number         0  dc.o ABSOLUTE
    handlers.s                               0x00000000   Number         0  handlers.o ABSOLUTE
    init.s                                   0x00000000   Number         0  init.o ABSOLUTE
    startup_stm32f103xb.s                    0x00000000   Number         0  startup_stm32f103xb.o ABSOLUTE
    RESET                                    0x08000000   Section      236  startup_stm32f103xb.o(RESET)
    .ARM.Collect$$$$00000000                 0x080000ec   Section        0  entry.o(.ARM.Collect$$$$00000000)
    .ARM.Collect$$$$00000001                 0x080000ec   Section        4  entry2.o(.ARM.Collect$$$$00000001)
    .ARM.Collect$$$$00000004                 0x080000f0   Section        4  entry5.o(.ARM.Collect$$$$00000004)
    .ARM.Collect$$$$00000008                 0x080000f4   Section        0  entry7b.o(.ARM.Collect$$$$00000008)
    .ARM.Collect$$$$0000000A                 0x080000f4   Section        0  entry8b.o(.ARM.Collect$$$$0000000A)
    .ARM.Collect$$$$0000000B                 0x080000f4   Section        8  entry9a.o(.ARM.Collect$$$$0000000B)
    .ARM.Collect$$$$0000000D                 0x080000fc   Section        0  entry10a.o(.ARM.Collect$$$$0000000D)
    .ARM.Collect$$$$0000000F                 0x080000fc   Section        0  entry11a.o(.ARM.Collect$$$$0000000F)
    .ARM.Collect$$$$00002712                 0x080000fc   Section        4  entry2.o(.ARM.Collect$$$$00002712)
    __lit__00000000                          0x080000fc   Data           4  entry2.o(.ARM.Collect$$$$00002712)
    .emb_text                                0x08000100   Section      150  port.o(.emb_text)
    .text                                    0x08000198   Section       36  startup_stm32f103xb.o(.text)
    .text                                    0x080001bc   Section        0  llushr.o(.text)
    .text                                    0x080001dc   Section        0  memcpya.o(.text)
    .text                                    0x08000200   Section        0  fadd.o(.text)
    .text                                    0x080002b0   Section        0  fdiv.o(.text)
    .text                                    0x0800032c   Section        0  fscalb.o(.text)
    .text                                    0x08000344   Section        0  dadd.o(.text)
    .text                                    0x08000492   Section        0  dmul.o(.text)
    .text                                    0x08000576   Section        0  dfixui.o(.text)
    .text                                    0x080005a8   Section        0  f2d.o(.text)
    .text                                    0x080005ce   Section        0  d2f.o(.text)
    .text                                    0x08000606   Section        0  uidiv.o(.text)
    .text                                    0x08000632   Section        0  uldiv.o(.text)
    .text                                    0x08000694   Section        0  llshl.o(.text)
    .text                                    0x080006b2   Section        0  llsshr.o(.text)
    .text                                    0x080006d6   Section        0  fepilogue.o(.text)
    .text                                    0x080006d6   Section        0  iusefp.o(.text)
    .text                                    0x08000744   Section        0  depilogue.o(.text)
    .text                                    0x080007fe   Section        0  ddiv.o(.text)
    .text                                    0x080008dc   Section        0  dfixul.o(.text)
    .text                                    0x0800090c   Section       48  cdrcmple.o(.text)
    .text                                    0x0800093c   Section       36  init.o(.text)
    i.BusFault_Handler                       0x08000960   Section        0  stm32f1xx_it.o(i.BusFault_Handler)
    i.DEBUG_USART_close                      0x08000962   Section        0  others.o(i.DEBUG_USART_close)
    DEBUG_USART_close                        0x08000963   Thumb Code     4  others.o(i.DEBUG_USART_close)
    i.DEBUG_USART_ioctl                      0x08000966   Section        0  others.o(i.DEBUG_USART_ioctl)
    DEBUG_USART_ioctl                        0x08000967   Thumb Code     4  others.o(i.DEBUG_USART_ioctl)
    i.DEBUG_USART_lseek                      0x0800096a   Section        0  others.o(i.DEBUG_USART_lseek)
    DEBUG_USART_lseek                        0x0800096b   Thumb Code     4  others.o(i.DEBUG_USART_lseek)
    i.DEBUG_USART_open                       0x08000970   Section        0  others.o(i.DEBUG_USART_open)
    DEBUG_USART_open                         0x08000971   Thumb Code    16  others.o(i.DEBUG_USART_open)
    i.DEBUG_USART_read                       0x08000984   Section        0  others.o(i.DEBUG_USART_read)
    DEBUG_USART_read                         0x08000985   Thumb Code     4  others.o(i.DEBUG_USART_read)
    i.DEBUG_USART_write                      0x08000988   Section        0  others.o(i.DEBUG_USART_write)
    DEBUG_USART_write                        0x08000989   Thumb Code     4  others.o(i.DEBUG_USART_write)
    i.DEV_Open                               0x0800098c   Section        0  device.o(i.DEV_Open)
    i.DebugMon_Handler                       0x080009ac   Section        0  stm32f1xx_it.o(i.DebugMon_Handler)
    i.EX_FLASH_close                         0x080009ae   Section        0  ex_flash.o(i.EX_FLASH_close)
    EX_FLASH_close                           0x080009af   Thumb Code     4  ex_flash.o(i.EX_FLASH_close)
    i.EX_FLASH_ioctl                         0x080009b2   Section        0  ex_flash.o(i.EX_FLASH_ioctl)
    EX_FLASH_ioctl                           0x080009b3   Thumb Code     4  ex_flash.o(i.EX_FLASH_ioctl)
    i.EX_FLASH_lseek                         0x080009b6   Section        0  ex_flash.o(i.EX_FLASH_lseek)
    EX_FLASH_lseek                           0x080009b7   Thumb Code     4  ex_flash.o(i.EX_FLASH_lseek)
    i.EX_FLASH_open                          0x080009ba   Section        0  ex_flash.o(i.EX_FLASH_open)
    EX_FLASH_open                            0x080009bb   Thumb Code     4  ex_flash.o(i.EX_FLASH_open)
    i.EX_FLASH_read                          0x080009be   Section        0  ex_flash.o(i.EX_FLASH_read)
    EX_FLASH_read                            0x080009bf   Thumb Code     4  ex_flash.o(i.EX_FLASH_read)
    i.EX_FLASH_write                         0x080009c2   Section        0  ex_flash.o(i.EX_FLASH_write)
    EX_FLASH_write                           0x080009c3   Thumb Code     4  ex_flash.o(i.EX_FLASH_write)
    i.HAL_GPIO_Init                          0x080009c8   Section        0  stm32f1xx_hal_gpio.o(i.HAL_GPIO_Init)
    i.HAL_GPIO_WritePin                      0x08000d04   Section        0  stm32f1xx_hal_gpio.o(i.HAL_GPIO_WritePin)
    i.HAL_GetTick                            0x08000d70   Section        0  stm32f1xx_hal.o(i.HAL_GetTick)
    i.HAL_I2C_Init                           0x08000d7c   Section        0  stm32f1xx_hal_i2c.o(i.HAL_I2C_Init)
    i.HAL_I2C_Mem_Read                       0x08000f80   Section        0  stm32f1xx_hal_i2c.o(i.HAL_I2C_Mem_Read)
    i.HAL_I2C_Mem_Write                      0x08001228   Section        0  stm32f1xx_hal_i2c.o(i.HAL_I2C_Mem_Write)
    i.HAL_I2C_MspInit                        0x080013d4   Section        0  i2c.o(i.HAL_I2C_MspInit)
    i.HAL_IncTick                            0x0800142c   Section        0  stm32f1xx_hal.o(i.HAL_IncTick)
    i.HAL_Init                               0x0800143c   Section        0  stm32f1xx_hal.o(i.HAL_Init)
    i.HAL_InitTick                           0x08001460   Section        0  stm32f1xx_hal_timebase_tim.o(i.HAL_InitTick)
    i.HAL_MspInit                            0x080014d4   Section        0  stm32f1xx_hal_msp.o(i.HAL_MspInit)
    i.HAL_NVIC_EnableIRQ                     0x08001558   Section        0  stm32f1xx_hal_cortex.o(i.HAL_NVIC_EnableIRQ)
    i.HAL_NVIC_SetPriority                   0x080015bc   Section        0  stm32f1xx_hal_cortex.o(i.HAL_NVIC_SetPriority)
    i.HAL_NVIC_SetPriorityGrouping           0x08001674   Section        0  stm32f1xx_hal_cortex.o(i.HAL_NVIC_SetPriorityGrouping)
    i.HAL_RCC_ClockConfig                    0x080016f0   Section        0  stm32f1xx_hal_rcc.o(i.HAL_RCC_ClockConfig)
    i.HAL_RCC_GetClockConfig                 0x08001964   Section        0  stm32f1xx_hal_rcc.o(i.HAL_RCC_GetClockConfig)
    i.HAL_RCC_GetHCLKFreq                    0x080019f8   Section        0  stm32f1xx_hal_rcc.o(i.HAL_RCC_GetHCLKFreq)
    i.HAL_RCC_GetPCLK1Freq                   0x08001a04   Section        0  stm32f1xx_hal_rcc.o(i.HAL_RCC_GetPCLK1Freq)
    i.HAL_RCC_GetPCLK2Freq                   0x08001a24   Section        0  stm32f1xx_hal_rcc.o(i.HAL_RCC_GetPCLK2Freq)
    i.HAL_RCC_GetSysClockFreq                0x08001a44   Section        0  stm32f1xx_hal_rcc.o(i.HAL_RCC_GetSysClockFreq)
    i.HAL_RCC_OscConfig                      0x08001ab8   Section        0  stm32f1xx_hal_rcc.o(i.HAL_RCC_OscConfig)
    i.HAL_SYSTICK_CLKSourceConfig            0x08001fe0   Section        0  stm32f1xx_hal_cortex.o(i.HAL_SYSTICK_CLKSourceConfig)
    i.HAL_SYSTICK_Config                     0x08002044   Section        0  stm32f1xx_hal_cortex.o(i.HAL_SYSTICK_Config)
    i.HAL_TIMEx_BreakCallback                0x08002070   Section        0  stm32f1xx_hal_tim_ex.o(i.HAL_TIMEx_BreakCallback)
    i.HAL_TIMEx_CommutationCallback          0x08002072   Section        0  stm32f1xx_hal_tim_ex.o(i.HAL_TIMEx_CommutationCallback)
    i.HAL_TIM_Base_Init                      0x08002074   Section        0  stm32f1xx_hal_tim.o(i.HAL_TIM_Base_Init)
    i.HAL_TIM_Base_MspInit                   0x08002158   Section        0  stm32f1xx_hal_tim.o(i.HAL_TIM_Base_MspInit)
    i.HAL_TIM_Base_Start_IT                  0x0800215c   Section        0  stm32f1xx_hal_tim.o(i.HAL_TIM_Base_Start_IT)
    i.HAL_TIM_IC_CaptureCallback             0x080021e0   Section        0  stm32f1xx_hal_tim.o(i.HAL_TIM_IC_CaptureCallback)
    i.HAL_TIM_IRQHandler                     0x080021e2   Section        0  stm32f1xx_hal_tim.o(i.HAL_TIM_IRQHandler)
    i.HAL_TIM_OC_DelayElapsedCallback        0x0800234e   Section        0  stm32f1xx_hal_tim.o(i.HAL_TIM_OC_DelayElapsedCallback)
    i.HAL_TIM_PWM_PulseFinishedCallback      0x08002350   Section        0  stm32f1xx_hal_tim.o(i.HAL_TIM_PWM_PulseFinishedCallback)
    i.HAL_TIM_PeriodElapsedCallback          0x08002352   Section        0  main.o(i.HAL_TIM_PeriodElapsedCallback)
    i.HAL_TIM_TriggerCallback                0x08002364   Section        0  stm32f1xx_hal_tim.o(i.HAL_TIM_TriggerCallback)
    i.HAL_UART_Init                          0x08002368   Section        0  stm32f1xx_hal_uart.o(i.HAL_UART_Init)
    i.HAL_UART_MspInit                       0x08002484   Section        0  usart.o(i.HAL_UART_MspInit)
    i.HAL_UART_Transmit                      0x0800251c   Section        0  stm32f1xx_hal_uart.o(i.HAL_UART_Transmit)
    i.HMR_Action_Ctrl                        0x080025e4   Section        0  hmr_task.o(i.HMR_Action_Ctrl)
    i.HMR_Print                              0x0800260c   Section        0  hmr_task.o(i.HMR_Print)
    i.HardFault_Handler                      0x0800265c   Section        0  stm32f1xx_it.o(i.HardFault_Handler)
    i.I2C_RequestMemoryRead                  0x08002660   Section        0  stm32f1xx_hal_i2c.o(i.I2C_RequestMemoryRead)
    I2C_RequestMemoryRead                    0x08002661   Thumb Code   268  stm32f1xx_hal_i2c.o(i.I2C_RequestMemoryRead)
    i.I2C_RequestMemoryWrite                 0x08002770   Section        0  stm32f1xx_hal_i2c.o(i.I2C_RequestMemoryWrite)
    I2C_RequestMemoryWrite                   0x08002771   Thumb Code   174  stm32f1xx_hal_i2c.o(i.I2C_RequestMemoryWrite)
    i.I2C_WaitOnBTFFlagUntilTimeout          0x08002824   Section        0  stm32f1xx_hal_i2c.o(i.I2C_WaitOnBTFFlagUntilTimeout)
    I2C_WaitOnBTFFlagUntilTimeout            0x08002825   Thumb Code   124  stm32f1xx_hal_i2c.o(i.I2C_WaitOnBTFFlagUntilTimeout)
    i.I2C_WaitOnFlagUntilTimeout             0x080028a0   Section        0  stm32f1xx_hal_i2c.o(i.I2C_WaitOnFlagUntilTimeout)
    I2C_WaitOnFlagUntilTimeout               0x080028a1   Thumb Code   162  stm32f1xx_hal_i2c.o(i.I2C_WaitOnFlagUntilTimeout)
    i.I2C_WaitOnMasterAddressFlagUntilTimeout 0x08002942   Section        0  stm32f1xx_hal_i2c.o(i.I2C_WaitOnMasterAddressFlagUntilTimeout)
    I2C_WaitOnMasterAddressFlagUntilTimeout  0x08002943   Thumb Code   184  stm32f1xx_hal_i2c.o(i.I2C_WaitOnMasterAddressFlagUntilTimeout)
    i.I2C_WaitOnRXNEFlagUntilTimeout         0x080029fa   Section        0  stm32f1xx_hal_i2c.o(i.I2C_WaitOnRXNEFlagUntilTimeout)
    I2C_WaitOnRXNEFlagUntilTimeout           0x080029fb   Thumb Code   114  stm32f1xx_hal_i2c.o(i.I2C_WaitOnRXNEFlagUntilTimeout)
    i.I2C_WaitOnTXEFlagUntilTimeout          0x08002a6c   Section        0  stm32f1xx_hal_i2c.o(i.I2C_WaitOnTXEFlagUntilTimeout)
    I2C_WaitOnTXEFlagUntilTimeout            0x08002a6d   Thumb Code   124  stm32f1xx_hal_i2c.o(i.I2C_WaitOnTXEFlagUntilTimeout)
    i.IO_CTRL_close                          0x08002ae8   Section        0  others.o(i.IO_CTRL_close)
    IO_CTRL_close                            0x08002ae9   Thumb Code     4  others.o(i.IO_CTRL_close)
    i.IO_CTRL_ioctl                          0x08002aec   Section        0  others.o(i.IO_CTRL_ioctl)
    IO_CTRL_ioctl                            0x08002aed   Thumb Code     4  others.o(i.IO_CTRL_ioctl)
    i.IO_CTRL_lseek                          0x08002af0   Section        0  others.o(i.IO_CTRL_lseek)
    IO_CTRL_lseek                            0x08002af1   Thumb Code     4  others.o(i.IO_CTRL_lseek)
    i.IO_CTRL_open                           0x08002af4   Section        0  others.o(i.IO_CTRL_open)
    IO_CTRL_open                             0x08002af5   Thumb Code     4  others.o(i.IO_CTRL_open)
    i.IO_CTRL_read                           0x08002af8   Section        0  others.o(i.IO_CTRL_read)
    IO_CTRL_read                             0x08002af9   Thumb Code     4  others.o(i.IO_CTRL_read)
    i.IO_CTRL_write                          0x08002afc   Section        0  others.o(i.IO_CTRL_write)
    IO_CTRL_write                            0x08002afd   Thumb Code     4  others.o(i.IO_CTRL_write)
    i.LED_CTRL_close                         0x08002b00   Section        0  led_ctrl.o(i.LED_CTRL_close)
    LED_CTRL_close                           0x08002b01   Thumb Code     4  led_ctrl.o(i.LED_CTRL_close)
    i.LED_CTRL_ioctl                         0x08002b04   Section        0  led_ctrl.o(i.LED_CTRL_ioctl)
    LED_CTRL_ioctl                           0x08002b05   Thumb Code     4  led_ctrl.o(i.LED_CTRL_ioctl)
    i.LED_CTRL_lseek                         0x08002b08   Section        0  led_ctrl.o(i.LED_CTRL_lseek)
    LED_CTRL_lseek                           0x08002b09   Thumb Code     4  led_ctrl.o(i.LED_CTRL_lseek)
    i.LED_CTRL_open                          0x08002b0c   Section        0  led_ctrl.o(i.LED_CTRL_open)
    LED_CTRL_open                            0x08002b0d   Thumb Code     4  led_ctrl.o(i.LED_CTRL_open)
    i.LED_CTRL_read                          0x08002b10   Section        0  led_ctrl.o(i.LED_CTRL_read)
    LED_CTRL_read                            0x08002b11   Thumb Code     4  led_ctrl.o(i.LED_CTRL_read)
    i.LED_CTRL_write                         0x08002b14   Section        0  led_ctrl.o(i.LED_CTRL_write)
    LED_CTRL_write                           0x08002b15   Thumb Code     4  led_ctrl.o(i.LED_CTRL_write)
    i.MX_FREERTOS_Init                       0x08002b18   Section        0  freertos.o(i.MX_FREERTOS_Init)
    i.MX_GPIO_Init                           0x08002b60   Section        0  gpio.o(i.MX_GPIO_Init)
    i.MX_I2C1_Init                           0x08002c44   Section        0  i2c.o(i.MX_I2C1_Init)
    i.MX_USART1_UART_Init                    0x08002c98   Section        0  usart.o(i.MX_USART1_UART_Init)
    i.MemManage_Handler                      0x08002ce4   Section        0  stm32f1xx_it.o(i.MemManage_Handler)
    i.NMI_Handler                            0x08002ce6   Section        0  stm32f1xx_it.o(i.NMI_Handler)
    i.SIGNAL_GENERATION_close                0x08002ce8   Section        0  signal_generation.o(i.SIGNAL_GENERATION_close)
    SIGNAL_GENERATION_close                  0x08002ce9   Thumb Code     4  signal_generation.o(i.SIGNAL_GENERATION_close)
    i.SIGNAL_GENERATION_ioctl                0x08002cec   Section        0  signal_generation.o(i.SIGNAL_GENERATION_ioctl)
    SIGNAL_GENERATION_ioctl                  0x08002ced   Thumb Code     4  signal_generation.o(i.SIGNAL_GENERATION_ioctl)
    i.SIGNAL_GENERATION_lseek                0x08002cf0   Section        0  signal_generation.o(i.SIGNAL_GENERATION_lseek)
    SIGNAL_GENERATION_lseek                  0x08002cf1   Thumb Code     4  signal_generation.o(i.SIGNAL_GENERATION_lseek)
    i.SIGNAL_GENERATION_open                 0x08002cf4   Section        0  signal_generation.o(i.SIGNAL_GENERATION_open)
    SIGNAL_GENERATION_open                   0x08002cf5   Thumb Code    40  signal_generation.o(i.SIGNAL_GENERATION_open)
    i.SIGNAL_GENERATION_read                 0x08002d3c   Section        0  signal_generation.o(i.SIGNAL_GENERATION_read)
    SIGNAL_GENERATION_read                   0x08002d3d   Thumb Code     4  signal_generation.o(i.SIGNAL_GENERATION_read)
    i.SIGNAL_GENERATION_write                0x08002d40   Section        0  signal_generation.o(i.SIGNAL_GENERATION_write)
    SIGNAL_GENERATION_write                  0x08002d41   Thumb Code     4  signal_generation.o(i.SIGNAL_GENERATION_write)
    i.SetPWM                                 0x08002d44   Section        0  signal_generation.o(i.SetPWM)
    i.SetPWMFreq                             0x08002d88   Section        0  signal_generation.o(i.SetPWMFreq)
    i.SysTick_Handler                        0x08002eac   Section        0  stm32f1xx_it.o(i.SysTick_Handler)
    i.SystemClock_Config                     0x08002eb0   Section        0  main.o(i.SystemClock_Config)
    i.SystemInit                             0x08002f20   Section        0  system_stm32f1xx.o(i.SystemInit)
    i.TIM4_IRQHandler                        0x08002f68   Section        0  stm32f1xx_it.o(i.TIM4_IRQHandler)
    i.TIM_Base_SetConfig                     0x08002f74   Section        0  stm32f1xx_hal_tim.o(i.TIM_Base_SetConfig)
    i.UART_SetConfig                         0x08002fec   Section        0  stm32f1xx_hal_uart.o(i.UART_SetConfig)
    UART_SetConfig                           0x08002fed   Thumb Code   520  stm32f1xx_hal_uart.o(i.UART_SetConfig)
    i.UART_WaitOnFlagUntilTimeout            0x08003238   Section        0  stm32f1xx_hal_uart.o(i.UART_WaitOnFlagUntilTimeout)
    UART_WaitOnFlagUntilTimeout              0x08003239   Thumb Code   116  stm32f1xx_hal_uart.o(i.UART_WaitOnFlagUntilTimeout)
    i.UsageFault_Handler                     0x080032ac   Section        0  stm32f1xx_it.o(i.UsageFault_Handler)
    i.WIFI_close                             0x080032ae   Section        0  wifi.o(i.WIFI_close)
    WIFI_close                               0x080032af   Thumb Code     4  wifi.o(i.WIFI_close)
    i.WIFI_ioctl                             0x080032b2   Section        0  wifi.o(i.WIFI_ioctl)
    WIFI_ioctl                               0x080032b3   Thumb Code     4  wifi.o(i.WIFI_ioctl)
    i.WIFI_lseek                             0x080032b6   Section        0  wifi.o(i.WIFI_lseek)
    WIFI_lseek                               0x080032b7   Thumb Code     4  wifi.o(i.WIFI_lseek)
    i.WIFI_open                              0x080032ba   Section        0  wifi.o(i.WIFI_open)
    WIFI_open                                0x080032bb   Thumb Code     4  wifi.o(i.WIFI_open)
    i.WIFI_read                              0x080032be   Section        0  wifi.o(i.WIFI_read)
    WIFI_read                                0x080032bf   Thumb Code     4  wifi.o(i.WIFI_read)
    i.WIFI_write                             0x080032c2   Section        0  wifi.o(i.WIFI_write)
    WIFI_write                               0x080032c3   Thumb Code     4  wifi.o(i.WIFI_write)
    i._Error_Handler                         0x080032c6   Section        0  main.o(i._Error_Handler)
    i.__0printf                              0x080032c8   Section        0  printfa.o(i.__0printf)
    i.__scatterload_copy                     0x080032e8   Section       14  handlers.o(i.__scatterload_copy)
    i.__scatterload_null                     0x080032f6   Section        2  handlers.o(i.__scatterload_null)
    i.__scatterload_zeroinit                 0x080032f8   Section       14  handlers.o(i.__scatterload_zeroinit)
    i._fp_digits                             0x08003308   Section        0  printfa.o(i._fp_digits)
    _fp_digits                               0x08003309   Thumb Code   334  printfa.o(i._fp_digits)
    i._printf_core                           0x0800346c   Section        0  printfa.o(i._printf_core)
    _printf_core                             0x0800346d   Thumb Code  1744  printfa.o(i._printf_core)
    i._printf_post_padding                   0x08003b48   Section        0  printfa.o(i._printf_post_padding)
    _printf_post_padding                     0x08003b49   Thumb Code    36  printfa.o(i._printf_post_padding)
    i._printf_pre_padding                    0x08003b6c   Section        0  printfa.o(i._printf_pre_padding)
    _printf_pre_padding                      0x08003b6d   Thumb Code    46  printfa.o(i._printf_pre_padding)
    i.assert_failed                          0x08003b9a   Section        0  main.o(i.assert_failed)
    i.floor                                  0x08003b9c   Section        0  floor.o(i.floor)
    i.fputc                                  0x08003c78   Section        0  usart.o(i.fputc)
    i.main                                   0x08003c90   Section        0  main.o(i.main)
    i.osDelay                                0x08003cbc   Section        0  cmsis_os.o(i.osDelay)
    i.osKernelStart                          0x08003ccc   Section        0  cmsis_os.o(i.osKernelStart)
    i.osSystickHandler                       0x08003cd6   Section        0  cmsis_os.o(i.osSystickHandler)
    i.osThreadCreate                         0x08003cea   Section        0  cmsis_os.o(i.osThreadCreate)
    i.prvAddCurrentTaskToDelayedList         0x08003d1c   Section        0  tasks.o(i.prvAddCurrentTaskToDelayedList)
    prvAddCurrentTaskToDelayedList           0x08003d1d   Thumb Code   108  tasks.o(i.prvAddCurrentTaskToDelayedList)
    i.prvIdleTask                            0x08003d90   Section        0  tasks.o(i.prvIdleTask)
    prvIdleTask                              0x08003d91   Thumb Code   110  tasks.o(i.prvIdleTask)
    i.prvInsertBlockIntoFreeList             0x08003e0c   Section        0  heap_4.o(i.prvInsertBlockIntoFreeList)
    prvInsertBlockIntoFreeList               0x08003e0d   Thumb Code    86  heap_4.o(i.prvInsertBlockIntoFreeList)
    i.prvTaskExitError                       0x08003e6c   Section        0  port.o(i.prvTaskExitError)
    prvTaskExitError                         0x08003e6d   Thumb Code    38  port.o(i.prvTaskExitError)
    i.prvUnlockQueue                         0x08003e98   Section        0  queue.o(i.prvUnlockQueue)
    prvUnlockQueue                           0x08003e99   Thumb Code   108  queue.o(i.prvUnlockQueue)
    i.pvPortMalloc                           0x08003f04   Section        0  heap_4.o(i.pvPortMalloc)
    i.pvTaskIncrementMutexHeldCount          0x08004030   Section        0  tasks.o(i.pvTaskIncrementMutexHeldCount)
    i.pxPortInitialiseStack                  0x08004048   Section        0  port.o(i.pxPortInitialiseStack)
    i.uxListRemove                           0x0800406c   Section        0  list.o(i.uxListRemove)
    i.vListInitialise                        0x08004090   Section        0  list.o(i.vListInitialise)
    i.vListInitialiseItem                    0x080040a6   Section        0  list.o(i.vListInitialiseItem)
    i.vListInsert                            0x080040ac   Section        0  list.o(i.vListInsert)
    i.vListInsertEnd                         0x080040e2   Section        0  list.o(i.vListInsertEnd)
    i.vPortEnterCritical                     0x080040fc   Section        0  port.o(i.vPortEnterCritical)
    i.vPortExitCritical                      0x0800413c   Section        0  port.o(i.vPortExitCritical)
    i.vPortFree                              0x08004168   Section        0  heap_4.o(i.vPortFree)
    i.vTaskDelay                             0x080041c8   Section        0  tasks.o(i.vTaskDelay)
    i.vTaskMissedYield                       0x08004214   Section        0  tasks.o(i.vTaskMissedYield)
    i.vTaskPlaceOnEventList                  0x08004220   Section        0  tasks.o(i.vTaskPlaceOnEventList)
    i.vTaskPriorityInherit                   0x08004254   Section        0  tasks.o(i.vTaskPriorityInherit)
    i.vTaskSetTimeOutState                   0x080042e0   Section        0  tasks.o(i.vTaskSetTimeOutState)
    i.vTaskStartScheduler                    0x08004304   Section        0  tasks.o(i.vTaskStartScheduler)
    i.vTaskSuspendAll                        0x08004374   Section        0  tasks.o(i.vTaskSuspendAll)
    i.vTaskSwitchContext                     0x08004384   Section        0  tasks.o(i.vTaskSwitchContext)
    i.write8                                 0x080043e0   Section        0  signal_generation.o(i.write8)
    i.xPortStartScheduler                    0x0800440c   Section        0  port.o(i.xPortStartScheduler)
    i.xPortSysTickHandler                    0x080044a8   Section        0  port.o(i.xPortSysTickHandler)
    i.xQueueGenericCreate                    0x080044d4   Section        0  queue.o(i.xQueueGenericCreate)
    i.xQueueGenericReceive                   0x0800451c   Section        0  queue.o(i.xQueueGenericReceive)
    i.xQueueGenericReset                     0x080046cc   Section        0  queue.o(i.xQueueGenericReset)
    i.xTaskCheckForTimeOut                   0x08004754   Section        0  tasks.o(i.xTaskCheckForTimeOut)
    i.xTaskCreate                            0x080047c8   Section        0  tasks.o(i.xTaskCreate)
    i.xTaskGetSchedulerState                 0x08004940   Section        0  tasks.o(i.xTaskGetSchedulerState)
    i.xTaskIncrementTick                     0x0800495c   Section        0  tasks.o(i.xTaskIncrementTick)
    i.xTaskRemoveFromEventList               0x08004a48   Section        0  tasks.o(i.xTaskRemoveFromEventList)
    i.xTaskResumeAll                         0x08004abc   Section        0  tasks.o(i.xTaskResumeAll)
    .constdata                               0x08004ba4   Section       16  system_stm32f1xx.o(.constdata)
    .constdata                               0x08004bb4   Section        8  system_stm32f1xx.o(.constdata)
    .constdata                               0x08004bbc   Section       40  freertos.o(.constdata)
    .conststring                             0x08004be4   Section       39  freertos.o(.conststring)
    .ARM.__AT_0x08005000                     0x08005000   Section       28  ex_flash.o(.ARM.__AT_0x08005000)
    EX_FLASH                                 0x08005000   Data          28  ex_flash.o(.ARM.__AT_0x08005000)
    .ARM.__AT_0x0800501C                     0x0800501c   Section       28  led_ctrl.o(.ARM.__AT_0x0800501C)
    LED_CTRL                                 0x0800501c   Data          28  led_ctrl.o(.ARM.__AT_0x0800501C)
    .ARM.__AT_0x08005038                     0x08005038   Section       28  signal_generation.o(.ARM.__AT_0x08005038)
    SIGNAL_GENERATION                        0x08005038   Data          28  signal_generation.o(.ARM.__AT_0x08005038)
    .ARM.__AT_0x08005054                     0x08005054   Section       28  wifi.o(.ARM.__AT_0x08005054)
    WIFI                                     0x08005054   Data          28  wifi.o(.ARM.__AT_0x08005054)
    .ARM.__AT_0x08005070                     0x08005070   Section       28  others.o(.ARM.__AT_0x08005070)
    DEBUG_USART                              0x08005070   Data          28  others.o(.ARM.__AT_0x08005070)
    .ARM.__AT_0x0800508C                     0x0800508c   Section       28  others.o(.ARM.__AT_0x0800508C)
    IO_CTRL                                  0x0800508c   Data          28  others.o(.ARM.__AT_0x0800508C)
    .data                                    0x20000000   Section       24  device.o(.data)
    .data                                    0x20000018   Section       12  port.o(.data)
    ucMaxSysCallPriority                     0x20000018   Data           1  port.o(.data)
    uxCriticalNesting                        0x2000001c   Data           4  port.o(.data)
    ulMaxPRIGROUPValue                       0x20000020   Data           4  port.o(.data)
    .data                                    0x20000024   Section       60  tasks.o(.data)
    uxDeletedTasksWaitingCleanUp             0x20000028   Data           4  tasks.o(.data)
    uxCurrentNumberOfTasks                   0x2000002c   Data           4  tasks.o(.data)
    xTickCount                               0x20000030   Data           4  tasks.o(.data)
    uxTopReadyPriority                       0x20000034   Data           4  tasks.o(.data)
    xSchedulerRunning                        0x20000038   Data           4  tasks.o(.data)
    uxPendedTicks                            0x2000003c   Data           4  tasks.o(.data)
    xYieldPending                            0x20000040   Data           4  tasks.o(.data)
    xNumOfOverflows                          0x20000044   Data           4  tasks.o(.data)
    uxTaskNumber                             0x20000048   Data           4  tasks.o(.data)
    xNextTaskUnblockTime                     0x2000004c   Data           4  tasks.o(.data)
    xIdleTaskHandle                          0x20000050   Data           4  tasks.o(.data)
    uxSchedulerSuspended                     0x20000054   Data           4  tasks.o(.data)
    pxDelayedTaskList                        0x20000058   Data           4  tasks.o(.data)
    pxOverflowDelayedTaskList                0x2000005c   Data           4  tasks.o(.data)
    .data                                    0x20000060   Section       24  heap_4.o(.data)
    pxEnd                                    0x20000060   Data           4  heap_4.o(.data)
    xFreeBytesRemaining                      0x20000064   Data           4  heap_4.o(.data)
    xMinimumEverFreeBytesRemaining           0x20000068   Data           4  heap_4.o(.data)
    xBlockAllocatedBit                       0x2000006c   Data           4  heap_4.o(.data)
    xStart                                   0x20000070   Data           8  heap_4.o(.data)
    .data                                    0x20000078   Section        1  signal_generation.o(.data)
    .data                                    0x2000007c   Section        4  system_stm32f1xx.o(.data)
    .data                                    0x20000080   Section        4  stm32f1xx_hal.o(.data)
    .data                                    0x20000084   Section        8  freertos.o(.data)
    .data                                    0x2000008c   Section        8  usart.o(.data)
    .data                                    0x20000094   Section        4  stdout.o(.data)
    .bss                                     0x20000098   Section      240  tasks.o(.bss)
    pxReadyTasksLists                        0x20000098   Data         140  tasks.o(.bss)
    xDelayedTaskList1                        0x20000124   Data          20  tasks.o(.bss)
    xDelayedTaskList2                        0x20000138   Data          20  tasks.o(.bss)
    xPendingReadyList                        0x2000014c   Data          20  tasks.o(.bss)
    xTasksWaitingTermination                 0x20000160   Data          20  tasks.o(.bss)
    xSuspendedTaskList                       0x20000174   Data          20  tasks.o(.bss)
    .bss                                     0x20000188   Section     3072  heap_4.o(.bss)
    ucHeap                                   0x20000188   Data        3072  heap_4.o(.bss)
    .bss                                     0x20000d88   Section       64  stm32f1xx_hal_timebase_tim.o(.bss)
    .bss                                     0x20000dc8   Section      840  usart.o(.bss)
    .bss                                     0x20001110   Section       84  i2c.o(.bss)
    STACK                                    0x20001168   Section     1024  startup_stm32f103xb.o(STACK)

    Global Symbols

    Symbol Name                              Value     Ov Type        Size  Object(Section)

    BuildAttributes$$THM_ISAv4$P$D$K$B$S$PE$A:L22UL41UL21$X:L11$S22US41US21$IEEE1$IW$USESV6$~STKCKD$USESV7$~SHL$OTIME$ROPI$IEEEJ$EBA8$MICROLIB$REQ8$PRES8$EABIv2 0x00000000   Number         0  anon$$obj.o ABSOLUTE
    __ARM_use_no_argv                        0x00000000   Number         0  main.o ABSOLUTE
    _printf_a                                0x00000000   Number         0  stubs.o ABSOLUTE
    _printf_c                                0x00000000   Number         0  stubs.o ABSOLUTE
    _printf_charcount                        0x00000000   Number         0  stubs.o ABSOLUTE
    _printf_d                                0x00000000   Number         0  stubs.o ABSOLUTE
    _printf_e                                0x00000000   Number         0  stubs.o ABSOLUTE
    _printf_f                                0x00000000   Number         0  stubs.o ABSOLUTE
    _printf_flags                            0x00000000   Number         0  stubs.o ABSOLUTE
    _printf_fp_dec                           0x00000000   Number         0  stubs.o ABSOLUTE
    _printf_fp_hex                           0x00000000   Number         0  stubs.o ABSOLUTE
    _printf_g                                0x00000000   Number         0  stubs.o ABSOLUTE
    _printf_i                                0x00000000   Number         0  stubs.o ABSOLUTE
    _printf_int_dec                          0x00000000   Number         0  stubs.o ABSOLUTE
    _printf_l                                0x00000000   Number         0  stubs.o ABSOLUTE
    _printf_lc                               0x00000000   Number         0  stubs.o ABSOLUTE
    _printf_ll                               0x00000000   Number         0  stubs.o ABSOLUTE
    _printf_lld                              0x00000000   Number         0  stubs.o ABSOLUTE
    _printf_lli                              0x00000000   Number         0  stubs.o ABSOLUTE
    _printf_llo                              0x00000000   Number         0  stubs.o ABSOLUTE
    _printf_llu                              0x00000000   Number         0  stubs.o ABSOLUTE
    _printf_llx                              0x00000000   Number         0  stubs.o ABSOLUTE
    _printf_longlong_dec                     0x00000000   Number         0  stubs.o ABSOLUTE
    _printf_longlong_hex                     0x00000000   Number         0  stubs.o ABSOLUTE
    _printf_longlong_oct                     0x00000000   Number         0  stubs.o ABSOLUTE
    _printf_ls                               0x00000000   Number         0  stubs.o ABSOLUTE
    _printf_mbtowc                           0x00000000   Number         0  stubs.o ABSOLUTE
    _printf_n                                0x00000000   Number         0  stubs.o ABSOLUTE
    _printf_o                                0x00000000   Number         0  stubs.o ABSOLUTE
    _printf_p                                0x00000000   Number         0  stubs.o ABSOLUTE
    _printf_percent                          0x00000000   Number         0  stubs.o ABSOLUTE
    _printf_pre_padding                      0x00000000   Number         0  stubs.o ABSOLUTE
    _printf_return_value                     0x00000000   Number         0  stubs.o ABSOLUTE
    _printf_s                                0x00000000   Number         0  stubs.o ABSOLUTE
    _printf_sizespec                         0x00000000   Number         0  stubs.o ABSOLUTE
    _printf_str                              0x00000000   Number         0  stubs.o ABSOLUTE
    _printf_truncate_signed                  0x00000000   Number         0  stubs.o ABSOLUTE
    _printf_truncate_unsigned                0x00000000   Number         0  stubs.o ABSOLUTE
    _printf_u                                0x00000000   Number         0  stubs.o ABSOLUTE
    _printf_wc                               0x00000000   Number         0  stubs.o ABSOLUTE
    _printf_wctomb                           0x00000000   Number         0  stubs.o ABSOLUTE
    _printf_widthprec                        0x00000000   Number         0  stubs.o ABSOLUTE
    _printf_x                                0x00000000   Number         0  stubs.o ABSOLUTE
    __cpp_initialize__aeabi_                  - Undefined Weak Reference
    __cxa_finalize                            - Undefined Weak Reference
    __decompress                              - Undefined Weak Reference
    _clock_init                               - Undefined Weak Reference
    _microlib_exit                            - Undefined Weak Reference
    __Vectors_Size                           0x000000ec   Number         0  startup_stm32f103xb.o ABSOLUTE
    __Vectors                                0x08000000   Data           4  startup_stm32f103xb.o(RESET)
    __Vectors_End                            0x080000ec   Data           0  startup_stm32f103xb.o(RESET)
    __main                                   0x080000ed   Thumb Code     0  entry.o(.ARM.Collect$$$$00000000)
    _main_stk                                0x080000ed   Thumb Code     0  entry2.o(.ARM.Collect$$$$00000001)
    _main_scatterload                        0x080000f1   Thumb Code     0  entry5.o(.ARM.Collect$$$$00000004)
    __main_after_scatterload                 0x080000f5   Thumb Code     0  entry5.o(.ARM.Collect$$$$00000004)
    _main_clock                              0x080000f5   Thumb Code     0  entry7b.o(.ARM.Collect$$$$00000008)
    _main_cpp_init                           0x080000f5   Thumb Code     0  entry8b.o(.ARM.Collect$$$$0000000A)
    _main_init                               0x080000f5   Thumb Code     0  entry9a.o(.ARM.Collect$$$$0000000B)
    __rt_final_cpp                           0x080000fd   Thumb Code     0  entry10a.o(.ARM.Collect$$$$0000000D)
    __rt_final_exit                          0x080000fd   Thumb Code     0  entry11a.o(.ARM.Collect$$$$0000000F)
    SVC_Handler                              0x08000101   Thumb Code    32  port.o(.emb_text)
    __asm___6_port_c_39a90d8d__prvStartFirstTask 0x08000125   Thumb Code    28  port.o(.emb_text)
    PendSV_Handler                           0x08000145   Thumb Code    72  port.o(.emb_text)
    vPortGetIPSR                             0x08000191   Thumb Code     6  port.o(.emb_text)
    Reset_Handler                            0x08000199   Thumb Code     8  startup_stm32f103xb.o(.text)
    ADC1_2_IRQHandler                        0x080001b3   Thumb Code     0  startup_stm32f103xb.o(.text)
    CAN1_RX1_IRQHandler                      0x080001b3   Thumb Code     0  startup_stm32f103xb.o(.text)
    CAN1_SCE_IRQHandler                      0x080001b3   Thumb Code     0  startup_stm32f103xb.o(.text)
    DMA1_Channel1_IRQHandler                 0x080001b3   Thumb Code     0  startup_stm32f103xb.o(.text)
    DMA1_Channel2_IRQHandler                 0x080001b3   Thumb Code     0  startup_stm32f103xb.o(.text)
    DMA1_Channel3_IRQHandler                 0x080001b3   Thumb Code     0  startup_stm32f103xb.o(.text)
    DMA1_Channel4_IRQHandler                 0x080001b3   Thumb Code     0  startup_stm32f103xb.o(.text)
    DMA1_Channel5_IRQHandler                 0x080001b3   Thumb Code     0  startup_stm32f103xb.o(.text)
    DMA1_Channel6_IRQHandler                 0x080001b3   Thumb Code     0  startup_stm32f103xb.o(.text)
    DMA1_Channel7_IRQHandler                 0x080001b3   Thumb Code     0  startup_stm32f103xb.o(.text)
    EXTI0_IRQHandler                         0x080001b3   Thumb Code     0  startup_stm32f103xb.o(.text)
    EXTI15_10_IRQHandler                     0x080001b3   Thumb Code     0  startup_stm32f103xb.o(.text)
    EXTI1_IRQHandler                         0x080001b3   Thumb Code     0  startup_stm32f103xb.o(.text)
    EXTI2_IRQHandler                         0x080001b3   Thumb Code     0  startup_stm32f103xb.o(.text)
    EXTI3_IRQHandler                         0x080001b3   Thumb Code     0  startup_stm32f103xb.o(.text)
    EXTI4_IRQHandler                         0x080001b3   Thumb Code     0  startup_stm32f103xb.o(.text)
    EXTI9_5_IRQHandler                       0x080001b3   Thumb Code     0  startup_stm32f103xb.o(.text)
    FLASH_IRQHandler                         0x080001b3   Thumb Code     0  startup_stm32f103xb.o(.text)
    I2C1_ER_IRQHandler                       0x080001b3   Thumb Code     0  startup_stm32f103xb.o(.text)
    I2C1_EV_IRQHandler                       0x080001b3   Thumb Code     0  startup_stm32f103xb.o(.text)
    I2C2_ER_IRQHandler                       0x080001b3   Thumb Code     0  startup_stm32f103xb.o(.text)
    I2C2_EV_IRQHandler                       0x080001b3   Thumb Code     0  startup_stm32f103xb.o(.text)
    PVD_IRQHandler                           0x080001b3   Thumb Code     0  startup_stm32f103xb.o(.text)
    RCC_IRQHandler                           0x080001b3   Thumb Code     0  startup_stm32f103xb.o(.text)
    RTC_Alarm_IRQHandler                     0x080001b3   Thumb Code     0  startup_stm32f103xb.o(.text)
    RTC_IRQHandler                           0x080001b3   Thumb Code     0  startup_stm32f103xb.o(.text)
    SPI1_IRQHandler                          0x080001b3   Thumb Code     0  startup_stm32f103xb.o(.text)
    SPI2_IRQHandler                          0x080001b3   Thumb Code     0  startup_stm32f103xb.o(.text)
    TAMPER_IRQHandler                        0x080001b3   Thumb Code     0  startup_stm32f103xb.o(.text)
    TIM1_BRK_IRQHandler                      0x080001b3   Thumb Code     0  startup_stm32f103xb.o(.text)
    TIM1_CC_IRQHandler                       0x080001b3   Thumb Code     0  startup_stm32f103xb.o(.text)
    TIM1_TRG_COM_IRQHandler                  0x080001b3   Thumb Code     0  startup_stm32f103xb.o(.text)
    TIM1_UP_IRQHandler                       0x080001b3   Thumb Code     0  startup_stm32f103xb.o(.text)
    TIM2_IRQHandler                          0x080001b3   Thumb Code     0  startup_stm32f103xb.o(.text)
    TIM3_IRQHandler                          0x080001b3   Thumb Code     0  startup_stm32f103xb.o(.text)
    USART1_IRQHandler                        0x080001b3   Thumb Code     0  startup_stm32f103xb.o(.text)
    USART2_IRQHandler                        0x080001b3   Thumb Code     0  startup_stm32f103xb.o(.text)
    USART3_IRQHandler                        0x080001b3   Thumb Code     0  startup_stm32f103xb.o(.text)
    USBWakeUp_IRQHandler                     0x080001b3   Thumb Code     0  startup_stm32f103xb.o(.text)
    USB_HP_CAN1_TX_IRQHandler                0x080001b3   Thumb Code     0  startup_stm32f103xb.o(.text)
    USB_LP_CAN1_RX0_IRQHandler               0x080001b3   Thumb Code     0  startup_stm32f103xb.o(.text)
    WWDG_IRQHandler                          0x080001b3   Thumb Code     0  startup_stm32f103xb.o(.text)
    __aeabi_llsr                             0x080001bd   Thumb Code    32  llushr.o(.text)
    _ll_ushift_r                             0x080001bd   Thumb Code     0  llushr.o(.text)
    __aeabi_memcpy                           0x080001dd   Thumb Code    36  memcpya.o(.text)
    __aeabi_memcpy4                          0x080001dd   Thumb Code     0  memcpya.o(.text)
    __aeabi_memcpy8                          0x080001dd   Thumb Code     0  memcpya.o(.text)
    __aeabi_fadd                             0x08000201   Thumb Code   164  fadd.o(.text)
    __aeabi_fsub                             0x080002a5   Thumb Code     6  fadd.o(.text)
    __aeabi_frsub                            0x080002ab   Thumb Code     6  fadd.o(.text)
    __aeabi_fdiv                             0x080002b1   Thumb Code   124  fdiv.o(.text)
    __ARM_scalbnf                            0x0800032d   Thumb Code    24  fscalb.o(.text)
    scalbnf                                  0x0800032d   Thumb Code     0  fscalb.o(.text)
    __aeabi_dadd                             0x08000345   Thumb Code   322  dadd.o(.text)
    __aeabi_dsub                             0x08000487   Thumb Code     6  dadd.o(.text)
    __aeabi_drsub                            0x0800048d   Thumb Code     6  dadd.o(.text)
    __aeabi_dmul                             0x08000493   Thumb Code   228  dmul.o(.text)
    __aeabi_d2uiz                            0x08000577   Thumb Code    50  dfixui.o(.text)
    __aeabi_f2d                              0x080005a9   Thumb Code    38  f2d.o(.text)
    __aeabi_d2f                              0x080005cf   Thumb Code    56  d2f.o(.text)
    __aeabi_uidiv                            0x08000607   Thumb Code     0  uidiv.o(.text)
    __aeabi_uidivmod                         0x08000607   Thumb Code    44  uidiv.o(.text)
    __aeabi_uldivmod                         0x08000633   Thumb Code    98  uldiv.o(.text)
    __aeabi_llsl                             0x08000695   Thumb Code    30  llshl.o(.text)
    _ll_shift_l                              0x08000695   Thumb Code     0  llshl.o(.text)
    __aeabi_lasr                             0x080006b3   Thumb Code    36  llsshr.o(.text)
    _ll_sshift_r                             0x080006b3   Thumb Code     0  llsshr.o(.text)
    __I$use$fp                               0x080006d7   Thumb Code     0  iusefp.o(.text)
    _float_round                             0x080006d7   Thumb Code    18  fepilogue.o(.text)
    _float_epilogue                          0x080006e9   Thumb Code    92  fepilogue.o(.text)
    _double_round                            0x08000745   Thumb Code    30  depilogue.o(.text)
    _double_epilogue                         0x08000763   Thumb Code   156  depilogue.o(.text)
    __aeabi_ddiv                             0x080007ff   Thumb Code   222  ddiv.o(.text)
    __aeabi_d2ulz                            0x080008dd   Thumb Code    48  dfixul.o(.text)
    __aeabi_cdrcmple                         0x0800090d   Thumb Code    48  cdrcmple.o(.text)
    __scatterload                            0x0800093d   Thumb Code    28  init.o(.text)
    __scatterload_rt2                        0x0800093d   Thumb Code     0  init.o(.text)
    BusFault_Handler                         0x08000961   Thumb Code     2  stm32f1xx_it.o(i.BusFault_Handler)
    DEV_Open                                 0x0800098d   Thumb Code    28  device.o(i.DEV_Open)
    DebugMon_Handler                         0x080009ad   Thumb Code     2  stm32f1xx_it.o(i.DebugMon_Handler)
    HAL_GPIO_Init                            0x080009c9   Thumb Code   730  stm32f1xx_hal_gpio.o(i.HAL_GPIO_Init)
    HAL_GPIO_WritePin                        0x08000d05   Thumb Code    48  stm32f1xx_hal_gpio.o(i.HAL_GPIO_WritePin)
    HAL_GetTick                              0x08000d71   Thumb Code     6  stm32f1xx_hal.o(i.HAL_GetTick)
    HAL_I2C_Init                             0x08000d7d   Thumb Code   446  stm32f1xx_hal_i2c.o(i.HAL_I2C_Init)
    HAL_I2C_Mem_Read                         0x08000f81   Thumb Code   610  stm32f1xx_hal_i2c.o(i.HAL_I2C_Mem_Read)
    HAL_I2C_Mem_Write                        0x08001229   Thumb Code   362  stm32f1xx_hal_i2c.o(i.HAL_I2C_Mem_Write)
    HAL_I2C_MspInit                          0x080013d5   Thumb Code    78  i2c.o(i.HAL_I2C_MspInit)
    HAL_IncTick                              0x0800142d   Thumb Code    10  stm32f1xx_hal.o(i.HAL_IncTick)
    HAL_Init                                 0x0800143d   Thumb Code    32  stm32f1xx_hal.o(i.HAL_Init)
    HAL_InitTick                             0x08001461   Thumb Code   100  stm32f1xx_hal_timebase_tim.o(i.HAL_InitTick)
    HAL_MspInit                              0x080014d5   Thumb Code   122  stm32f1xx_hal_msp.o(i.HAL_MspInit)
    HAL_NVIC_EnableIRQ                       0x08001559   Thumb Code    38  stm32f1xx_hal_cortex.o(i.HAL_NVIC_EnableIRQ)
    HAL_NVIC_SetPriority                     0x080015bd   Thumb Code   118  stm32f1xx_hal_cortex.o(i.HAL_NVIC_SetPriority)
    HAL_NVIC_SetPriorityGrouping             0x08001675   Thumb Code    60  stm32f1xx_hal_cortex.o(i.HAL_NVIC_SetPriorityGrouping)
    HAL_RCC_ClockConfig                      0x080016f1   Thumb Code   554  stm32f1xx_hal_rcc.o(i.HAL_RCC_ClockConfig)
    HAL_RCC_GetClockConfig                   0x08001965   Thumb Code    84  stm32f1xx_hal_rcc.o(i.HAL_RCC_GetClockConfig)
    HAL_RCC_GetHCLKFreq                      0x080019f9   Thumb Code     6  stm32f1xx_hal_rcc.o(i.HAL_RCC_GetHCLKFreq)
    HAL_RCC_GetPCLK1Freq                     0x08001a05   Thumb Code    20  stm32f1xx_hal_rcc.o(i.HAL_RCC_GetPCLK1Freq)
    HAL_RCC_GetPCLK2Freq                     0x08001a25   Thumb Code    20  stm32f1xx_hal_rcc.o(i.HAL_RCC_GetPCLK2Freq)
    HAL_RCC_GetSysClockFreq                  0x08001a45   Thumb Code    84  stm32f1xx_hal_rcc.o(i.HAL_RCC_GetSysClockFreq)
    HAL_RCC_OscConfig                        0x08001ab9   Thumb Code  1320  stm32f1xx_hal_rcc.o(i.HAL_RCC_OscConfig)
    HAL_SYSTICK_CLKSourceConfig              0x08001fe1   Thumb Code    40  stm32f1xx_hal_cortex.o(i.HAL_SYSTICK_CLKSourceConfig)
    HAL_SYSTICK_Config                       0x08002045   Thumb Code    38  stm32f1xx_hal_cortex.o(i.HAL_SYSTICK_Config)
    HAL_TIMEx_BreakCallback                  0x08002071   Thumb Code     2  stm32f1xx_hal_tim_ex.o(i.HAL_TIMEx_BreakCallback)
    HAL_TIMEx_CommutationCallback            0x08002073   Thumb Code     2  stm32f1xx_hal_tim_ex.o(i.HAL_TIMEx_CommutationCallback)
    HAL_TIM_Base_Init                        0x08002075   Thumb Code   170  stm32f1xx_hal_tim.o(i.HAL_TIM_Base_Init)
    HAL_TIM_Base_MspInit                     0x08002159   Thumb Code     2  stm32f1xx_hal_tim.o(i.HAL_TIM_Base_MspInit)
    HAL_TIM_Base_Start_IT                    0x0800215d   Thumb Code    76  stm32f1xx_hal_tim.o(i.HAL_TIM_Base_Start_IT)
    HAL_TIM_IC_CaptureCallback               0x080021e1   Thumb Code     2  stm32f1xx_hal_tim.o(i.HAL_TIM_IC_CaptureCallback)
    HAL_TIM_IRQHandler                       0x080021e3   Thumb Code   364  stm32f1xx_hal_tim.o(i.HAL_TIM_IRQHandler)
    HAL_TIM_OC_DelayElapsedCallback          0x0800234f   Thumb Code     2  stm32f1xx_hal_tim.o(i.HAL_TIM_OC_DelayElapsedCallback)
    HAL_TIM_PWM_PulseFinishedCallback        0x08002351   Thumb Code     2  stm32f1xx_hal_tim.o(i.HAL_TIM_PWM_PulseFinishedCallback)
    HAL_TIM_PeriodElapsedCallback            0x08002353   Thumb Code    18  main.o(i.HAL_TIM_PeriodElapsedCallback)
    HAL_TIM_TriggerCallback                  0x08002365   Thumb Code     2  stm32f1xx_hal_tim.o(i.HAL_TIM_TriggerCallback)
    HAL_UART_Init                            0x08002369   Thumb Code   210  stm32f1xx_hal_uart.o(i.HAL_UART_Init)
    HAL_UART_MspInit                         0x08002485   Thumb Code   144  usart.o(i.HAL_UART_MspInit)
    HAL_UART_Transmit                        0x0800251d   Thumb Code   198  stm32f1xx_hal_uart.o(i.HAL_UART_Transmit)
    HMR_Action_Ctrl                          0x080025e5   Thumb Code    34  hmr_task.o(i.HMR_Action_Ctrl)
    HMR_Print                                0x0800260d   Thumb Code    50  hmr_task.o(i.HMR_Print)
    HardFault_Handler                        0x0800265d   Thumb Code     2  stm32f1xx_it.o(i.HardFault_Handler)
    MX_FREERTOS_Init                         0x08002b19   Thumb Code    62  freertos.o(i.MX_FREERTOS_Init)
    MX_GPIO_Init                             0x08002b61   Thumb Code   210  gpio.o(i.MX_GPIO_Init)
    MX_I2C1_Init                             0x08002c45   Thumb Code    54  i2c.o(i.MX_I2C1_Init)
    MX_USART1_UART_Init                      0x08002c99   Thumb Code    52  usart.o(i.MX_USART1_UART_Init)
    MemManage_Handler                        0x08002ce5   Thumb Code     2  stm32f1xx_it.o(i.MemManage_Handler)
    NMI_Handler                              0x08002ce7   Thumb Code     2  stm32f1xx_it.o(i.NMI_Handler)
    SetPWM                                   0x08002d45   Thumb Code    58  signal_generation.o(i.SetPWM)
    SetPWMFreq                               0x08002d89   Thumb Code   200  signal_generation.o(i.SetPWMFreq)
    SysTick_Handler                          0x08002ead   Thumb Code     4  stm32f1xx_it.o(i.SysTick_Handler)
    SystemClock_Config                       0x08002eb1   Thumb Code   110  main.o(i.SystemClock_Config)
    SystemInit                               0x08002f21   Thumb Code    60  system_stm32f1xx.o(i.SystemInit)
    TIM4_IRQHandler                          0x08002f69   Thumb Code     6  stm32f1xx_it.o(i.TIM4_IRQHandler)
    TIM_Base_SetConfig                       0x08002f75   Thumb Code   106  stm32f1xx_hal_tim.o(i.TIM_Base_SetConfig)
    UsageFault_Handler                       0x080032ad   Thumb Code     2  stm32f1xx_it.o(i.UsageFault_Handler)
    _Error_Handler                           0x080032c7   Thumb Code     2  main.o(i._Error_Handler)
    __0printf                                0x080032c9   Thumb Code    22  printfa.o(i.__0printf)
    __1printf                                0x080032c9   Thumb Code     0  printfa.o(i.__0printf)
    __2printf                                0x080032c9   Thumb Code     0  printfa.o(i.__0printf)
    __c89printf                              0x080032c9   Thumb Code     0  printfa.o(i.__0printf)
    printf                                   0x080032c9   Thumb Code     0  printfa.o(i.__0printf)
    __scatterload_copy                       0x080032e9   Thumb Code    14  handlers.o(i.__scatterload_copy)
    __scatterload_null                       0x080032f7   Thumb Code     2  handlers.o(i.__scatterload_null)
    __scatterload_zeroinit                   0x080032f9   Thumb Code    14  handlers.o(i.__scatterload_zeroinit)
    assert_failed                            0x08003b9b   Thumb Code     2  main.o(i.assert_failed)
    floor                                    0x08003b9d   Thumb Code   204  floor.o(i.floor)
    fputc                                    0x08003c79   Thumb Code    20  usart.o(i.fputc)
    main                                     0x08003c91   Thumb Code    40  main.o(i.main)
    osDelay                                  0x08003cbd   Thumb Code    16  cmsis_os.o(i.osDelay)
    osKernelStart                            0x08003ccd   Thumb Code    10  cmsis_os.o(i.osKernelStart)
    osSystickHandler                         0x08003cd7   Thumb Code    20  cmsis_os.o(i.osSystickHandler)
    osThreadCreate                           0x08003ceb   Thumb Code    48  cmsis_os.o(i.osThreadCreate)
    pvPortMalloc                             0x08003f05   Thumb Code   286  heap_4.o(i.pvPortMalloc)
    pvTaskIncrementMutexHeldCount            0x08004031   Thumb Code    18  tasks.o(i.pvTaskIncrementMutexHeldCount)
    pxPortInitialiseStack                    0x08004049   Thumb Code    30  port.o(i.pxPortInitialiseStack)
    uxListRemove                             0x0800406d   Thumb Code    36  list.o(i.uxListRemove)
    vListInitialise                          0x08004091   Thumb Code    22  list.o(i.vListInitialise)
    vListInitialiseItem                      0x080040a7   Thumb Code     6  list.o(i.vListInitialiseItem)
    vListInsert                              0x080040ad   Thumb Code    54  list.o(i.vListInsert)
    vListInsertEnd                           0x080040e3   Thumb Code    24  list.o(i.vListInsertEnd)
    vPortEnterCritical                       0x080040fd   Thumb Code    56  port.o(i.vPortEnterCritical)
    vPortExitCritical                        0x0800413d   Thumb Code    38  port.o(i.vPortExitCritical)
    vPortFree                                0x08004169   Thumb Code    90  heap_4.o(i.vPortFree)
    vTaskDelay                               0x080041c9   Thumb Code    66  tasks.o(i.vTaskDelay)
    vTaskMissedYield                         0x08004215   Thumb Code     8  tasks.o(i.vTaskMissedYield)
    vTaskPlaceOnEventList                    0x08004221   Thumb Code    46  tasks.o(i.vTaskPlaceOnEventList)
    vTaskPriorityInherit                     0x08004255   Thumb Code   132  tasks.o(i.vTaskPriorityInherit)
    vTaskSetTimeOutState                     0x080042e1   Thumb Code    30  tasks.o(i.vTaskSetTimeOutState)
    vTaskStartScheduler                      0x08004305   Thumb Code    92  tasks.o(i.vTaskStartScheduler)
    vTaskSuspendAll                          0x08004375   Thumb Code    10  tasks.o(i.vTaskSuspendAll)
    vTaskSwitchContext                       0x08004385   Thumb Code    84  tasks.o(i.vTaskSwitchContext)
    write8                                   0x080043e1   Thumb Code    36  signal_generation.o(i.write8)
    xPortStartScheduler                      0x0800440d   Thumb Code   140  port.o(i.xPortStartScheduler)
    xPortSysTickHandler                      0x080044a9   Thumb Code    38  port.o(i.xPortSysTickHandler)
    xQueueGenericCreate                      0x080044d5   Thumb Code    70  queue.o(i.xQueueGenericCreate)
    xQueueGenericReceive                     0x0800451d   Thumb Code   426  queue.o(i.xQueueGenericReceive)
    xQueueGenericReset                       0x080046cd   Thumb Code   130  queue.o(i.xQueueGenericReset)
    xTaskCheckForTimeOut                     0x08004755   Thumb Code   112  tasks.o(i.xTaskCheckForTimeOut)
    xTaskCreate                              0x080047c9   Thumb Code   342  tasks.o(i.xTaskCreate)
    xTaskGetSchedulerState                   0x08004941   Thumb Code    24  tasks.o(i.xTaskGetSchedulerState)
    xTaskIncrementTick                       0x0800495d   Thumb Code   226  tasks.o(i.xTaskIncrementTick)
    xTaskRemoveFromEventList                 0x08004a49   Thumb Code   104  tasks.o(i.xTaskRemoveFromEventList)
    xTaskResumeAll                           0x08004abd   Thumb Code   214  tasks.o(i.xTaskResumeAll)
    AHBPrescTable                            0x08004ba4   Data          16  system_stm32f1xx.o(.constdata)
    APBPrescTable                            0x08004bb4   Data           8  system_stm32f1xx.o(.constdata)
    Region$$Table$$Base                      0x08004c0c   Number         0  anon$$obj.o(Region$$Table)
    Region$$Table$$Limit                     0x08004c2c   Number         0  anon$$obj.o(Region$$Table)
    device_list                              0x20000000   Data          24  device.o(.data)
    pxCurrentTCB                             0x20000024   Data           4  tasks.o(.data)
    _i2caddr                                 0x20000078   Data           1  signal_generation.o(.data)
    SystemCoreClock                          0x2000007c   Data           4  system_stm32f1xx.o(.data)
    uwTick                                   0x20000080   Data           4  stm32f1xx_hal.o(.data)
    HMR_Protocol_Decode_TaskHandle           0x20000084   Data           4  freertos.o(.data)
    HMR_Action_Ctrl_TaskHandle               0x20000088   Data           4  freertos.o(.data)
    messageId                                0x2000008c   Data           4  usart.o(.data)
    xQueue                                   0x20000090   Data           4  usart.o(.data)
    __stdout                                 0x20000094   Data           4  stdout.o(.data)
    htim4                                    0x20000d88   Data          64  stm32f1xx_hal_timebase_tim.o(.bss)
    xMessage                                 0x20000dc8   Data         710  usart.o(.bss)
    huart1                                   0x20001090   Data          64  usart.o(.bss)
    huart2                                   0x200010d0   Data          64  usart.o(.bss)
    hi2c1                                    0x20001110   Data          84  i2c.o(.bss)
    __initial_sp                             0x20001568   Data           0  startup_stm32f103xb.o(STACK)



==============================================================================

Memory Map of the image

  Image Entry point : 0x080000ed

  Load Region LR_IROM1 (Base: 0x08000000, Size: 0x00005140, Max: 0x00010000, ABSOLUTE)

    Execution Region ER_IROM1 (Base: 0x08000000, Size: 0x000050a8, Max: 0x00010000, ABSOLUTE)

    Base Addr    Size         Type   Attr      Idx    E Section Name        Object

    0x08000000   0x000000ec   Data   RO         1619    RESET               startup_stm32f103xb.o
    0x080000ec   0x00000000   Code   RO         4940  * .ARM.Collect$$$$00000000  mc_w.l(entry.o)
    0x080000ec   0x00000004   Code   RO         5230    .ARM.Collect$$$$00000001  mc_w.l(entry2.o)
    0x080000f0   0x00000004   Code   RO         5233    .ARM.Collect$$$$00000004  mc_w.l(entry5.o)
    0x080000f4   0x00000000   Code   RO         5235    .ARM.Collect$$$$00000008  mc_w.l(entry7b.o)
    0x080000f4   0x00000000   Code   RO         5237    .ARM.Collect$$$$0000000A  mc_w.l(entry8b.o)
    0x080000f4   0x00000008   Code   RO         5238    .ARM.Collect$$$$0000000B  mc_w.l(entry9a.o)
    0x080000fc   0x00000000   Code   RO         5240    .ARM.Collect$$$$0000000D  mc_w.l(entry10a.o)
    0x080000fc   0x00000000   Code   RO         5242    .ARM.Collect$$$$0000000F  mc_w.l(entry11a.o)
    0x080000fc   0x00000004   Code   RO         5231    .ARM.Collect$$$$00002712  mc_w.l(entry2.o)
    0x08000100   0x00000096   Code   RO          306    .emb_text           port.o
    0x08000196   0x00000002   PAD
    0x08000198   0x00000024   Code   RO         1620    .text               startup_stm32f103xb.o
    0x080001bc   0x00000020   Code   RO         4943    .text               mc_w.l(llushr.o)
    0x080001dc   0x00000024   Code   RO         4945    .text               mc_w.l(memcpya.o)
    0x08000200   0x000000b0   Code   RO         5212    .text               mf_w.l(fadd.o)
    0x080002b0   0x0000007c   Code   RO         5214    .text               mf_w.l(fdiv.o)
    0x0800032c   0x00000018   Code   RO         5216    .text               mf_w.l(fscalb.o)
    0x08000344   0x0000014e   Code   RO         5218    .text               mf_w.l(dadd.o)
    0x08000492   0x000000e4   Code   RO         5220    .text               mf_w.l(dmul.o)
    0x08000576   0x00000032   Code   RO         5224    .text               mf_w.l(dfixui.o)
    0x080005a8   0x00000026   Code   RO         5226    .text               mf_w.l(f2d.o)
    0x080005ce   0x00000038   Code   RO         5228    .text               mf_w.l(d2f.o)
    0x08000606   0x0000002c   Code   RO         5245    .text               mc_w.l(uidiv.o)
    0x08000632   0x00000062   Code   RO         5247    .text               mc_w.l(uldiv.o)
    0x08000694   0x0000001e   Code   RO         5249    .text               mc_w.l(llshl.o)
    0x080006b2   0x00000024   Code   RO         5251    .text               mc_w.l(llsshr.o)
    0x080006d6   0x00000000   Code   RO         5253    .text               mc_w.l(iusefp.o)
    0x080006d6   0x0000006e   Code   RO         5254    .text               mf_w.l(fepilogue.o)
    0x08000744   0x000000ba   Code   RO         5256    .text               mf_w.l(depilogue.o)
    0x080007fe   0x000000de   Code   RO         5258    .text               mf_w.l(ddiv.o)
    0x080008dc   0x00000030   Code   RO         5260    .text               mf_w.l(dfixul.o)
    0x0800090c   0x00000030   Code   RO         5262    .text               mf_w.l(cdrcmple.o)
    0x0800093c   0x00000024   Code   RO         5266    .text               mc_w.l(init.o)
    0x08000960   0x00000002   Code   RO         4606    i.BusFault_Handler  stm32f1xx_it.o
    0x08000962   0x00000004   Code   RO         1527    i.DEBUG_USART_close  others.o
    0x08000966   0x00000004   Code   RO         1528    i.DEBUG_USART_ioctl  others.o
    0x0800096a   0x00000004   Code   RO         1529    i.DEBUG_USART_lseek  others.o
    0x0800096e   0x00000002   PAD
    0x08000970   0x00000014   Code   RO         1530    i.DEBUG_USART_open  others.o
    0x08000984   0x00000004   Code   RO         1531    i.DEBUG_USART_read  others.o
    0x08000988   0x00000004   Code   RO         1532    i.DEBUG_USART_write  others.o
    0x0800098c   0x00000020   Code   RO          248    i.DEV_Open          device.o
    0x080009ac   0x00000002   Code   RO         4607    i.DebugMon_Handler  stm32f1xx_it.o
    0x080009ae   0x00000004   Code   RO         1307    i.EX_FLASH_close    ex_flash.o
    0x080009b2   0x00000004   Code   RO         1308    i.EX_FLASH_ioctl    ex_flash.o
    0x080009b6   0x00000004   Code   RO         1309    i.EX_FLASH_lseek    ex_flash.o
    0x080009ba   0x00000004   Code   RO         1310    i.EX_FLASH_open     ex_flash.o
    0x080009be   0x00000004   Code   RO         1311    i.EX_FLASH_read     ex_flash.o
    0x080009c2   0x00000004   Code   RO         1312    i.EX_FLASH_write    ex_flash.o
    0x080009c6   0x00000002   PAD
    0x080009c8   0x0000033c   Code   RO         4280    i.HAL_GPIO_Init     stm32f1xx_hal_gpio.o
    0x08000d04   0x0000006c   Code   RO         4284    i.HAL_GPIO_WritePin  stm32f1xx_hal_gpio.o
    0x08000d70   0x0000000c   Code   RO         2810    i.HAL_GetTick       stm32f1xx_hal.o
    0x08000d7c   0x00000204   Code   RO         1680    i.HAL_I2C_Init      stm32f1xx_hal_i2c.o
    0x08000f80   0x000002a8   Code   RO         1696    i.HAL_I2C_Mem_Read  stm32f1xx_hal_i2c.o
    0x08001228   0x000001ac   Code   RO         1699    i.HAL_I2C_Mem_Write  stm32f1xx_hal_i2c.o
    0x080013d4   0x00000058   Code   RO         4896    i.HAL_I2C_MspInit   i2c.o
    0x0800142c   0x00000010   Code   RO         2812    i.HAL_IncTick       stm32f1xx_hal.o
    0x0800143c   0x00000024   Code   RO         2813    i.HAL_Init          stm32f1xx_hal.o
    0x08001460   0x00000074   Code   RO         4566    i.HAL_InitTick      stm32f1xx_hal_timebase_tim.o
    0x080014d4   0x00000084   Code   RO         4773    i.HAL_MspInit       stm32f1xx_hal_msp.o
    0x08001558   0x00000064   Code   RO         2653    i.HAL_NVIC_EnableIRQ  stm32f1xx_hal_cortex.o
    0x080015bc   0x000000b8   Code   RO         2659    i.HAL_NVIC_SetPriority  stm32f1xx_hal_cortex.o
    0x08001674   0x0000007c   Code   RO         2660    i.HAL_NVIC_SetPriorityGrouping  stm32f1xx_hal_cortex.o
    0x080016f0   0x00000274   Code   RO         2941    i.HAL_RCC_ClockConfig  stm32f1xx_hal_rcc.o
    0x08001964   0x00000094   Code   RO         2945    i.HAL_RCC_GetClockConfig  stm32f1xx_hal_rcc.o
    0x080019f8   0x0000000c   Code   RO         2946    i.HAL_RCC_GetHCLKFreq  stm32f1xx_hal_rcc.o
    0x08001a04   0x00000020   Code   RO         2948    i.HAL_RCC_GetPCLK1Freq  stm32f1xx_hal_rcc.o
    0x08001a24   0x00000020   Code   RO         2949    i.HAL_RCC_GetPCLK2Freq  stm32f1xx_hal_rcc.o
    0x08001a44   0x00000074   Code   RO         2950    i.HAL_RCC_GetSysClockFreq  stm32f1xx_hal_rcc.o
    0x08001ab8   0x00000528   Code   RO         2953    i.HAL_RCC_OscConfig  stm32f1xx_hal_rcc.o
    0x08001fe0   0x00000064   Code   RO         2662    i.HAL_SYSTICK_CLKSourceConfig  stm32f1xx_hal_cortex.o
    0x08002044   0x0000002c   Code   RO         2664    i.HAL_SYSTICK_Config  stm32f1xx_hal_cortex.o
    0x08002070   0x00000002   Code   RO         3906    i.HAL_TIMEx_BreakCallback  stm32f1xx_hal_tim_ex.o
    0x08002072   0x00000002   Code   RO         3907    i.HAL_TIMEx_CommutationCallback  stm32f1xx_hal_tim_ex.o
    0x08002074   0x000000e4   Code   RO         3302    i.HAL_TIM_Base_Init  stm32f1xx_hal_tim.o
    0x08002158   0x00000002   Code   RO         3304    i.HAL_TIM_Base_MspInit  stm32f1xx_hal_tim.o
    0x0800215a   0x00000002   PAD
    0x0800215c   0x00000084   Code   RO         3307    i.HAL_TIM_Base_Start_IT  stm32f1xx_hal_tim.o
    0x080021e0   0x00000002   Code   RO         3331    i.HAL_TIM_IC_CaptureCallback  stm32f1xx_hal_tim.o
    0x080021e2   0x0000016c   Code   RO         3344    i.HAL_TIM_IRQHandler  stm32f1xx_hal_tim.o
    0x0800234e   0x00000002   Code   RO         3347    i.HAL_TIM_OC_DelayElapsedCallback  stm32f1xx_hal_tim.o
    0x08002350   0x00000002   Code   RO         3374    i.HAL_TIM_PWM_PulseFinishedCallback  stm32f1xx_hal_tim.o
    0x08002352   0x00000012   Code   RO         4682    i.HAL_TIM_PeriodElapsedCallback  main.o
    0x08002364   0x00000002   Code   RO         3385    i.HAL_TIM_TriggerCallback  stm32f1xx_hal_tim.o
    0x08002366   0x00000002   PAD
    0x08002368   0x0000011c   Code   RO         2365    i.HAL_UART_Init     stm32f1xx_hal_uart.o
    0x08002484   0x00000098   Code   RO         4828    i.HAL_UART_MspInit  usart.o
    0x0800251c   0x000000c6   Code   RO         2373    i.HAL_UART_Transmit  stm32f1xx_hal_uart.o
    0x080025e2   0x00000002   PAD
    0x080025e4   0x00000028   Code   RO           15    i.HMR_Action_Ctrl   hmr_task.o
    0x0800260c   0x00000050   Code   RO           17    i.HMR_Print         hmr_task.o
    0x0800265c   0x00000002   Code   RO         4608    i.HardFault_Handler  stm32f1xx_it.o
    0x0800265e   0x00000002   PAD
    0x08002660   0x00000110   Code   RO         1719    i.I2C_RequestMemoryRead  stm32f1xx_hal_i2c.o
    0x08002770   0x000000b4   Code   RO         1720    i.I2C_RequestMemoryWrite  stm32f1xx_hal_i2c.o
    0x08002824   0x0000007c   Code   RO         1721    i.I2C_WaitOnBTFFlagUntilTimeout  stm32f1xx_hal_i2c.o
    0x080028a0   0x000000a2   Code   RO         1722    i.I2C_WaitOnFlagUntilTimeout  stm32f1xx_hal_i2c.o
    0x08002942   0x000000b8   Code   RO         1723    i.I2C_WaitOnMasterAddressFlagUntilTimeout  stm32f1xx_hal_i2c.o
    0x080029fa   0x00000072   Code   RO         1724    i.I2C_WaitOnRXNEFlagUntilTimeout  stm32f1xx_hal_i2c.o
    0x08002a6c   0x0000007c   Code   RO         1725    i.I2C_WaitOnTXEFlagUntilTimeout  stm32f1xx_hal_i2c.o
    0x08002ae8   0x00000004   Code   RO         1533    i.IO_CTRL_close     others.o
    0x08002aec   0x00000004   Code   RO         1534    i.IO_CTRL_ioctl     others.o
    0x08002af0   0x00000004   Code   RO         1535    i.IO_CTRL_lseek     others.o
    0x08002af4   0x00000004   Code   RO         1536    i.IO_CTRL_open      others.o
    0x08002af8   0x00000004   Code   RO         1537    i.IO_CTRL_read      others.o
    0x08002afc   0x00000004   Code   RO         1538    i.IO_CTRL_write     others.o
    0x08002b00   0x00000004   Code   RO         1348    i.LED_CTRL_close    led_ctrl.o
    0x08002b04   0x00000004   Code   RO         1349    i.LED_CTRL_ioctl    led_ctrl.o
    0x08002b08   0x00000004   Code   RO         1350    i.LED_CTRL_lseek    led_ctrl.o
    0x08002b0c   0x00000004   Code   RO         1351    i.LED_CTRL_open     led_ctrl.o
    0x08002b10   0x00000004   Code   RO         1352    i.LED_CTRL_read     led_ctrl.o
    0x08002b14   0x00000004   Code   RO         1353    i.LED_CTRL_write    led_ctrl.o
    0x08002b18   0x00000048   Code   RO         4751    i.MX_FREERTOS_Init  freertos.o
    0x08002b60   0x000000e4   Code   RO         4542    i.MX_GPIO_Init      gpio.o
    0x08002c44   0x00000054   Code   RO         4897    i.MX_I2C1_Init      i2c.o
    0x08002c98   0x0000004c   Code   RO         4829    i.MX_USART1_UART_Init  usart.o
    0x08002ce4   0x00000002   Code   RO         4609    i.MemManage_Handler  stm32f1xx_it.o
    0x08002ce6   0x00000002   Code   RO         4610    i.NMI_Handler       stm32f1xx_it.o
    0x08002ce8   0x00000004   Code   RO         1392    i.SIGNAL_GENERATION_close  signal_generation.o
    0x08002cec   0x00000004   Code   RO         1393    i.SIGNAL_GENERATION_ioctl  signal_generation.o
    0x08002cf0   0x00000004   Code   RO         1394    i.SIGNAL_GENERATION_lseek  signal_generation.o
    0x08002cf4   0x00000048   Code   RO         1395    i.SIGNAL_GENERATION_open  signal_generation.o
    0x08002d3c   0x00000004   Code   RO         1396    i.SIGNAL_GENERATION_read  signal_generation.o
    0x08002d40   0x00000004   Code   RO         1397    i.SIGNAL_GENERATION_write  signal_generation.o
    0x08002d44   0x00000044   Code   RO         1398    i.SetPWM            signal_generation.o
    0x08002d88   0x00000124   Code   RO         1399    i.SetPWMFreq        signal_generation.o
    0x08002eac   0x00000004   Code   RO         4611    i.SysTick_Handler   stm32f1xx_it.o
    0x08002eb0   0x0000006e   Code   RO         4683    i.SystemClock_Config  main.o
    0x08002f1e   0x00000002   PAD
    0x08002f20   0x00000048   Code   RO         1628    i.SystemInit        system_stm32f1xx.o
    0x08002f68   0x0000000c   Code   RO         4612    i.TIM4_IRQHandler   stm32f1xx_it.o
    0x08002f74   0x00000078   Code   RO         3386    i.TIM_Base_SetConfig  stm32f1xx_hal_tim.o
    0x08002fec   0x0000024c   Code   RO         2389    i.UART_SetConfig    stm32f1xx_hal_uart.o
    0x08003238   0x00000074   Code   RO         2390    i.UART_WaitOnFlagUntilTimeout  stm32f1xx_hal_uart.o
    0x080032ac   0x00000002   Code   RO         4613    i.UsageFault_Handler  stm32f1xx_it.o
    0x080032ae   0x00000004   Code   RO         1483    i.WIFI_close        wifi.o
    0x080032b2   0x00000004   Code   RO         1484    i.WIFI_ioctl        wifi.o
    0x080032b6   0x00000004   Code   RO         1485    i.WIFI_lseek        wifi.o
    0x080032ba   0x00000004   Code   RO         1486    i.WIFI_open         wifi.o
    0x080032be   0x00000004   Code   RO         1487    i.WIFI_read         wifi.o
    0x080032c2   0x00000004   Code   RO         1488    i.WIFI_write        wifi.o
    0x080032c6   0x00000002   Code   RO         4684    i._Error_Handler    main.o
    0x080032c8   0x00000020   Code   RO         5184    i.__0printf         mc_w.l(printfa.o)
    0x080032e8   0x0000000e   Code   RO         5270    i.__scatterload_copy  mc_w.l(handlers.o)
    0x080032f6   0x00000002   Code   RO         5271    i.__scatterload_null  mc_w.l(handlers.o)
    0x080032f8   0x0000000e   Code   RO         5272    i.__scatterload_zeroinit  mc_w.l(handlers.o)
    0x08003306   0x00000002   PAD
    0x08003308   0x00000164   Code   RO         5191    i._fp_digits        mc_w.l(printfa.o)
    0x0800346c   0x000006dc   Code   RO         5192    i._printf_core      mc_w.l(printfa.o)
    0x08003b48   0x00000024   Code   RO         5193    i._printf_post_padding  mc_w.l(printfa.o)
    0x08003b6c   0x0000002e   Code   RO         5194    i._printf_pre_padding  mc_w.l(printfa.o)
    0x08003b9a   0x00000002   Code   RO         4685    i.assert_failed     main.o
    0x08003b9c   0x000000dc   Code   RO         4935    i.floor             m_ws.l(floor.o)
    0x08003c78   0x00000018   Code   RO         4831    i.fputc             usart.o
    0x08003c90   0x0000002c   Code   RO         4686    i.main              main.o
    0x08003cbc   0x00000010   Code   RO          951    i.osDelay           cmsis_os.o
    0x08003ccc   0x0000000a   Code   RO          954    i.osKernelStart     cmsis_os.o
    0x08003cd6   0x00000014   Code   RO          987    i.osSystickHandler  cmsis_os.o
    0x08003cea   0x00000030   Code   RO          988    i.osThreadCreate    cmsis_os.o
    0x08003d1a   0x00000002   PAD
    0x08003d1c   0x00000074   Code   RO          602    i.prvAddCurrentTaskToDelayedList  tasks.o
    0x08003d90   0x0000007c   Code   RO          603    i.prvIdleTask       tasks.o
    0x08003e0c   0x00000060   Code   RO          892    i.prvInsertBlockIntoFreeList  heap_4.o
    0x08003e6c   0x0000002c   Code   RO          307    i.prvTaskExitError  port.o
    0x08003e98   0x0000006c   Code   RO          385    i.prvUnlockQueue    queue.o
    0x08003f04   0x0000012c   Code   RO          893    i.pvPortMalloc      heap_4.o
    0x08004030   0x00000018   Code   RO          604    i.pvTaskIncrementMutexHeldCount  tasks.o
    0x08004048   0x00000024   Code   RO          308    i.pxPortInitialiseStack  port.o
    0x0800406c   0x00000024   Code   RO          856    i.uxListRemove      list.o
    0x08004090   0x00000016   Code   RO          857    i.vListInitialise   list.o
    0x080040a6   0x00000006   Code   RO          858    i.vListInitialiseItem  list.o
    0x080040ac   0x00000036   Code   RO          859    i.vListInsert       list.o
    0x080040e2   0x00000018   Code   RO          860    i.vListInsertEnd    list.o
    0x080040fa   0x00000002   PAD
    0x080040fc   0x00000040   Code   RO          310    i.vPortEnterCritical  port.o
    0x0800413c   0x0000002c   Code   RO          311    i.vPortExitCritical  port.o
    0x08004168   0x00000060   Code   RO          894    i.vPortFree         heap_4.o
    0x080041c8   0x0000004c   Code   RO          610    i.vTaskDelay        tasks.o
    0x08004214   0x0000000c   Code   RO          614    i.vTaskMissedYield  tasks.o
    0x08004220   0x00000034   Code   RO          616    i.vTaskPlaceOnEventList  tasks.o
    0x08004254   0x0000008c   Code   RO          618    i.vTaskPriorityInherit  tasks.o
    0x080042e0   0x00000024   Code   RO          621    i.vTaskSetTimeOutState  tasks.o
    0x08004304   0x00000070   Code   RO          622    i.vTaskStartScheduler  tasks.o
    0x08004374   0x00000010   Code   RO          624    i.vTaskSuspendAll   tasks.o
    0x08004384   0x0000005c   Code   RO          625    i.vTaskSwitchContext  tasks.o
    0x080043e0   0x0000002c   Code   RO         1403    i.write8            signal_generation.o
    0x0800440c   0x0000009c   Code   RO          314    i.xPortStartScheduler  port.o
    0x080044a8   0x0000002c   Code   RO          315    i.xPortSysTickHandler  port.o
    0x080044d4   0x00000046   Code   RO          393    i.xQueueGenericCreate  queue.o
    0x0800451a   0x00000002   PAD
    0x0800451c   0x000001b0   Code   RO          394    i.xQueueGenericReceive  queue.o
    0x080046cc   0x00000088   Code   RO          395    i.xQueueGenericReset  queue.o
    0x08004754   0x00000074   Code   RO          626    i.xTaskCheckForTimeOut  tasks.o
    0x080047c8   0x00000178   Code   RO          627    i.xTaskCreate       tasks.o
    0x08004940   0x0000001c   Code   RO          631    i.xTaskGetSchedulerState  tasks.o
    0x0800495c   0x000000ec   Code   RO          634    i.xTaskIncrementTick  tasks.o
    0x08004a48   0x00000074   Code   RO          638    i.xTaskRemoveFromEventList  tasks.o
    0x08004abc   0x000000e8   Code   RO          640    i.xTaskResumeAll    tasks.o
    0x08004ba4   0x00000010   Data   RO         1629    .constdata          system_stm32f1xx.o
    0x08004bb4   0x00000008   Data   RO         1630    .constdata          system_stm32f1xx.o
    0x08004bbc   0x00000028   Data   RO         4752    .constdata          freertos.o
    0x08004be4   0x00000027   Data   RO         4753    .conststring        freertos.o
    0x08004c0b   0x00000001   PAD
    0x08004c0c   0x00000020   Data   RO         5268    Region$$Table       anon$$obj.o
    0x08004c2c   0x000003d4   PAD
    0x08005000   0x0000001c   Data   RW         1313    .ARM.__AT_0x08005000  ex_flash.o
    0x0800501c   0x0000001c   Data   RW         1354    .ARM.__AT_0x0800501C  led_ctrl.o
    0x08005038   0x0000001c   Data   RW         1404    .ARM.__AT_0x08005038  signal_generation.o
    0x08005054   0x0000001c   Data   RW         1489    .ARM.__AT_0x08005054  wifi.o
    0x08005070   0x0000001c   Data   RW         1539    .ARM.__AT_0x08005070  others.o
    0x0800508c   0x0000001c   Data   RW         1540    .ARM.__AT_0x0800508C  others.o


    Execution Region RW_IRAM1 (Base: 0x20000000, Size: 0x00001568, Max: 0x00005000, ABSOLUTE)

    Base Addr    Size         Type   Attr      Idx    E Section Name        Object

    0x20000000   0x00000018   Data   RW          252    .data               device.o
    0x20000018   0x0000000c   Data   RW          316    .data               port.o
    0x20000024   0x0000003c   Data   RW          643    .data               tasks.o
    0x20000060   0x00000018   Data   RW          899    .data               heap_4.o
    0x20000078   0x00000001   Data   RW         1405    .data               signal_generation.o
    0x20000079   0x00000003   PAD
    0x2000007c   0x00000004   Data   RW         1631    .data               system_stm32f1xx.o
    0x20000080   0x00000004   Data   RW         2819    .data               stm32f1xx_hal.o
    0x20000084   0x00000008   Data   RW         4755    .data               freertos.o
    0x2000008c   0x00000008   Data   RW         4834    .data               usart.o
    0x20000094   0x00000004   Data   RW         5244    .data               mc_w.l(stdout.o)
    0x20000098   0x000000f0   Zero   RW          642    .bss                tasks.o
    0x20000188   0x00000c00   Zero   RW          898    .bss                heap_4.o
    0x20000d88   0x00000040   Zero   RW         4569    .bss                stm32f1xx_hal_timebase_tim.o
    0x20000dc8   0x00000348   Zero   RW         4833    .bss                usart.o
    0x20001110   0x00000054   Zero   RW         4898    .bss                i2c.o
    0x20001164   0x00000004   PAD
    0x20001168   0x00000400   Zero   RW         1617    STACK               startup_stm32f103xb.o


==============================================================================

Image component sizes


      Code (inc. data)   RO Data    RW Data    ZI Data      Debug   Object Name

        94          0          0          0          0      12960   cmsis_os.o
        32          4          0         24          0       3693   device.o
        24          0          0         28          0       3212   ex_flash.o
        72         10         79          8          0       1420   freertos.o
       228         18          0          0          0        955   gpio.o
       492         30          0         24       3072       6899   heap_4.o
         0          0          0          0          0       1444   hmr_protocol_analysis.o
       120         36          0          0          0     456308   hmr_task.o
       172         40          0          0         84       1585   i2c.o
        24          0          0         28          0       3208   led_ctrl.o
       142          0          0          0          0       3370   list.o
       176          4          0          0          0       3027   main.o
        64          4          0         56          0       9416   others.o
       538         60          0         12          0       9696   port.o
       746         12          0          0          0      16654   queue.o
       496        142          0         29          0       5646   signal_generation.o
        36          8        236          0       1024        760   startup_stm32f103xb.o
        64         16          0          4          0       2456   stm32f1xx_hal.o
       552        258          0          0          0      26025   stm32f1xx_hal_cortex.o
       936        158          0          0          0       2984   stm32f1xx_hal_gpio.o
      2784        216          0          0          0      13462   stm32f1xx_hal_i2c.o
       132         10          0          0          0        826   stm32f1xx_hal_msp.o
      2288        278          0          0          0       6779   stm32f1xx_hal_rcc.o
       854        128          0          0          0       7166   stm32f1xx_hal_tim.o
         4          0          0          0          0       1574   stm32f1xx_hal_tim_ex.o
       116         16          0          0         64       1368   stm32f1xx_hal_timebase_tim.o
      1186        142          0          0          0       4044   stm32f1xx_hal_uart.o
        28          6          0          0          0       3293   stm32f1xx_it.o
        72         12         24          4          0       1127   system_stm32f1xx.o
      1904        178          0         60        240      18521   tasks.o
       252         36          0          8        840       4195   usart.o
        24          0          0         28          0       3112   wifi.o

    ----------------------------------------------------------------------
     14674       1822        372       1296       5328     637185   Object Totals
         0          0         32          0          0          0   (incl. Generated)
        22          0          1        983          4          0   (incl. Padding)

    ----------------------------------------------------------------------

      Code (inc. data)   RO Data    RW Data    ZI Data      Debug   Library Member Name

       220         16          0          0          0         84   floor.o
         0          0          0          0          0          0   entry.o
         0          0          0          0          0          0   entry10a.o
         0          0          0          0          0          0   entry11a.o
         8          4          0          0          0          0   entry2.o
         4          0          0          0          0          0   entry5.o
         0          0          0          0          0          0   entry7b.o
         0          0          0          0          0          0   entry8b.o
         8          4          0          0          0          0   entry9a.o
        30          0          0          0          0          0   handlers.o
        36          8          0          0          0         68   init.o
         0          0          0          0          0          0   iusefp.o
        30          0          0          0          0         68   llshl.o
        36          0          0          0          0         68   llsshr.o
        32          0          0          0          0         68   llushr.o
        36          0          0          0          0         68   memcpya.o
      2226         90          0          0          0        444   printfa.o
         0          0          0          4          0          0   stdout.o
        44          0          0          0          0         80   uidiv.o
        98          0          0          0          0         92   uldiv.o
        48          0          0          0          0         68   cdrcmple.o
        56          0          0          0          0         88   d2f.o
       334          0          0          0          0        148   dadd.o
       222          0          0          0          0        100   ddiv.o
       186          0          0          0          0        176   depilogue.o
        50          0          0          0          0         76   dfixui.o
        48          0          0          0          0         68   dfixul.o
       228          0          0          0          0         96   dmul.o
        38          0          0          0          0         68   f2d.o
       176          0          0          0          0        140   fadd.o
       124          0          0          0          0         88   fdiv.o
       110          0          0          0          0        168   fepilogue.o
        24          0          0          0          0         68   fscalb.o

    ----------------------------------------------------------------------
      4454        122          0          4          0       2392   Library Totals
         2          0          0          0          0          0   (incl. Padding)

    ----------------------------------------------------------------------

      Code (inc. data)   RO Data    RW Data    ZI Data      Debug   Library Name

       220         16          0          0          0         84   m_ws.l
      2588        106          0          4          0        956   mc_w.l
      1644          0          0          0          0       1352   mf_w.l

    ----------------------------------------------------------------------
      4454        122          0          4          0       2392   Library Totals

    ----------------------------------------------------------------------

==============================================================================


      Code (inc. data)   RO Data    RW Data    ZI Data      Debug   

     19128       1944        372       1300       5328     630993   Grand Totals
     19128       1944        372       1300       5328     630993   ELF Image Totals
     19128       1944        372       1300          0          0   ROM Totals

==============================================================================

    Total RO  Size (Code + RO Data)                19500 (  19.04kB)
    Total RW  Size (RW Data + ZI Data)              6628 (   6.47kB)
    Total ROM Size (Code + RO Data + RW Data)      20800 (  20.31kB)

==============================================================================

