Component: ARM Compiler 5.06 update 1 (build 61) Tool: armlink [4d35a8]

==============================================================================

Section Cross References

    hmr_task.o(i.HMR_Action_Ctrl) refers to queue.o(i.xQueueGenericCreate) for xQueueGenericCreate
    hmr_task.o(i.HMR_Action_Ctrl) refers to usart.o(i.taskPrintf) for taskPrintf
    hmr_task.o(i.HMR_Action_Ctrl) refers to cmsis_os.o(i.osDelay) for osDelay
    hmr_task.o(i.HMR_Action_Ctrl) refers to usart.o(.data) for xQueue
    hmr_task.o(i.HMR_Dispatch) refers to cmsis_os.o(i.osDelay) for osDelay
    hmr_task.o(i.HMR_Print) refers to queue.o(i.xQueueGenericReceive) for xQueueGenericReceive
    hmr_task.o(i.HMR_Print) refers to printfa.o(i.__0printf) for __2printf
    hmr_task.o(i.HMR_Print) refers to cmsis_os.o(i.osDelay) for osDelay
    hmr_task.o(i.HMR_Print) refers to usart.o(.data) for xQueue
    hmr_task.o(i.HMR_Protocol_Decode) refers to cmsis_os.o(i.osDelay) for osDelay
    device.o(i.DEV_Close) refers to device.o(.data) for .data
    device.o(i.DEV_Lseek) refers to device.o(.data) for .data
    device.o(i.DEV_Open) refers to device.o(.data) for .data
    device.o(i.DEV_Read) refers to device.o(.data) for .data
    device.o(i.DEV_Write) refers to device.o(.data) for .data
    device.o(i.ioctl) refers to device.o(.data) for .data
    port.o(.emb_text) refers to tasks.o(i.vTaskSwitchContext) for vTaskSwitchContext
    port.o(.emb_text) refers to tasks.o(.data) for pxCurrentTCB
    port.o(i.prvTaskExitError) refers to port.o(.data) for .data
    port.o(i.pxPortInitialiseStack) refers to port.o(i.prvTaskExitError) for prvTaskExitError
    port.o(i.vPortEndScheduler) refers to port.o(.data) for .data
    port.o(i.vPortEnterCritical) refers to port.o(.data) for .data
    port.o(i.vPortExitCritical) refers to port.o(.data) for .data
    port.o(i.vPortSetupTimerInterrupt) refers to system_stm32f1xx.o(.data) for SystemCoreClock
    port.o(i.vPortValidateInterruptPriority) refers to port.o(.emb_text) for vPortGetIPSR
    port.o(i.vPortValidateInterruptPriority) refers to port.o(.data) for .data
    port.o(i.xPortStartScheduler) refers to port.o(.emb_text) for __asm___6_port_c_39a90d8d__prvStartFirstTask
    port.o(i.xPortStartScheduler) refers to port.o(.data) for .data
    port.o(i.xPortStartScheduler) refers to system_stm32f1xx.o(.data) for SystemCoreClock
    port.o(i.xPortSysTickHandler) refers to tasks.o(i.xTaskIncrementTick) for xTaskIncrementTick
    queue.o(i.pcQueueGetName) refers to queue.o(.bss) for .bss
    queue.o(i.prvCopyDataToQueue) refers to memcpya.o(.text) for __aeabi_memcpy
    queue.o(i.prvCopyDataToQueue) refers to tasks.o(i.xTaskPriorityDisinherit) for xTaskPriorityDisinherit
    queue.o(i.prvUnlockQueue) refers to port.o(i.vPortEnterCritical) for vPortEnterCritical
    queue.o(i.prvUnlockQueue) refers to tasks.o(i.xTaskRemoveFromEventList) for xTaskRemoveFromEventList
    queue.o(i.prvUnlockQueue) refers to tasks.o(i.vTaskMissedYield) for vTaskMissedYield
    queue.o(i.prvUnlockQueue) refers to port.o(i.vPortExitCritical) for vPortExitCritical
    queue.o(i.uxQueueMessagesWaiting) refers to port.o(i.vPortEnterCritical) for vPortEnterCritical
    queue.o(i.uxQueueMessagesWaiting) refers to port.o(i.vPortExitCritical) for vPortExitCritical
    queue.o(i.uxQueueSpacesAvailable) refers to port.o(i.vPortEnterCritical) for vPortEnterCritical
    queue.o(i.uxQueueSpacesAvailable) refers to port.o(i.vPortExitCritical) for vPortExitCritical
    queue.o(i.vQueueAddToRegistry) refers to queue.o(.bss) for .bss
    queue.o(i.vQueueDelete) refers to heap_4.o(i.vPortFree) for vPortFree
    queue.o(i.vQueueDelete) refers to queue.o(.bss) for .bss
    queue.o(i.vQueueUnregisterQueue) refers to queue.o(.bss) for .bss
    queue.o(i.xQueueCreateMutex) refers to heap_4.o(i.pvPortMalloc) for pvPortMalloc
    queue.o(i.xQueueCreateMutex) refers to queue.o(i.xQueueGenericReset) for xQueueGenericReset
    queue.o(i.xQueueCreateMutex) refers to queue.o(i.xQueueGenericSend) for xQueueGenericSend
    queue.o(i.xQueueGenericCreate) refers to heap_4.o(i.pvPortMalloc) for pvPortMalloc
    queue.o(i.xQueueGenericCreate) refers to queue.o(i.xQueueGenericReset) for xQueueGenericReset
    queue.o(i.xQueueGenericReceive) refers to tasks.o(i.xTaskGetSchedulerState) for xTaskGetSchedulerState
    queue.o(i.xQueueGenericReceive) refers to port.o(i.vPortEnterCritical) for vPortEnterCritical
    queue.o(i.xQueueGenericReceive) refers to memcpya.o(.text) for __aeabi_memcpy
    queue.o(i.xQueueGenericReceive) refers to tasks.o(i.xTaskRemoveFromEventList) for xTaskRemoveFromEventList
    queue.o(i.xQueueGenericReceive) refers to port.o(i.vPortExitCritical) for vPortExitCritical
    queue.o(i.xQueueGenericReceive) refers to tasks.o(i.pvTaskIncrementMutexHeldCount) for pvTaskIncrementMutexHeldCount
    queue.o(i.xQueueGenericReceive) refers to tasks.o(i.vTaskSetTimeOutState) for vTaskSetTimeOutState
[...]

    ..//Src/system_stm32f1xx.c               0x00000000   Number         0  system_stm32f1xx.o ABSOLUTE
    ../Drivers/STM32F1xx_HAL_Driver/Src/stm32f1xx_hal.c 0x00000000   Number         0  stm32f1xx_hal.o ABSOLUTE
    ../Drivers/STM32F1xx_HAL_Driver/Src/stm32f1xx_hal_cortex.c 0x00000000   Number         0  stm32f1xx_hal_cortex.o ABSOLUTE
    ../Drivers/STM32F1xx_HAL_Driver/Src/stm32f1xx_hal_dma.c 0x00000000   Number         0  stm32f1xx_hal_dma.o ABSOLUTE
    ../Drivers/STM32F1xx_HAL_Driver/Src/stm32f1xx_hal_flash.c 0x00000000   Number         0  stm32f1xx_hal_flash.o ABSOLUTE
    ../Drivers/STM32F1xx_HAL_Driver/Src/stm32f1xx_hal_flash_ex.c 0x00000000   Number         0  stm32f1xx_hal_flash_ex.o ABSOLUTE
    ../Drivers/STM32F1xx_HAL_Driver/Src/stm32f1xx_hal_gpio.c 0x00000000   Number         0  stm32f1xx_hal_gpio.o ABSOLUTE
    ../Drivers/STM32F1xx_HAL_Driver/Src/stm32f1xx_hal_gpio_ex.c 0x00000000   Number         0  stm32f1xx_hal_gpio_ex.o ABSOLUTE
    ../Drivers/STM32F1xx_HAL_Driver/Src/stm32f1xx_hal_i2c.c 0x00000000   Number         0  stm32f1xx_hal_i2c.o ABSOLUTE
    ../Drivers/STM32F1xx_HAL_Driver/Src/stm32f1xx_hal_iwdg.c 0x00000000   Number         0  stm32f1xx_hal_iwdg.o ABSOLUTE
    ../Drivers/STM32F1xx_HAL_Driver/Src/stm32f1xx_hal_pwr.c 0x00000000   Number         0  stm32f1xx_hal_pwr.o ABSOLUTE
    ../Drivers/STM32F1xx_HAL_Driver/Src/stm32f1xx_hal_rcc.c 0x00000000   Number         0  stm32f1xx_hal_rcc.o ABSOLUTE
    ../Drivers/STM32F1xx_HAL_Driver/Src/stm32f1xx_hal_rcc_ex.c 0x00000000   Number         0  stm32f1xx_hal_rcc_ex.o ABSOLUTE
    ../Drivers/STM32F1xx_HAL_Driver/Src/stm32f1xx_hal_spi.c 0x00000000   Number         0  stm32f1xx_hal_spi.o ABSOLUTE
    ../Drivers/STM32F1xx_HAL_Driver/Src/stm32f1xx_hal_spi_ex.c 0x00000000   Number         0  stm32f1xx_hal_spi_ex.o ABSOLUTE
    ../Drivers/STM32F1xx_HAL_Driver/Src/stm32f1xx_hal_tim.c 0x00000000   Number         0  stm32f1xx_hal_tim.o ABSOLUTE
    ../Drivers/STM32F1xx_HAL_Driver/Src/stm32f1xx_hal_tim_ex.c 0x00000000   Number         0  stm32f1xx_hal_tim_ex.o ABSOLUTE
    ../Drivers/STM32F1xx_HAL_Driver/Src/stm32f1xx_hal_uart.c 0x00000000   Number         0  stm32f1xx_hal_uart.o ABSOLUTE
    ../Drivers/STM32F1xx_HAL_Driver/Src/stm32f1xx_hal_wwdg.c 0x00000000   Number         0  stm32f1xx_hal_wwdg.o ABSOLUTE
    ../Middlewares/Third_Party/FreeRTOS/Source/CMSIS_RTOS/cmsis_os.c 0x00000000   Number         0  cmsis_os.o ABSOLUTE
    ../Middlewares/Third_Party/FreeRTOS/Source/croutine.c 0x00000000   Number         0  croutine.o ABSOLUTE
    ../Middlewares/Third_Party/FreeRTOS/Source/event_groups.c 0x00000000   Number         0  event_groups.o ABSOLUTE
    ../Middlewares/Third_Party/FreeRTOS/Source/list.c 0x00000000   Number         0  list.o ABSOLUTE
    ../Middlewares/Third_Party/FreeRTOS/Source/portable/MemMang/heap_4.c 0x00000000   Number         0  heap_4.o ABSOLUTE
    ../Middlewares/Third_Party/FreeRTOS/Source/portable/RVDS/ARM_CM3/port.c 0x00000000   Number         0  port.o ABSOLUTE
    ../Middlewares/Third_Party/FreeRTOS/Source/queue.c 0x00000000   Number         0  queue.o ABSOLUTE
    ../Middlewares/Third_Party/FreeRTOS/Source/tasks.c 0x00000000   Number         0  tasks.o ABSOLUTE
    ../Middlewares/Third_Party/FreeRTOS/Source/timers.c 0x00000000   Number         0  timers.o ABSOLUTE
    ../Src/freertos.c                        0x00000000   Number         0  freertos.o ABSOLUTE
    ../Src/gpio.c                            0x00000000   Number         0  gpio.o ABSOLUTE
    ../Src/i2c.c                             0x00000000   Number         0  i2c.o ABSOLUTE
    ../Src/iwdg.c                            0x00000000   Number         0  iwdg.o ABSOLUTE
    ../Src/main.c                            0x00000000   Number         0  main.o ABSOLUTE
    ../Src/spi.c                             0x00000000   Number         0  spi.o ABSOLUTE
    ../Src/stm32f1xx_hal_msp.c               0x00000000   Number         0  stm32f1xx_hal_msp.o ABSOLUTE
    ../Src/stm32f1xx_hal_timebase_TIM.c      0x00000000   Number         0  stm32f1xx_hal_timebase_tim.o ABSOLUTE
    ../Src/stm32f1xx_it.c                    0x00000000   Number         0  stm32f1xx_it.o ABSOLUTE
    ../Src/usart.c                           0x00000000   Number         0  usart.o ABSOLUTE
    ../Src/wwdg.c                            0x00000000   Number         0  wwdg.o ABSOLUTE
    ../clib/microlib/division.c              0x00000000   Number         0  uidiv.o ABSOLUTE
    ../clib/microlib/division.c              0x00000000   Number         0  uldiv.o ABSOLUTE
    ../clib/microlib/init/entry.s            0x00000000   Number         0  entry8a.o ABSOLUTE
    ../clib/microlib/init/entry.s            0x00000000   Number         0  entry9a.o ABSOLUTE
    ../clib/microlib/init/entry.s            0x00000000   Number         0  entry.o ABSOLUTE
    ../clib/microlib/init/entry.s            0x00000000   Number         0  entry2.o ABSOLUTE
    ../clib/microlib/init/entry.s            0x00000000   Number         0  entry5.o ABSOLUTE
    ../clib/microlib/init/entry.s            0x00000000   Number         0  entry7b.o ABSOLUTE
    ../clib/microlib/init/entry.s            0x00000000   Number         0  entry7a.o ABSOLUTE
    ../clib/microlib/init/entry.s            0x00000000   Number         0  entry11b.o ABSOLUTE
    ../clib/microlib/init/entry.s            0x00000000   Number         0  entry11a.o ABSOLUTE
    ../clib/microlib/init/entry.s            0x00000000   Number         0  entry10b.o ABSOLUTE
    ../clib/microlib/init/entry.s            0x00000000   Number         0  entry10a.o ABSOLUTE
    ../clib/microlib/init/entry.s            0x00000000   Number         0  entry9b.o ABSOLUTE
    ../clib/microlib/init/entry.s            0x00000000   Number         0  entry8b.o ABSOLUTE
    ../clib/microlib/longlong.c              0x00000000   Number         0  llshl.o ABSOLUTE
    ../clib/microlib/longlong.c              0x00000000   Number         0  llushr.o ABSOLUTE
    ../clib/microlib/longlong.c              0x00000000   Number         0  llsshr.o ABSOLUTE
    ../clib/microlib/printf/printf.c         0x00000000   Number         0  printf2.o ABSOLUTE
    ../clib/microlib/printf/printf.c         0x00000000   Number         0  printfa.o ABSOLUTE
    ../clib/microlib/printf/printf.c         0x00000000   Number         0  printf8.o ABSOLUTE
    ../clib/microlib/printf/printf.c         0x00000000   Number         0  printf7.o ABSOLUTE
    ../clib/microlib/printf/printf.c         0x00000000   Number         0  printf6.o ABSOLUTE
    ../clib/microlib/printf/printf.c         0x00000000   Number         0  printf5.o ABSOLUTE
    ../clib/microlib/printf/printf.c         0x00000000   Number         0  printf4.o ABSOLUTE
    ../clib/microlib/printf/printf.c         0x00000000   Number         0  printf3.o ABSOLUTE
    ../clib/microlib/printf/printf.c         0x00000000   Number         0  printf1.o ABSOLUTE
    ../clib/microlib/printf/printf.c         0x00000000   Number         0  printf0.o ABSOLUTE
    ../clib/microlib/printf/printf.c         0x00000000   Number         0  printfb.o ABSOLUTE
    ../clib/microlib/printf/stubs.s          0x00000000   Number         0  stubs.o ABSOLUTE
    ../clib/microlib/stdio/streams.c         0x00000000   Number         0  stdout.o ABSOLUTE
    ../clib/microlib/string/memcpy.c         0x00000000   Number         0  memcpyb.o ABSOLUTE
    ../clib/microlib/string/memcpy.c         0x00000000   Number         0  memcpya.o ABSOLUTE
    ../clib/microlib/string/strcpy.c         0x00000000   Number         0  strcpy.o ABSOLUTE
    ../clib/microlib/stubs.s                 0x00000000   Number         0  iusefp.o ABSOLUTE
    ../fplib/microlib/fpadd.c                0x00000000   Number         0  dadd.o ABSOLUTE
    ../fplib/microlib/fpdiv.c                0x00000000   Number         0  ddiv.o ABSOLUTE
    ../fplib/microlib/fpepilogue.c           0x00000000   Number         0  depilogue.o ABSOLUTE
    ../fplib/microlib/fpfix.c                0x00000000   Number         0  dfixul.o ABSOLUTE
    ../fplib/microlib/fpmul.c                0x00000000   Number         0  dmul.o ABSOLUTE
    ..\APP\HMR_Action_Ctrl.c                 0x00000000   Number         0  hmr_action_ctrl.o ABSOLUTE
    ..\APP\HMR_Protocol_Analysis.c           0x00000000   Number         0  hmr_protocol_analysis.o ABSOLUTE
    ..\APP\HMR_Protocol_Code_Decode.c        0x00000000   Number         0  hmr_protocol_code_decode.o ABSOLUTE
    ..\APP\HMR_Task.c                        0x00000000   Number         0  hmr_task.o ABSOLUTE
    ..\BSP\Ex_Flash.c                        0x00000000   Number         0  ex_flash.o ABSOLUTE
    ..\BSP\Led_Ctrl.c                        0x00000000   Number         0  led_ctrl.o ABSOLUTE
    ..\BSP\Others.c                          0x00000000   Number         0  others.o ABSOLUTE
    ..\BSP\Signal_Generation.c               0x00000000   Number         0  signal_generation.o ABSOLUTE
    ..\BSP\Wifi.c                            0x00000000   Number         0  wifi.o ABSOLUTE
    ..\DEBUG\Debug.c                         0x00000000   Number         0  debug.o ABSOLUTE
    ..\Drivers\STM32F1xx_HAL_Driver\Src\stm32f1xx_hal.c 0x00000000   Number         0  stm32f1xx_hal.o ABSOLUTE
    ..\Drivers\STM32F1xx_HAL_Driver\Src\stm32f1xx_hal_cortex.c 0x00000000   Number         0  stm32f1xx_hal_cortex.o ABSOLUTE
    ..\Drivers\STM32F1xx_HAL_Driver\Src\stm32f1xx_hal_dma.c 0x00000000   Number         0  stm32f1xx_hal_dma.o ABSOLUTE
    ..\Drivers\STM32F1xx_HAL_Driver\Src\stm32f1xx_hal_flash.c 0x00000000   Number         0  stm32f1xx_hal_flash.o ABSOLUTE
    ..\Drivers\STM32F1xx_HAL_Driver\Src\stm32f1xx_hal_flash_ex.c 0x00000000   Number         0  stm32f1xx_hal_flash_ex.o ABSOLUTE
    ..\Drivers\STM32F1xx_HAL_Driver\Src\stm32f1xx_hal_gpio.c 0x00000000   Number         0  stm32f1xx_hal_gpio.o ABSOLUTE
    ..\Drivers\STM32F1xx_HAL_Driver\Src\stm32f1xx_hal_gpio_ex.c 0x00000000   Number         0  stm32f1xx_hal_gpio_ex.o ABSOLUTE
    ..\Drivers\STM32F1xx_HAL_Driver\Src\stm32f1xx_hal_i2c.c 0x00000000   Number         0  stm32f1xx_hal_i2c.o ABSOLUTE
    ..\Drivers\STM32F1xx_HAL_Driver\Src\stm32f1xx_hal_iwdg.c 0x00000000   Number         0  stm32f1xx_hal_iwdg.o ABSOLUTE
    ..\Drivers\STM32F1xx_HAL_Driver\Src\stm32f1xx_hal_pwr.c 0x00000000   Number         0  stm32f1xx_hal_pwr.o ABSOLUTE
    ..\Drivers\STM32F1xx_HAL_Driver\Src\stm32f1xx_hal_rcc.c 0x00000000   Number         0  stm32f1xx_hal_rcc.o ABSOLUTE
    ..\Drivers\STM32F1xx_HAL_Driver\Src\stm32f1xx_hal_rcc_ex.c 0x00000000   Number         0  stm32f1xx_hal_rcc_ex.o ABSOLUTE
    ..\Drivers\STM32F1xx_HAL_Driver\Src\stm32f1xx_hal_spi.c 0x00000000   Number         0  stm32f1xx_hal_spi.o ABSOLUTE
    ..\Drivers\STM32F1xx_HAL_Driver\Src\stm32f1xx_hal_spi_ex.c 0x00000000   Number         0  stm32f1xx_hal_spi_ex.o ABSOLUTE
    ..\Drivers\STM32F1xx_HAL_Driver\Src\stm32f1xx_hal_tim.c 0x00000000   Number         0  stm32f1xx_hal_tim.o ABSOLUTE
    ..\Drivers\STM32F1xx_HAL_Driver\Src\stm32f1xx_hal_tim_ex.c 0x00000000   Number         0  stm32f1xx_hal_tim_ex.o ABSOLUTE
    ..\Drivers\STM32F1xx_HAL_Driver\Src\stm32f1xx_hal_uart.c 0x00000000   Number         0  stm32f1xx_hal_uart.o ABSOLUTE
    ..\Drivers\STM32F1xx_HAL_Driver\Src\stm32f1xx_hal_wwdg.c 0x00000000   Number         0  stm32f1xx_hal_wwdg.o ABSOLUTE
    ..\Middlewares\DataStruct.c              0x00000000   Number         0  datastruct.o ABSOLUTE
    ..\Middlewares\Device.c                  0x00000000   Number         0  device.o ABSOLUTE
    ..\Middlewares\Third_Party\FreeRTOS\Source\CMSIS_RTOS\cmsis_os.c 0x00000000   Number         0  cmsis_os.o ABSOLUTE
    ..\Middlewares\Third_Party\FreeRTOS\Source\portable\RVDS\ARM_CM3\port.c 0x00000000   Number         0  port.o ABSOLUTE
    ..\Src\gpio.c                            0x00000000   Number         0  gpio.o ABSOLUTE
    ..\Src\i2c.c                             0x00000000   Number         0  i2c.o ABSOLUTE
    ..\Src\iwdg.c                            0x00000000   Number         0  iwdg.o ABSOLUTE
    ..\Src\main.c                            0x00000000   Number         0  main.o ABSOLUTE
    ..\Src\spi.c                             0x00000000   Number         0  spi.o ABSOLUTE
    ..\Src\stm32f1xx_hal_msp.c               0x00000000   Number         0  stm32f1xx_hal_msp.o ABSOLUTE
    ..\Src\stm32f1xx_hal_timebase_TIM.c      0x00000000   Number         0  stm32f1xx_hal_timebase_tim.o ABSOLUTE
    ..\Src\stm32f1xx_it.c                    0x00000000   Number         0  stm32f1xx_it.o ABSOLUTE
    ..\Src\usart.c                           0x00000000   Number         0  usart.o ABSOLUTE
    ..\Src\wwdg.c                            0x00000000   Number         0  wwdg.o ABSOLUTE
    ..\\APP\\HMR_Task.c                      0x00000000   Number         0  hmr_task.o ABSOLUTE
    ..\\BSP\\Others.c                        0x00000000   Number         0  others.o ABSOLUTE
    ..\\BSP\\Signal_Generation.c             0x00000000   Number         0  signal_generation.o ABSOLUTE
    ..\\Src\system_stm32f1xx.c               0x00000000   Number         0  system_stm32f1xx.o ABSOLUTE
    cdrcmple.s                               0x00000000   Number         0  cdrcmple.o ABSOLUTE
    dc.s                                     0x00000000   Number         0  dc.o ABSOLUTE
    handlers.s                               0x00000000   Number         0  handlers.o ABSOLUTE
    init.s                                   0x00000000   Number         0  init.o ABSOLUTE
    startup_stm32f103xb.s                    0x00000000   Number         0  startup_stm32f103xb.o ABSOLUTE
    RESET                                    0x08000000   Section      236  startup_stm32f103xb.o(RESET)
    .ARM.Collect$$$$00000000                 0x080000ec   Section        0  entry.o(.ARM.Collect$$$$00000000)
    .ARM.Collect$$$$00000001                 0x080000ec   Section        4  entry2.o(.ARM.Collect$$$$00000001)
    .ARM.Collect$$$$00000004                 0x080000f0   Section        4  entry5.o(.ARM.Collect$$$$00000004)
    .ARM.Collect$$$$00000008                 0x080000f4   Section        0  entry7b.o(.ARM.Collect$$$$00000008)
    .ARM.Collect$$$$0000000A                 0x080000f4   Section        0  entry8b.o(.ARM.Collect$$$$0000000A)
    .ARM.Collect$$$$0000000B                 0x080000f4   Section        8  entry9a.o(.ARM.Collect$$$$0000000B)
    .ARM.Collect$$$$0000000D                 0x080000fc   Section        0  entry10a.o(.ARM.Collect$$$$0000000D)
    .ARM.Collect$$$$0000000F                 0x080000fc   Section        0  entry11a.o(.ARM.Collect$$$$0000000F)
    .ARM.Collect$$$$00002712                 0x080000fc   Section        4  entry2.o(.ARM.Collect$$$$00002712)
    __lit__00000000                          0x080000fc   Data           4  entry2.o(.ARM.Collect$$$$00002712)
    .emb_text                                0x08000100   Section      150  port.o(.emb_text)
    .text                                    0x08000198   Section       36  startup_stm32f103xb.o(.text)
    .text                                    0x080001bc   Section        0  llushr.o(.text)
    .text                                    0x080001dc   Section        0  memcpya.o(.text)
    .text                                    0x08000200   Section        0  strcpy.o(.text)
    .text                                    0x08000212   Section        0  uidiv.o(.text)
    .text                                    0x0800023e   Section        0  uldiv.o(.text)
    .text                                    0x080002a0   Section        0  dadd.o(.text)
    .text                                    0x080002a0   Section        0  iusefp.o(.text)
    .text                                    0x080003ee   Section        0  dmul.o(.text)
    .text                                    0x080004d2   Section        0  ddiv.o(.text)
    .text                                    0x080005b0   Section        0  dfixul.o(.text)
    .text                                    0x080005e0   Section       48  cdrcmple.o(.text)
    .text                                    0x08000610   Section       36  init.o(.text)
    .text                                    0x08000634   Section        0  llshl.o(.text)
    .text                                    0x08000652   Section        0  llsshr.o(.text)
    .text                                    0x08000676   Section        0  depilogue.o(.text)
    i.BusFault_Handler                       0x08000730   Section        0  stm32f1xx_it.o(i.BusFault_Handler)
    i.DEBUG_USART_close                      0x08000732   Section        0  others.o(i.DEBUG_USART_close)
    DEBUG_USART_close                        0x08000733   Thumb Code     4  others.o(i.DEBUG_USART_close)
    i.DEBUG_USART_ioctl                      0x08000736   Section        0  others.o(i.DEBUG_USART_ioctl)
    DEBUG_USART_ioctl                        0x08000737   Thumb Code     4  others.o(i.DEBUG_USART_ioctl)
    i.DEBUG_USART_lseek                      0x0800073a   Section        0  others.o(i.DEBUG_USART_lseek)
    DEBUG_USART_lseek                        0x0800073b   Thumb Code     4  others.o(i.DEBUG_USART_lseek)
    i.DEBUG_USART_open                       0x08000740   Section        0  others.o(i.DEBUG_USART_open)
    DEBUG_USART_open                         0x08000741   Thumb Code    16  others.o(i.DEBUG_USART_open)
    i.DEBUG_USART_read                       0x08000754   Section        0  others.o(i.DEBUG_USART_read)
    DEBUG_USART_read                         0x08000755   Thumb Code     4  others.o(i.DEBUG_USART_read)
    i.DEBUG_USART_write                      0x08000758   Section        0  others.o(i.DEBUG_USART_write)
    DEBUG_USART_write                        0x08000759   Thumb Code     4  others.o(i.DEBUG_USART_write)
    i.DEV_Open                               0x0800075c   Section        0  device.o(i.DEV_Open)
    i.DebugMon_Handler                       0x0800077c   Section        0  stm32f1xx_it.o(i.DebugMon_Handler)
    i.EX_FLASH_close                         0x0800077e   Section        0  ex_flash.o(i.EX_FLASH_close)
    EX_FLASH_close                           0x0800077f   Thumb Code     4  ex_flash.o(i.EX_FLASH_close)
    i.EX_FLASH_ioctl                         0x08000782   Section        0  ex_flash.o(i.EX_FLASH_ioctl)
    EX_FLASH_ioctl                           0x08000783   Thumb Code     4  ex_flash.o(i.EX_FLASH_ioctl)
    i.EX_FLASH_lseek                         0x08000786   Section        0  ex_flash.o(i.EX_FLASH_lseek)
    EX_FLASH_lseek                           0x08000787   Thumb Code     4  ex_flash.o(i.EX_FLASH_lseek)
    i.EX_FLASH_open                          0x0800078a   Section        0  ex_flash.o(i.EX_FLASH_open)
    EX_FLASH_open                            0x0800078b   Thumb Code     4  ex_flash.o(i.EX_FLASH_open)
    i.EX_FLASH_read                          0x0800078e   Section        0  ex_flash.o(i.EX_FLASH_read)
    EX_FLASH_read                            0x0800078f   Thumb Code     4  ex_flash.o(i.EX_FLASH_read)
    i.EX_FLASH_write                         0x08000792   Section        0  ex_flash.o(i.EX_FLASH_write)
    EX_FLASH_write                           0x08000793   Thumb Code     4  ex_flash.o(i.EX_FLASH_write)
    i.HAL_GPIO_Init                          0x08000798   Section        0  stm32f1xx_hal_gpio.o(i.HAL_GPIO_Init)
    i.HAL_GPIO_WritePin                      0x08000ad4   Section        0  stm32f1xx_hal_gpio.o(i.HAL_GPIO_WritePin)
    i.HAL_GetTick                            0x08000b40   Section        0  stm32f1xx_hal.o(i.HAL_GetTick)
    i.HAL_IncTick                            0x08000b4c   Section        0  stm32f1xx_hal.o(i.HAL_IncTick)
    i.HAL_Init                               0x08000b5c   Section        0  stm32f1xx_hal.o(i.HAL_Init)
    i.HAL_InitTick                           0x08000b80   Section        0  stm32f1xx_hal_timebase_tim.o(i.HAL_InitTick)
    i.HAL_MspInit                            0x08000bf4   Section        0  stm32f1xx_hal_msp.o(i.HAL_MspInit)
    i.HAL_NVIC_EnableIRQ                     0x08000c78   Section        0  stm32f1xx_hal_cortex.o(i.HAL_NVIC_EnableIRQ)
    i.HAL_NVIC_SetPriority                   0x08000cdc   Section        0  stm32f1xx_hal_cortex.o(i.HAL_NVIC_SetPriority)
    i.HAL_NVIC_SetPriorityGrouping           0x08000d94   Section        0  stm32f1xx_hal_cortex.o(i.HAL_NVIC_SetPriorityGrouping)
    i.HAL_RCC_ClockConfig                    0x08000e10   Section        0  stm32f1xx_hal_rcc.o(i.HAL_RCC_ClockConfig)
    i.HAL_RCC_GetClockConfig                 0x08001084   Section        0  stm32f1xx_hal_rcc.o(i.HAL_RCC_GetClockConfig)
    i.HAL_RCC_GetHCLKFreq                    0x08001118   Section        0  stm32f1xx_hal_rcc.o(i.HAL_RCC_GetHCLKFreq)
    i.HAL_RCC_GetPCLK1Freq                   0x08001124   Section        0  stm32f1xx_hal_rcc.o(i.HAL_RCC_GetPCLK1Freq)
    i.HAL_RCC_GetPCLK2Freq                   0x08001144   Section        0  stm32f1xx_hal_rcc.o(i.HAL_RCC_GetPCLK2Freq)
    i.HAL_RCC_GetSysClockFreq                0x08001164   Section        0  stm32f1xx_hal_rcc.o(i.HAL_RCC_GetSysClockFreq)
    i.HAL_RCC_OscConfig                      0x080011d8   Section        0  stm32f1xx_hal_rcc.o(i.HAL_RCC_OscConfig)
    i.HAL_SYSTICK_CLKSourceConfig            0x08001700   Section        0  stm32f1xx_hal_cortex.o(i.HAL_SYSTICK_CLKSourceConfig)
    i.HAL_SYSTICK_Config                     0x08001764   Section        0  stm32f1xx_hal_cortex.o(i.HAL_SYSTICK_Config)
    i.HAL_TIMEx_BreakCallback                0x08001790   Section        0  stm32f1xx_hal_tim_ex.o(i.HAL_TIMEx_BreakCallback)
    i.HAL_TIMEx_CommutationCallback          0x08001792   Section        0  stm32f1xx_hal_tim_ex.o(i.HAL_TIMEx_CommutationCallback)
    i.HAL_TIM_Base_Init                      0x08001794   Section        0  stm32f1xx_hal_tim.o(i.HAL_TIM_Base_Init)
    i.HAL_TIM_Base_MspInit                   0x08001878   Section        0  stm32f1xx_hal_tim.o(i.HAL_TIM_Base_MspInit)
    i.HAL_TIM_Base_Start_IT                  0x0800187c   Section        0  stm32f1xx_hal_tim.o(i.HAL_TIM_Base_Start_IT)
    i.HAL_TIM_IC_CaptureCallback             0x08001900   Section        0  stm32f1xx_hal_tim.o(i.HAL_TIM_IC_CaptureCallback)
    i.HAL_TIM_IRQHandler                     0x08001902   Section        0  stm32f1xx_hal_tim.o(i.HAL_TIM_IRQHandler)
    i.HAL_TIM_OC_DelayElapsedCallback        0x08001a6e   Section        0  stm32f1xx_hal_tim.o(i.HAL_TIM_OC_DelayElapsedCallback)
    i.HAL_TIM_PWM_PulseFinishedCallback      0x08001a70   Section        0  stm32f1xx_hal_tim.o(i.HAL_TIM_PWM_PulseFinishedCallback)
    i.HAL_TIM_PeriodElapsedCallback          0x08001a72   Section        0  main.o(i.HAL_TIM_PeriodElapsedCallback)
    i.HAL_TIM_TriggerCallback                0x08001a84   Section        0  stm32f1xx_hal_tim.o(i.HAL_TIM_TriggerCallback)
    i.HAL_UART_Init                          0x08001a88   Section        0  stm32f1xx_hal_uart.o(i.HAL_UART_Init)
    i.HAL_UART_MspInit                       0x08001ba4   Section        0  usart.o(i.HAL_UART_MspInit)
    i.HAL_UART_Transmit                      0x08001c3c   Section        0  stm32f1xx_hal_uart.o(i.HAL_UART_Transmit)
    i.HMR_Action_Ctrl                        0x08001d04   Section        0  hmr_task.o(i.HMR_Action_Ctrl)
    i.HMR_Print                              0x08001d70   Section        0  hmr_task.o(i.HMR_Print)
    i.HardFault_Handler                      0x08001dc0   Section        0  stm32f1xx_it.o(i.HardFault_Handler)
    i.IO_CTRL_close                          0x08001dc2   Section        0  others.o(i.IO_CTRL_close)
    IO_CTRL_close                            0x08001dc3   Thumb Code     4  others.o(i.IO_CTRL_close)
    i.IO_CTRL_ioctl                          0x08001dc6   Section        0  others.o(i.IO_CTRL_ioctl)
    IO_CTRL_ioctl                            0x08001dc7   Thumb Code     4  others.o(i.IO_CTRL_ioctl)
    i.IO_CTRL_lseek                          0x08001dca   Section        0  others.o(i.IO_CTRL_lseek)
    IO_CTRL_lseek                            0x08001dcb   Thumb Code     4  others.o(i.IO_CTRL_lseek)
    i.IO_CTRL_open                           0x08001dce   Section        0  others.o(i.IO_CTRL_open)
    IO_CTRL_open                             0x08001dcf   Thumb Code     4  others.o(i.IO_CTRL_open)
    i.IO_CTRL_read                           0x08001dd2   Section        0  others.o(i.IO_CTRL_read)
    IO_CTRL_read                             0x08001dd3   Thumb Code     4  others.o(i.IO_CTRL_read)
    i.IO_CTRL_write                          0x08001dd6   Section        0  others.o(i.IO_CTRL_write)
    IO_CTRL_write                            0x08001dd7   Thumb Code     4  others.o(i.IO_CTRL_write)
    i.LED_CTRL_close                         0x08001dda   Section        0  led_ctrl.o(i.LED_CTRL_close)
    LED_CTRL_close                           0x08001ddb   Thumb Code     4  led_ctrl.o(i.LED_CTRL_close)
    i.LED_CTRL_ioctl                         0x08001dde   Section        0  led_ctrl.o(i.LED_CTRL_ioctl)
    LED_CTRL_ioctl                           0x08001ddf   Thumb Code     4  led_ctrl.o(i.LED_CTRL_ioctl)
    i.LED_CTRL_lseek                         0x08001de2   Section        0  led_ctrl.o(i.LED_CTRL_lseek)
    LED_CTRL_lseek                           0x08001de3   Thumb Code     4  led_ctrl.o(i.LED_CTRL_lseek)
    i.LED_CTRL_open                          0x08001de6   Section        0  led_ctrl.o(i.LED_CTRL_open)
    LED_CTRL_open                            0x08001de7   Thumb Code     4  led_ctrl.o(i.LED_CTRL_open)
    i.LED_CTRL_read                          0x08001dea   Section        0  led_ctrl.o(i.LED_CTRL_read)
    LED_CTRL_read                            0x08001deb   Thumb Code     4  led_ctrl.o(i.LED_CTRL_read)
    i.LED_CTRL_write                         0x08001dee   Section        0  led_ctrl.o(i.LED_CTRL_write)
    LED_CTRL_write                           0x08001def   Thumb Code     4  led_ctrl.o(i.LED_CTRL_write)
    i.MX_FREERTOS_Init                       0x08001df4   Section        0  freertos.o(i.MX_FREERTOS_Init)
    i.MX_GPIO_Init                           0x08001e3c   Section        0  gpio.o(i.MX_GPIO_Init)
    i.MX_USART1_UART_Init                    0x08001f20   Section        0  usart.o(i.MX_USART1_UART_Init)
    i.MemManage_Handler                      0x08001f6c   Section        0  stm32f1xx_it.o(i.MemManage_Handler)
    i.NMI_Handler                            0x08001f6e   Section        0  stm32f1xx_it.o(i.NMI_Handler)
    i.SIGNAL_GENERATION_close                0x08001f70   Section        0  signal_generation.o(i.SIGNAL_GENERATION_close)
    SIGNAL_GENERATION_close                  0x08001f71   Thumb Code     4  signal_generation.o(i.SIGNAL_GENERATION_close)
    i.SIGNAL_GENERATION_ioctl                0x08001f74   Section        0  signal_generation.o(i.SIGNAL_GENERATION_ioctl)
    SIGNAL_GENERATION_ioctl                  0x08001f75   Thumb Code     4  signal_generation.o(i.SIGNAL_GENERATION_ioctl)
    i.SIGNAL_GENERATION_lseek                0x08001f78   Section        0  signal_generation.o(i.SIGNAL_GENERATION_lseek)
    SIGNAL_GENERATION_lseek                  0x08001f79   Thumb Code     4  signal_generation.o(i.SIGNAL_GENERATION_lseek)
    i.SIGNAL_GENERATION_open                 0x08001f7c   Section        0  signal_generation.o(i.SIGNAL_GENERATION_open)
    SIGNAL_GENERATION_open                   0x08001f7d   Thumb Code     4  signal_generation.o(i.SIGNAL_GENERATION_open)
    i.SIGNAL_GENERATION_read                 0x08001f80   Section        0  signal_generation.o(i.SIGNAL_GENERATION_read)
    SIGNAL_GENERATION_read                   0x08001f81   Thumb Code     4  signal_generation.o(i.SIGNAL_GENERATION_read)
    i.SIGNAL_GENERATION_write                0x08001f84   Section        0  signal_generation.o(i.SIGNAL_GENERATION_write)
    SIGNAL_GENERATION_write                  0x08001f85   Thumb Code     4  signal_generation.o(i.SIGNAL_GENERATION_write)
    i.SysTick_Handler                        0x08001f88   Section        0  stm32f1xx_it.o(i.SysTick_Handler)
    i.SystemClock_Config                     0x08001f8c   Section        0  main.o(i.SystemClock_Config)
    i.SystemInit                             0x08001ffc   Section        0  system_stm32f1xx.o(i.SystemInit)
    i.TIM4_IRQHandler                        0x08002044   Section        0  stm32f1xx_it.o(i.TIM4_IRQHandler)
    i.TIM_Base_SetConfig                     0x08002050   Section        0  stm32f1xx_hal_tim.o(i.TIM_Base_SetConfig)
    i.UART_SetConfig                         0x080020c8   Section        0  stm32f1xx_hal_uart.o(i.UART_SetConfig)
    UART_SetConfig                           0x080020c9   Thumb Code   520  stm32f1xx_hal_uart.o(i.UART_SetConfig)
    i.UART_WaitOnFlagUntilTimeout            0x08002314   Section        0  stm32f1xx_hal_uart.o(i.UART_WaitOnFlagUntilTimeout)
    UART_WaitOnFlagUntilTimeout              0x08002315   Thumb Code   116  stm32f1xx_hal_uart.o(i.UART_WaitOnFlagUntilTimeout)
    i.UsageFault_Handler                     0x08002388   Section        0  stm32f1xx_it.o(i.UsageFault_Handler)
    i.WIFI_close                             0x0800238a   Section        0  wifi.o(i.WIFI_close)
    WIFI_close                               0x0800238b   Thumb Code     4  wifi.o(i.WIFI_close)
    i.WIFI_ioctl                             0x0800238e   Section        0  wifi.o(i.WIFI_ioctl)
    WIFI_ioctl                               0x0800238f   Thumb Code     4  wifi.o(i.WIFI_ioctl)
    i.WIFI_lseek                             0x08002392   Section        0  wifi.o(i.WIFI_lseek)
    WIFI_lseek                               0x08002393   Thumb Code     4  wifi.o(i.WIFI_lseek)
    i.WIFI_open                              0x08002396   Section        0  wifi.o(i.WIFI_open)
    WIFI_open                                0x08002397   Thumb Code     4  wifi.o(i.WIFI_open)
    i.WIFI_read                              0x0800239a   Section        0  wifi.o(i.WIFI_read)
    WIFI_read                                0x0800239b   Thumb Code     4  wifi.o(i.WIFI_read)
    i.WIFI_write                             0x0800239e   Section        0  wifi.o(i.WIFI_write)
    WIFI_write                               0x0800239f   Thumb Code     4  wifi.o(i.WIFI_write)
    i._Error_Handler                         0x080023a2   Section        0  main.o(i._Error_Handler)
    i.__0printf                              0x080023a4   Section        0  printfa.o(i.__0printf)
    i.__0vsnprintf                           0x080023c4   Section        0  printfa.o(i.__0vsnprintf)
    i.__scatterload_copy                     0x080023e8   Section       14  handlers.o(i.__scatterload_copy)
    i.__scatterload_null                     0x080023f6   Section        2  handlers.o(i.__scatterload_null)
    i.__scatterload_zeroinit                 0x080023f8   Section       14  handlers.o(i.__scatterload_zeroinit)
    i._fp_digits                             0x08002408   Section        0  printfa.o(i._fp_digits)
    _fp_digits                               0x08002409   Thumb Code   334  printfa.o(i._fp_digits)
    i._printf_core                           0x0800256c   Section        0  printfa.o(i._printf_core)
    _printf_core                             0x0800256d   Thumb Code  1744  printfa.o(i._printf_core)
    i._printf_post_padding                   0x08002c48   Section        0  printfa.o(i._printf_post_padding)
    _printf_post_padding                     0x08002c49   Thumb Code    36  printfa.o(i._printf_post_padding)
    i._printf_pre_padding                    0x08002c6c   Section        0  printfa.o(i._printf_pre_padding)
    _printf_pre_padding                      0x08002c6d   Thumb Code    46  printfa.o(i._printf_pre_padding)
    i._snputc                                0x08002c9a   Section        0  printfa.o(i._snputc)
    _snputc                                  0x08002c9b   Thumb Code    22  printfa.o(i._snputc)
    i.assert_failed                          0x08002cb0   Section        0  main.o(i.assert_failed)
    i.fputc                                  0x08002cb4   Section        0  usart.o(i.fputc)
    i.main                                   0x08002ccc   Section        0  main.o(i.main)
    i.osDelay                                0x08002ce8   Section        0  cmsis_os.o(i.osDelay)
    i.osKernelStart                          0x08002cf8   Section        0  cmsis_os.o(i.osKernelStart)
    i.osSystickHandler                       0x08002d02   Section        0  cmsis_os.o(i.osSystickHandler)
    i.osThreadCreate                         0x08002d16   Section        0  cmsis_os.o(i.osThreadCreate)
    i.prvAddCurrentTaskToDelayedList         0x08002d48   Section        0  tasks.o(i.prvAddCurrentTaskToDelayedList)
    prvAddCurrentTaskToDelayedList           0x08002d49   Thumb Code   108  tasks.o(i.prvAddCurrentTaskToDelayedList)
    i.prvIdleTask                            0x08002dbc   Section        0  tasks.o(i.prvIdleTask)
    prvIdleTask                              0x08002dbd   Thumb Code   110  tasks.o(i.prvIdleTask)
    i.prvInsertBlockIntoFreeList             0x08002e38   Section        0  heap_4.o(i.prvInsertBlockIntoFreeList)
    prvInsertBlockIntoFreeList               0x08002e39   Thumb Code    86  heap_4.o(i.prvInsertBlockIntoFreeList)
    i.prvTaskExitError                       0x08002e98   Section        0  port.o(i.prvTaskExitError)
    prvTaskExitError                         0x08002e99   Thumb Code    38  port.o(i.prvTaskExitError)
    i.prvUnlockQueue                         0x08002ec4   Section        0  queue.o(i.prvUnlockQueue)
    prvUnlockQueue                           0x08002ec5   Thumb Code   108  queue.o(i.prvUnlockQueue)
    i.pvPortMalloc                           0x08002f30   Section        0  heap_4.o(i.pvPortMalloc)
    i.pvTaskIncrementMutexHeldCount          0x0800305c   Section        0  tasks.o(i.pvTaskIncrementMutexHeldCount)
    i.pxPortInitialiseStack                  0x08003074   Section        0  port.o(i.pxPortInitialiseStack)
    i.taskPrintf                             0x08003098   Section        0  usart.o(i.taskPrintf)
    i.uxListRemove                           0x080030f8   Section        0  list.o(i.uxListRemove)
    i.vListInitialise                        0x0800311c   Section        0  list.o(i.vListInitialise)
    i.vListInitialiseItem                    0x08003132   Section        0  list.o(i.vListInitialiseItem)
    i.vListInsert                            0x08003138   Section        0  list.o(i.vListInsert)
    i.vListInsertEnd                         0x0800316e   Section        0  list.o(i.vListInsertEnd)
    i.vPortEnterCritical                     0x08003188   Section        0  port.o(i.vPortEnterCritical)
    i.vPortExitCritical                      0x080031c8   Section        0  port.o(i.vPortExitCritical)
    i.vPortFree                              0x080031f4   Section        0  heap_4.o(i.vPortFree)
    i.vTaskDelay                             0x08003254   Section        0  tasks.o(i.vTaskDelay)
    i.vTaskMissedYield                       0x080032a0   Section        0  tasks.o(i.vTaskMissedYield)
    i.vTaskPlaceOnEventList                  0x080032ac   Section        0  tasks.o(i.vTaskPlaceOnEventList)
    i.vTaskPriorityInherit                   0x080032e0   Section        0  tasks.o(i.vTaskPriorityInherit)
    i.vTaskSetTimeOutState                   0x0800336c   Section        0  tasks.o(i.vTaskSetTimeOutState)
    i.vTaskStartScheduler                    0x08003390   Section        0  tasks.o(i.vTaskStartScheduler)
    i.vTaskSuspendAll                        0x08003400   Section        0  tasks.o(i.vTaskSuspendAll)
    i.vTaskSwitchContext                     0x08003410   Section        0  tasks.o(i.vTaskSwitchContext)
    i.xPortStartScheduler                    0x0800346c   Section        0  port.o(i.xPortStartScheduler)
    i.xPortSysTickHandler                    0x08003508   Section        0  port.o(i.xPortSysTickHandler)
    i.xQueueGenericCreate                    0x08003534   Section        0  queue.o(i.xQueueGenericCreate)
    i.xQueueGenericReceive                   0x0800357c   Section        0  queue.o(i.xQueueGenericReceive)
    i.xQueueGenericReset                     0x0800372c   Section        0  queue.o(i.xQueueGenericReset)
    i.xQueueGenericSend                      0x080037b4   Section        0  queue.o(i.xQueueGenericSend)
    i.xTaskCheckForTimeOut                   0x08003988   Section        0  tasks.o(i.xTaskCheckForTimeOut)
    i.xTaskCreate                            0x080039fc   Section        0  tasks.o(i.xTaskCreate)
    i.xTaskGetSchedulerState                 0x08003b74   Section        0  tasks.o(i.xTaskGetSchedulerState)
    i.xTaskIncrementTick                     0x08003b90   Section        0  tasks.o(i.xTaskIncrementTick)
    i.xTaskPriorityDisinherit                0x08003c7c   Section        0  tasks.o(i.xTaskPriorityDisinherit)
    i.xTaskRemoveFromEventList               0x08003d18   Section        0  tasks.o(i.xTaskRemoveFromEventList)
    i.xTaskResumeAll                         0x08003d8c   Section        0  tasks.o(i.xTaskResumeAll)
    .constdata                               0x08003e74   Section       16  system_stm32f1xx.o(.constdata)
    .constdata                               0x08003e84   Section        8  system_stm32f1xx.o(.constdata)
    .constdata                               0x08003e8c   Section       40  freertos.o(.constdata)
    .conststring                             0x08003eb4   Section       39  freertos.o(.conststring)
    .ARM.__AT_0x08005000                     0x08005000   Section       28  ex_flash.o(.ARM.__AT_0x08005000)
    EX_FLASH                                 0x08005000   Data          28  ex_flash.o(.ARM.__AT_0x08005000)
    .ARM.__AT_0x0800501C                     0x0800501c   Section       28  led_ctrl.o(.ARM.__AT_0x0800501C)
    LED_CTRL                                 0x0800501c   Data          28  led_ctrl.o(.ARM.__AT_0x0800501C)
    .ARM.__AT_0x08005038                     0x08005038   Section       28  signal_generation.o(.ARM.__AT_0x08005038)
    SIGNAL_GENERATION                        0x08005038   Data          28  signal_generation.o(.ARM.__AT_0x08005038)
    .ARM.__AT_0x08005054                     0x08005054   Section       28  wifi.o(.ARM.__AT_0x08005054)
    WIFI                                     0x08005054   Data          28  wifi.o(.ARM.__AT_0x08005054)
    .ARM.__AT_0x08005070                     0x08005070   Section       28  others.o(.ARM.__AT_0x08005070)
    DEBUG_USART                              0x08005070   Data          28  others.o(.ARM.__AT_0x08005070)
    .ARM.__AT_0x0800508C                     0x0800508c   Section       28  others.o(.ARM.__AT_0x0800508C)
    IO_CTRL                                  0x0800508c   Data          28  others.o(.ARM.__AT_0x0800508C)
    .data                                    0x20000000   Section       24  device.o(.data)
    .data                                    0x20000018   Section       12  port.o(.data)
    ucMaxSysCallPriority                     0x20000018   Data           1  port.o(.data)
    uxCriticalNesting                        0x2000001c   Data           4  port.o(.data)
    ulMaxPRIGROUPValue                       0x20000020   Data           4  port.o(.data)
    .data                                    0x20000024   Section       60  tasks.o(.data)
    uxDeletedTasksWaitingCleanUp             0x20000028   Data           4  tasks.o(.data)
    uxCurrentNumberOfTasks                   0x2000002c   Data           4  tasks.o(.data)
    xTickCount                               0x20000030   Data           4  tasks.o(.data)
    uxTopReadyPriority                       0x20000034   Data           4  tasks.o(.data)
    xSchedulerRunning                        0x20000038   Data           4  tasks.o(.data)
    uxPendedTicks                            0x2000003c   Data           4  tasks.o(.data)
    xYieldPending                            0x20000040   Data           4  tasks.o(.data)
    xNumOfOverflows                          0x20000044   Data           4  tasks.o(.data)
    uxTaskNumber                             0x20000048   Data           4  tasks.o(.data)
    xNextTaskUnblockTime                     0x2000004c   Data           4  tasks.o(.data)
    xIdleTaskHandle                          0x20000050   Data           4  tasks.o(.data)
    uxSchedulerSuspended                     0x20000054   Data           4  tasks.o(.data)
    pxDelayedTaskList                        0x20000058   Data           4  tasks.o(.data)
    pxOverflowDelayedTaskList                0x2000005c   Data           4  tasks.o(.data)
    .data                                    0x20000060   Section       24  heap_4.o(.data)
    pxEnd                                    0x20000060   Data           4  heap_4.o(.data)
    xFreeBytesRemaining                      0x20000064   Data           4  heap_4.o(.data)
    xMinimumEverFreeBytesRemaining           0x20000068   Data           4  heap_4.o(.data)
    xBlockAllocatedBit                       0x2000006c   Data           4  heap_4.o(.data)
    xStart                                   0x20000070   Data           8  heap_4.o(.data)
    .data                                    0x20000078   Section        4  system_stm32f1xx.o(.data)
    .data                                    0x2000007c   Section        4  stm32f1xx_hal.o(.data)
    .data                                    0x20000080   Section        8  freertos.o(.data)
    .data                                    0x20000088   Section        8  usart.o(.data)
    .data                                    0x20000090   Section        4  stdout.o(.data)
    .bss                                     0x20000094   Section      240  tasks.o(.bss)
    pxReadyTasksLists                        0x20000094   Data         140  tasks.o(.bss)
    xDelayedTaskList1                        0x20000120   Data          20  tasks.o(.bss)
    xDelayedTaskList2                        0x20000134   Data          20  tasks.o(.bss)
    xPendingReadyList                        0x20000148   Data          20  tasks.o(.bss)
    xTasksWaitingTermination                 0x2000015c   Data          20  tasks.o(.bss)
    xSuspendedTaskList                       0x20000170   Data          20  tasks.o(.bss)
    .bss                                     0x20000184   Section     3072  heap_4.o(.bss)
    ucHeap                                   0x20000184   Data        3072  heap_4.o(.bss)
    .bss                                     0x20000d84   Section       64  stm32f1xx_hal_timebase_tim.o(.bss)
    .bss                                     0x20000dc4   Section      840  usart.o(.bss)
    STACK                                    0x20001110   Section     1024  startup_stm32f103xb.o(STACK)

    Global Symbols

    Symbol Name                              Value     Ov Type        Size  Object(Section)

    BuildAttributes$$THM_ISAv4$P$D$K$B$S$PE$A:L22UL41UL21$X:L11$S22US41US21$IEEE1$IW$USESV6$~STKCKD$USESV7$~SHL$OTIME$ROPI$EBA8$MICROLIB$REQ8$PRES8$EABIv2 0x00000000   Number         0  anon$$obj.o ABSOLUTE
    __ARM_use_no_argv                        0x00000000   Number         0  main.o ABSOLUTE
    _printf_a                                0x00000000   Number         0  stubs.o ABSOLUTE
    _printf_c                                0x00000000   Number         0  stubs.o ABSOLUTE
    _printf_charcount                        0x00000000   Number         0  stubs.o ABSOLUTE
    _printf_d                                0x00000000   Number         0  stubs.o ABSOLUTE
    _printf_e                                0x00000000   Number         0  stubs.o ABSOLUTE
    _printf_f                                0x00000000   Number         0  stubs.o ABSOLUTE
    _printf_flags                            0x00000000   Number         0  stubs.o ABSOLUTE
    _printf_fp_dec                           0x00000000   Number         0  stubs.o ABSOLUTE
    _printf_fp_hex                           0x00000000   Number         0  stubs.o ABSOLUTE
    _printf_g                                0x00000000   Number         0  stubs.o ABSOLUTE
    _printf_i                                0x00000000   Number         0  stubs.o ABSOLUTE
    _printf_int_dec                          0x00000000   Number         0  stubs.o ABSOLUTE
    _printf_l                                0x00000000   Number         0  stubs.o ABSOLUTE
    _printf_lc                               0x00000000   Number         0  stubs.o ABSOLUTE
    _printf_ll                               0x00000000   Number         0  stubs.o ABSOLUTE
    _printf_lld                              0x00000000   Number         0  stubs.o ABSOLUTE
    _printf_lli                              0x00000000   Number         0  stubs.o ABSOLUTE
    _printf_llo                              0x00000000   Number         0  stubs.o ABSOLUTE
    _printf_llu                              0x00000000   Number         0  stubs.o ABSOLUTE
    _printf_llx                              0x00000000   Number         0  stubs.o ABSOLUTE
    _printf_longlong_dec                     0x00000000   Number         0  stubs.o ABSOLUTE
    _printf_longlong_hex                     0x00000000   Number         0  stubs.o ABSOLUTE
    _printf_longlong_oct                     0x00000000   Number         0  stubs.o ABSOLUTE
    _printf_ls                               0x00000000   Number         0  stubs.o ABSOLUTE
    _printf_mbtowc                           0x00000000   Number         0  stubs.o ABSOLUTE
    _printf_n                                0x00000000   Number         0  stubs.o ABSOLUTE
    _printf_o                                0x00000000   Number         0  stubs.o ABSOLUTE
    _printf_p                                0x00000000   Number         0  stubs.o ABSOLUTE
    _printf_percent                          0x00000000   Number         0  stubs.o ABSOLUTE
    _printf_pre_padding                      0x00000000   Number         0  stubs.o ABSOLUTE
    _printf_return_value                     0x00000000   Number         0  stubs.o ABSOLUTE
    _printf_s                                0x00000000   Number         0  stubs.o ABSOLUTE
    _printf_sizespec                         0x00000000   Number         0  stubs.o ABSOLUTE
    _printf_str                              0x00000000   Number         0  stubs.o ABSOLUTE
    _printf_truncate_signed                  0x00000000   Number         0  stubs.o ABSOLUTE
    _printf_truncate_unsigned                0x00000000   Number         0  stubs.o ABSOLUTE
    _printf_u                                0x00000000   Number         0  stubs.o ABSOLUTE
    _printf_wc                               0x00000000   Number         0  stubs.o ABSOLUTE
    _printf_wctomb                           0x00000000   Number         0  stubs.o ABSOLUTE
    _printf_widthprec                        0x00000000   Number         0  stubs.o ABSOLUTE
    _printf_x                                0x00000000   Number         0  stubs.o ABSOLUTE
    __cpp_initialize__aeabi_                  - Undefined Weak Reference
    __cxa_finalize                            - Undefined Weak Reference
    __decompress                              - Undefined Weak Reference
    _clock_init                               - Undefined Weak Reference
    _microlib_exit                            - Undefined Weak Reference
    __Vectors_Size                           0x000000ec   Number         0  startup_stm32f103xb.o ABSOLUTE
    __Vectors                                0x08000000   Data           4  startup_stm32f103xb.o(RESET)
    __Vectors_End                            0x080000ec   Data           0  startup_stm32f103xb.o(RESET)
    __main                                   0x080000ed   Thumb Code     0  entry.o(.ARM.Collect$$$$00000000)
    _main_stk                                0x080000ed   Thumb Code     0  entry2.o(.ARM.Collect$$$$00000001)
    _main_scatterload                        0x080000f1   Thumb Code     0  entry5.o(.ARM.Collect$$$$00000004)
    __main_after_scatterload                 0x080000f5   Thumb Code     0  entry5.o(.ARM.Collect$$$$00000004)
    _main_clock                              0x080000f5   Thumb Code     0  entry7b.o(.ARM.Collect$$$$00000008)
    _main_cpp_init                           0x080000f5   Thumb Code     0  entry8b.o(.ARM.Collect$$$$0000000A)
    _main_init                               0x080000f5   Thumb Code     0  entry9a.o(.ARM.Collect$$$$0000000B)
    __rt_final_cpp                           0x080000fd   Thumb Code     0  entry10a.o(.ARM.Collect$$$$0000000D)
    __rt_final_exit                          0x080000fd   Thumb Code     0  entry11a.o(.ARM.Collect$$$$0000000F)
    SVC_Handler                              0x08000101   Thumb Code    32  port.o(.emb_text)
    __asm___6_port_c_39a90d8d__prvStartFirstTask 0x08000125   Thumb Code    28  port.o(.emb_text)
    PendSV_Handler                           0x08000145   Thumb Code    72  port.o(.emb_text)
    vPortGetIPSR                             0x08000191   Thumb Code     6  port.o(.emb_text)
    Reset_Handler                            0x08000199   Thumb Code     8  startup_stm32f103xb.o(.text)
    ADC1_2_IRQHandler                        0x080001b3   Thumb Code     0  startup_stm32f103xb.o(.text)
    CAN1_RX1_IRQHandler                      0x080001b3   Thumb Code     0  startup_stm32f103xb.o(.text)
    CAN1_SCE_IRQHandler                      0x080001b3   Thumb Code     0  startup_stm32f103xb.o(.text)
    DMA1_Channel1_IRQHandler                 0x080001b3   Thumb Code     0  startup_stm32f103xb.o(.text)
    DMA1_Channel2_IRQHandler                 0x080001b3   Thumb Code     0  startup_stm32f103xb.o(.text)
    DMA1_Channel3_IRQHandler                 0x080001b3   Thumb Code     0  startup_stm32f103xb.o(.text)
    DMA1_Channel4_IRQHandler                 0x080001b3   Thumb Code     0  startup_stm32f103xb.o(.text)
    DMA1_Channel5_IRQHandler                 0x080001b3   Thumb Code     0  startup_stm32f103xb.o(.text)
    DMA1_Channel6_IRQHandler                 0x080001b3   Thumb Code     0  startup_stm32f103xb.o(.text)
    DMA1_Channel7_IRQHandler                 0x080001b3   Thumb Code     0  startup_stm32f103xb.o(.text)
    EXTI0_IRQHandler                         0x080001b3   Thumb Code     0  startup_stm32f103xb.o(.text)
    EXTI15_10_IRQHandler                     0x080001b3   Thumb Code     0  startup_stm32f103xb.o(.text)
    EXTI1_IRQHandler                         0x080001b3   Thumb Code     0  startup_stm32f103xb.o(.text)
    EXTI2_IRQHandler                         0x080001b3   Thumb Code     0  startup_stm32f103xb.o(.text)
    EXTI3_IRQHandler                         0x080001b3   Thumb Code     0  startup_stm32f103xb.o(.text)
    EXTI4_IRQHandler                         0x080001b3   Thumb Code     0  startup_stm32f103xb.o(.text)
    EXTI9_5_IRQHandler                       0x080001b3   Thumb Code     0  startup_stm32f103xb.o(.text)
    FLASH_IRQHandler                         0x080001b3   Thumb Code     0  startup_stm32f103xb.o(.text)
    I2C1_ER_IRQHandler                       0x080001b3   Thumb Code     0  startup_stm32f103xb.o(.text)
    I2C1_EV_IRQHandler                       0x080001b3   Thumb Code     0  startup_stm32f103xb.o(.text)
    I2C2_ER_IRQHandler                       0x080001b3   Thumb Code     0  startup_stm32f103xb.o(.text)
    I2C2_EV_IRQHandler                       0x080001b3   Thumb Code     0  startup_stm32f103xb.o(.text)
    PVD_IRQHandler                           0x080001b3   Thumb Code     0  startup_stm32f103xb.o(.text)
    RCC_IRQHandler                           0x080001b3   Thumb Code     0  startup_stm32f103xb.o(.text)
    RTC_Alarm_IRQHandler                     0x080001b3   Thumb Code     0  startup_stm32f103xb.o(.text)
    RTC_IRQHandler                           0x080001b3   Thumb Code     0  startup_stm32f103xb.o(.text)
    SPI1_IRQHandler                          0x080001b3   Thumb Code     0  startup_stm32f103xb.o(.text)
    SPI2_IRQHandler                          0x080001b3   Thumb Code     0  startup_stm32f103xb.o(.text)
    TAMPER_IRQHandler                        0x080001b3   Thumb Code     0  startup_stm32f103xb.o(.text)
    TIM1_BRK_IRQHandler                      0x080001b3   Thumb Code     0  startup_stm32f103xb.o(.text)
    TIM1_CC_IRQHandler                       0x080001b3   Thumb Code     0  startup_stm32f103xb.o(.text)
    TIM1_TRG_COM_IRQHandler                  0x080001b3   Thumb Code     0  startup_stm32f103xb.o(.text)
    TIM1_UP_IRQHandler                       0x080001b3   Thumb Code     0  startup_stm32f103xb.o(.text)
    TIM2_IRQHandler                          0x080001b3   Thumb Code     0  startup_stm32f103xb.o(.text)
    TIM3_IRQHandler                          0x080001b3   Thumb Code     0  startup_stm32f103xb.o(.text)
    USART1_IRQHandler                        0x080001b3   Thumb Code     0  startup_stm32f103xb.o(.text)
    USART2_IRQHandler                        0x080001b3   Thumb Code     0  startup_stm32f103xb.o(.text)
    USART3_IRQHandler                        0x080001b3   Thumb Code     0  startup_stm32f103xb.o(.text)
    USBWakeUp_IRQHandler                     0x080001b3   Thumb Code     0  startup_stm32f103xb.o(.text)
    USB_HP_CAN1_TX_IRQHandler                0x080001b3   Thumb Code     0  startup_stm32f103xb.o(.text)
    USB_LP_CAN1_RX0_IRQHandler               0x080001b3   Thumb Code     0  startup_stm32f103xb.o(.text)
    WWDG_IRQHandler                          0x080001b3   Thumb Code     0  startup_stm32f103xb.o(.text)
    __aeabi_llsr                             0x080001bd   Thumb Code    32  llushr.o(.text)
    _ll_ushift_r                             0x080001bd   Thumb Code     0  llushr.o(.text)
    __aeabi_memcpy                           0x080001dd   Thumb Code    36  memcpya.o(.text)
    __aeabi_memcpy4                          0x080001dd   Thumb Code     0  memcpya.o(.text)
    __aeabi_memcpy8                          0x080001dd   Thumb Code     0  memcpya.o(.text)
    strcpy                                   0x08000201   Thumb Code    18  strcpy.o(.text)
    __aeabi_uidiv                            0x08000213   Thumb Code     0  uidiv.o(.text)
    __aeabi_uidivmod                         0x08000213   Thumb Code    44  uidiv.o(.text)
    __aeabi_uldivmod                         0x0800023f   Thumb Code    98  uldiv.o(.text)
    __I$use$fp                               0x080002a1   Thumb Code     0  iusefp.o(.text)
    __aeabi_dadd                             0x080002a1   Thumb Code   322  dadd.o(.text)
    __aeabi_dsub                             0x080003e3   Thumb Code     6  dadd.o(.text)
    __aeabi_drsub                            0x080003e9   Thumb Code     6  dadd.o(.text)
    __aeabi_dmul                             0x080003ef   Thumb Code   228  dmul.o(.text)
    __aeabi_ddiv                             0x080004d3   Thumb Code   222  ddiv.o(.text)
    __aeabi_d2ulz                            0x080005b1   Thumb Code    48  dfixul.o(.text)
    __aeabi_cdrcmple                         0x080005e1   Thumb Code    48  cdrcmple.o(.text)
    __scatterload                            0x08000611   Thumb Code    28  init.o(.text)
    __scatterload_rt2                        0x08000611   Thumb Code     0  init.o(.text)
    __aeabi_llsl                             0x08000635   Thumb Code    30  llshl.o(.text)
    _ll_shift_l                              0x08000635   Thumb Code     0  llshl.o(.text)
    __aeabi_lasr                             0x08000653   Thumb Code    36  llsshr.o(.text)
    _ll_sshift_r                             0x08000653   Thumb Code     0  llsshr.o(.text)
    _double_round                            0x08000677   Thumb Code    30  depilogue.o(.text)
    _double_epilogue                         0x08000695   Thumb Code   156  depilogue.o(.text)
    BusFault_Handler                         0x08000731   Thumb Code     2  stm32f1xx_it.o(i.BusFault_Handler)
    DEV_Open                                 0x0800075d   Thumb Code    28  device.o(i.DEV_Open)
    DebugMon_Handler                         0x0800077d   Thumb Code     2  stm32f1xx_it.o(i.DebugMon_Handler)
    HAL_GPIO_Init                            0x08000799   Thumb Code   730  stm32f1xx_hal_gpio.o(i.HAL_GPIO_Init)
    HAL_GPIO_WritePin                        0x08000ad5   Thumb Code    48  stm32f1xx_hal_gpio.o(i.HAL_GPIO_WritePin)
    HAL_GetTick                              0x08000b41   Thumb Code     6  stm32f1xx_hal.o(i.HAL_GetTick)
    HAL_IncTick                              0x08000b4d   Thumb Code    10  stm32f1xx_hal.o(i.HAL_IncTick)
    HAL_Init                                 0x08000b5d   Thumb Code    32  stm32f1xx_hal.o(i.HAL_Init)
    HAL_InitTick                             0x08000b81   Thumb Code   100  stm32f1xx_hal_timebase_tim.o(i.HAL_InitTick)
    HAL_MspInit                              0x08000bf5   Thumb Code   122  stm32f1xx_hal_msp.o(i.HAL_MspInit)
    HAL_NVIC_EnableIRQ                       0x08000c79   Thumb Code    38  stm32f1xx_hal_cortex.o(i.HAL_NVIC_EnableIRQ)
    HAL_NVIC_SetPriority                     0x08000cdd   Thumb Code   118  stm32f1xx_hal_cortex.o(i.HAL_NVIC_SetPriority)
    HAL_NVIC_SetPriorityGrouping             0x08000d95   Thumb Code    60  stm32f1xx_hal_cortex.o(i.HAL_NVIC_SetPriorityGrouping)
    HAL_RCC_ClockConfig                      0x08000e11   Thumb Code   554  stm32f1xx_hal_rcc.o(i.HAL_RCC_ClockConfig)
    HAL_RCC_GetClockConfig                   0x08001085   Thumb Code    84  stm32f1xx_hal_rcc.o(i.HAL_RCC_GetClockConfig)
    HAL_RCC_GetHCLKFreq                      0x08001119   Thumb Code     6  stm32f1xx_hal_rcc.o(i.HAL_RCC_GetHCLKFreq)
    HAL_RCC_GetPCLK1Freq                     0x08001125   Thumb Code    20  stm32f1xx_hal_rcc.o(i.HAL_RCC_GetPCLK1Freq)
    HAL_RCC_GetPCLK2Freq                     0x08001145   Thumb Code    20  stm32f1xx_hal_rcc.o(i.HAL_RCC_GetPCLK2Freq)
    HAL_RCC_GetSysClockFreq                  0x08001165   Thumb Code    84  stm32f1xx_hal_rcc.o(i.HAL_RCC_GetSysClockFreq)
    HAL_RCC_OscConfig                        0x080011d9   Thumb Code  1320  stm32f1xx_hal_rcc.o(i.HAL_RCC_OscConfig)
    HAL_SYSTICK_CLKSourceConfig              0x08001701   Thumb Code    40  stm32f1xx_hal_cortex.o(i.HAL_SYSTICK_CLKSourceConfig)
    HAL_SYSTICK_Config                       0x08001765   Thumb Code    38  stm32f1xx_hal_cortex.o(i.HAL_SYSTICK_Config)
    HAL_TIMEx_BreakCallback                  0x08001791   Thumb Code     2  stm32f1xx_hal_tim_ex.o(i.HAL_TIMEx_BreakCallback)
    HAL_TIMEx_CommutationCallback            0x08001793   Thumb Code     2  stm32f1xx_hal_tim_ex.o(i.HAL_TIMEx_CommutationCallback)
    HAL_TIM_Base_Init                        0x08001795   Thumb Code   170  stm32f1xx_hal_tim.o(i.HAL_TIM_Base_Init)
    HAL_TIM_Base_MspInit                     0x08001879   Thumb Code     2  stm32f1xx_hal_tim.o(i.HAL_TIM_Base_MspInit)
    HAL_TIM_Base_Start_IT                    0x0800187d   Thumb Code    76  stm32f1xx_hal_tim.o(i.HAL_TIM_Base_Start_IT)
    HAL_TIM_IC_CaptureCallback               0x08001901   Thumb Code     2  stm32f1xx_hal_tim.o(i.HAL_TIM_IC_CaptureCallback)
    HAL_TIM_IRQHandler                       0x08001903   Thumb Code   364  stm32f1xx_hal_tim.o(i.HAL_TIM_IRQHandler)
    HAL_TIM_OC_DelayElapsedCallback          0x08001a6f   Thumb Code     2  stm32f1xx_hal_tim.o(i.HAL_TIM_OC_DelayElapsedCallback)
    HAL_TIM_PWM_PulseFinishedCallback        0x08001a71   Thumb Code     2  stm32f1xx_hal_tim.o(i.HAL_TIM_PWM_PulseFinishedCallback)
    HAL_TIM_PeriodElapsedCallback            0x08001a73   Thumb Code    18  main.o(i.HAL_TIM_PeriodElapsedCallback)
    HAL_TIM_TriggerCallback                  0x08001a85   Thumb Code     2  stm32f1xx_hal_tim.o(i.HAL_TIM_TriggerCallback)
    HAL_UART_Init                            0x08001a89   Thumb Code   210  stm32f1xx_hal_uart.o(i.HAL_UART_Init)
    HAL_UART_MspInit                         0x08001ba5   Thumb Code   144  usart.o(i.HAL_UART_MspInit)
    HAL_UART_Transmit                        0x08001c3d   Thumb Code   198  stm32f1xx_hal_uart.o(i.HAL_UART_Transmit)
    HMR_Action_Ctrl                          0x08001d05   Thumb Code    50  hmr_task.o(i.HMR_Action_Ctrl)
    HMR_Print                                0x08001d71   Thumb Code    50  hmr_task.o(i.HMR_Print)
    HardFault_Handler                        0x08001dc1   Thumb Code     2  stm32f1xx_it.o(i.HardFault_Handler)
    MX_FREERTOS_Init                         0x08001df5   Thumb Code    62  freertos.o(i.MX_FREERTOS_Init)
    MX_GPIO_Init                             0x08001e3d   Thumb Code   210  gpio.o(i.MX_GPIO_Init)
    MX_USART1_UART_Init                      0x08001f21   Thumb Code    52  usart.o(i.MX_USART1_UART_Init)
    MemManage_Handler                        0x08001f6d   Thumb Code     2  stm32f1xx_it.o(i.MemManage_Handler)
    NMI_Handler                              0x08001f6f   Thumb Code     2  stm32f1xx_it.o(i.NMI_Handler)
    SysTick_Handler                          0x08001f89   Thumb Code     4  stm32f1xx_it.o(i.SysTick_Handler)
    SystemClock_Config                       0x08001f8d   Thumb Code   110  main.o(i.SystemClock_Config)
    SystemInit                               0x08001ffd   Thumb Code    60  system_stm32f1xx.o(i.SystemInit)
    TIM4_IRQHandler                          0x08002045   Thumb Code     6  stm32f1xx_it.o(i.TIM4_IRQHandler)
    TIM_Base_SetConfig                       0x08002051   Thumb Code   106  stm32f1xx_hal_tim.o(i.TIM_Base_SetConfig)
    UsageFault_Handler                       0x08002389   Thumb Code     2  stm32f1xx_it.o(i.UsageFault_Handler)
    _Error_Handler                           0x080023a3   Thumb Code     2  main.o(i._Error_Handler)
    __0printf                                0x080023a5   Thumb Code    22  printfa.o(i.__0printf)
    __1printf                                0x080023a5   Thumb Code     0  printfa.o(i.__0printf)
    __2printf                                0x080023a5   Thumb Code     0  printfa.o(i.__0printf)
    __c89printf                              0x080023a5   Thumb Code     0  printfa.o(i.__0printf)
    printf                                   0x080023a5   Thumb Code     0  printfa.o(i.__0printf)
    __0vsnprintf                             0x080023c5   Thumb Code    32  printfa.o(i.__0vsnprintf)
    __1vsnprintf                             0x080023c5   Thumb Code     0  printfa.o(i.__0vsnprintf)
    __2vsnprintf                             0x080023c5   Thumb Code     0  printfa.o(i.__0vsnprintf)
    __c89vsnprintf                           0x080023c5   Thumb Code     0  printfa.o(i.__0vsnprintf)
    vsnprintf                                0x080023c5   Thumb Code     0  printfa.o(i.__0vsnprintf)
    __scatterload_copy                       0x080023e9   Thumb Code    14  handlers.o(i.__scatterload_copy)
    __scatterload_null                       0x080023f7   Thumb Code     2  handlers.o(i.__scatterload_null)
    __scatterload_zeroinit                   0x080023f9   Thumb Code    14  handlers.o(i.__scatterload_zeroinit)
    assert_failed                            0x08002cb1   Thumb Code     2  main.o(i.assert_failed)
    fputc                                    0x08002cb5   Thumb Code    20  usart.o(i.fputc)
    main                                     0x08002ccd   Thumb Code    28  main.o(i.main)
    osDelay                                  0x08002ce9   Thumb Code    16  cmsis_os.o(i.osDelay)
    osKernelStart                            0x08002cf9   Thumb Code    10  cmsis_os.o(i.osKernelStart)
    osSystickHandler                         0x08002d03   Thumb Code    20  cmsis_os.o(i.osSystickHandler)
    osThreadCreate                           0x08002d17   Thumb Code    48  cmsis_os.o(i.osThreadCreate)
    pvPortMalloc                             0x08002f31   Thumb Code   286  heap_4.o(i.pvPortMalloc)
    pvTaskIncrementMutexHeldCount            0x0800305d   Thumb Code    18  tasks.o(i.pvTaskIncrementMutexHeldCount)
    pxPortInitialiseStack                    0x08003075   Thumb Code    30  port.o(i.pxPortInitialiseStack)
    taskPrintf                               0x08003099   Thumb Code    88  usart.o(i.taskPrintf)
    uxListRemove                             0x080030f9   Thumb Code    36  list.o(i.uxListRemove)
    vListInitialise                          0x0800311d   Thumb Code    22  list.o(i.vListInitialise)
    vListInitialiseItem                      0x08003133   Thumb Code     6  list.o(i.vListInitialiseItem)
    vListInsert                              0x08003139   Thumb Code    54  list.o(i.vListInsert)
    vListInsertEnd                           0x0800316f   Thumb Code    24  list.o(i.vListInsertEnd)
    vPortEnterCritical                       0x08003189   Thumb Code    56  port.o(i.vPortEnterCritical)
    vPortExitCritical                        0x080031c9   Thumb Code    38  port.o(i.vPortExitCritical)
    vPortFree                                0x080031f5   Thumb Code    90  heap_4.o(i.vPortFree)
    vTaskDelay                               0x08003255   Thumb Code    66  tasks.o(i.vTaskDelay)
    vTaskMissedYield                         0x080032a1   Thumb Code     8  tasks.o(i.vTaskMissedYield)
    vTaskPlaceOnEventList                    0x080032ad   Thumb Code    46  tasks.o(i.vTaskPlaceOnEventList)
    vTaskPriorityInherit                     0x080032e1   Thumb Code   132  tasks.o(i.vTaskPriorityInherit)
    vTaskSetTimeOutState                     0x0800336d   Thumb Code    30  tasks.o(i.vTaskSetTimeOutState)
    vTaskStartScheduler                      0x08003391   Thumb Code    92  tasks.o(i.vTaskStartScheduler)
    vTaskSuspendAll                          0x08003401   Thumb Code    10  tasks.o(i.vTaskSuspendAll)
    vTaskSwitchContext                       0x08003411   Thumb Code    84  tasks.o(i.vTaskSwitchContext)
    xPortStartScheduler                      0x0800346d   Thumb Code   140  port.o(i.xPortStartScheduler)
    xPortSysTickHandler                      0x08003509   Thumb Code    38  port.o(i.xPortSysTickHandler)
    xQueueGenericCreate                      0x08003535   Thumb Code    70  queue.o(i.xQueueGenericCreate)
    xQueueGenericReceive                     0x0800357d   Thumb Code   426  queue.o(i.xQueueGenericReceive)
    xQueueGenericReset                       0x0800372d   Thumb Code   130  queue.o(i.xQueueGenericReset)
    xQueueGenericSend                        0x080037b5   Thumb Code   462  queue.o(i.xQueueGenericSend)
    xTaskCheckForTimeOut                     0x08003989   Thumb Code   112  tasks.o(i.xTaskCheckForTimeOut)
    xTaskCreate                              0x080039fd   Thumb Code   342  tasks.o(i.xTaskCreate)
    xTaskGetSchedulerState                   0x08003b75   Thumb Code    24  tasks.o(i.xTaskGetSchedulerState)
    xTaskIncrementTick                       0x08003b91   Thumb Code   226  tasks.o(i.xTaskIncrementTick)
    xTaskPriorityDisinherit                  0x08003c7d   Thumb Code   146  tasks.o(i.xTaskPriorityDisinherit)
    xTaskRemoveFromEventList                 0x08003d19   Thumb Code   104  tasks.o(i.xTaskRemoveFromEventList)
    xTaskResumeAll                           0x08003d8d   Thumb Code   214  tasks.o(i.xTaskResumeAll)
    AHBPrescTable                            0x08003e74   Data          16  system_stm32f1xx.o(.constdata)
    APBPrescTable                            0x08003e84   Data           8  system_stm32f1xx.o(.constdata)
    Region$$Table$$Base                      0x08003edc   Number         0  anon$$obj.o(Region$$Table)
    Region$$Table$$Limit                     0x08003efc   Number         0  anon$$obj.o(Region$$Table)
    device_list                              0x20000000   Data          24  device.o(.data)
    pxCurrentTCB                             0x20000024   Data           4  tasks.o(.data)
    SystemCoreClock                          0x20000078   Data           4  system_stm32f1xx.o(.data)
    uwTick                                   0x2000007c   Data           4  stm32f1xx_hal.o(.data)
    HMR_Protocol_Decode_TaskHandle           0x20000080   Data           4  freertos.o(.data)
    HMR_Action_Ctrl_TaskHandle               0x20000084   Data           4  freertos.o(.data)
    messageId                                0x20000088   Data           4  usart.o(.data)
    xQueue                                   0x2000008c   Data           4  usart.o(.data)
    __stdout                                 0x20000090   Data           4  stdout.o(.data)
    htim4                                    0x20000d84   Data          64  stm32f1xx_hal_timebase_tim.o(.bss)
    xMessage                                 0x20000dc4   Data         710  usart.o(.bss)
    huart1                                   0x2000108c   Data          64  usart.o(.bss)
    huart2                                   0x200010cc   Data          64  usart.o(.bss)
    __initial_sp                             0x20001510   Data           0  startup_stm32f103xb.o(STACK)



==============================================================================

Memory Map of the image

  Image Entry point : 0x080000ed

  Load Region LR_IROM1 (Base: 0x08000000, Size: 0x0000513c, Max: 0x00010000, ABSOLUTE)

    Execution Region ER_IROM1 (Base: 0x08000000, Size: 0x000050a8, Max: 0x00010000, ABSOLUTE)

    Base Addr    Size         Type   Attr      Idx    E Section Name        Object

    0x08000000   0x000000ec   Data   RO         1582    RESET               startup_stm32f103xb.o
    0x080000ec   0x00000000   Code   RO         4894  * .ARM.Collect$$$$00000000  mc_w.l(entry.o)
    0x080000ec   0x00000004   Code   RO         5166    .ARM.Collect$$$$00000001  mc_w.l(entry2.o)
    0x080000f0   0x00000004   Code   RO         5169    .ARM.Collect$$$$00000004  mc_w.l(entry5.o)
    0x080000f4   0x00000000   Code   RO         5171    .ARM.Collect$$$$00000008  mc_w.l(entry7b.o)
    0x080000f4   0x00000000   Code   RO         5173    .ARM.Collect$$$$0000000A  mc_w.l(entry8b.o)
    0x080000f4   0x00000008   Code   RO         5174    .ARM.Collect$$$$0000000B  mc_w.l(entry9a.o)
    0x080000fc   0x00000000   Code   RO         5176    .ARM.Collect$$$$0000000D  mc_w.l(entry10a.o)
    0x080000fc   0x00000000   Code   RO         5178    .ARM.Collect$$$$0000000F  mc_w.l(entry11a.o)
    0x080000fc   0x00000004   Code   RO         5167    .ARM.Collect$$$$00002712  mc_w.l(entry2.o)
    0x08000100   0x00000096   Code   RO          295    .emb_text           port.o
    0x08000196   0x00000002   PAD
    0x08000198   0x00000024   Code   RO         1583    .text               startup_stm32f103xb.o
    0x080001bc   0x00000020   Code   RO         4897    .text               mc_w.l(llushr.o)
    0x080001dc   0x00000024   Code   RO         4899    .text               mc_w.l(memcpya.o)
    0x08000200   0x00000012   Code   RO         4901    .text               mc_w.l(strcpy.o)
    0x08000212   0x0000002c   Code   RO         5181    .text               mc_w.l(uidiv.o)
    0x0800023e   0x00000062   Code   RO         5183    .text               mc_w.l(uldiv.o)
    0x080002a0   0x00000000   Code   RO         5185    .text               mc_w.l(iusefp.o)
    0x080002a0   0x0000014e   Code   RO         5186    .text               mf_w.l(dadd.o)
    0x080003ee   0x000000e4   Code   RO         5188    .text               mf_w.l(dmul.o)
    0x080004d2   0x000000de   Code   RO         5190    .text               mf_w.l(ddiv.o)
    0x080005b0   0x00000030   Code   RO         5192    .text               mf_w.l(dfixul.o)
    0x080005e0   0x00000030   Code   RO         5194    .text               mf_w.l(cdrcmple.o)
    0x08000610   0x00000024   Code   RO         5196    .text               mc_w.l(init.o)
    0x08000634   0x0000001e   Code   RO         5198    .text               mc_w.l(llshl.o)
    0x08000652   0x00000024   Code   RO         5200    .text               mc_w.l(llsshr.o)
    0x08000676   0x000000ba   Code   RO         5202    .text               mf_w.l(depilogue.o)
    0x08000730   0x00000002   Code   RO         4611    i.BusFault_Handler  stm32f1xx_it.o
    0x08000732   0x00000004   Code   RO         1490    i.DEBUG_USART_close  others.o
    0x08000736   0x00000004   Code   RO         1491    i.DEBUG_USART_ioctl  others.o
    0x0800073a   0x00000004   Code   RO         1492    i.DEBUG_USART_lseek  others.o
    0x0800073e   0x00000002   PAD
    0x08000740   0x00000014   Code   RO         1493    i.DEBUG_USART_open  others.o
    0x08000754   0x00000004   Code   RO         1494    i.DEBUG_USART_read  others.o
    0x08000758   0x00000004   Code   RO         1495    i.DEBUG_USART_write  others.o
    0x0800075c   0x00000020   Code   RO          237    i.DEV_Open          device.o
    0x0800077c   0x00000002   Code   RO         4612    i.DebugMon_Handler  stm32f1xx_it.o
    0x0800077e   0x00000004   Code   RO         1296    i.EX_FLASH_close    ex_flash.o
    0x08000782   0x00000004   Code   RO         1297    i.EX_FLASH_ioctl    ex_flash.o
    0x08000786   0x00000004   Code   RO         1298    i.EX_FLASH_lseek    ex_flash.o
    0x0800078a   0x00000004   Code   RO         1299    i.EX_FLASH_open     ex_flash.o
    0x0800078e   0x00000004   Code   RO         1300    i.EX_FLASH_read     ex_flash.o
    0x08000792   0x00000004   Code   RO         1301    i.EX_FLASH_write    ex_flash.o
    0x08000796   0x00000002   PAD
    0x08000798   0x0000033c   Code   RO         4243    i.HAL_GPIO_Init     stm32f1xx_hal_gpio.o
    0x08000ad4   0x0000006c   Code   RO         4247    i.HAL_GPIO_WritePin  stm32f1xx_hal_gpio.o
    0x08000b40   0x0000000c   Code   RO         2773    i.HAL_GetTick       stm32f1xx_hal.o
    0x08000b4c   0x00000010   Code   RO         2775    i.HAL_IncTick       stm32f1xx_hal.o
    0x08000b5c   0x00000024   Code   RO         2776    i.HAL_Init          stm32f1xx_hal.o
    0x08000b80   0x00000074   Code   RO         4529    i.HAL_InitTick      stm32f1xx_hal_timebase_tim.o
    0x08000bf4   0x00000084   Code   RO         4775    i.HAL_MspInit       stm32f1xx_hal_msp.o
    0x08000c78   0x00000064   Code   RO         2616    i.HAL_NVIC_EnableIRQ  stm32f1xx_hal_cortex.o
    0x08000cdc   0x000000b8   Code   RO         2622    i.HAL_NVIC_SetPriority  stm32f1xx_hal_cortex.o
    0x08000d94   0x0000007c   Code   RO         2623    i.HAL_NVIC_SetPriorityGrouping  stm32f1xx_hal_cortex.o
    0x08000e10   0x00000274   Code   RO         2904    i.HAL_RCC_ClockConfig  stm32f1xx_hal_rcc.o
    0x08001084   0x00000094   Code   RO         2908    i.HAL_RCC_GetClockConfig  stm32f1xx_hal_rcc.o
    0x08001118   0x0000000c   Code   RO         2909    i.HAL_RCC_GetHCLKFreq  stm32f1xx_hal_rcc.o
    0x08001124   0x00000020   Code   RO         2911    i.HAL_RCC_GetPCLK1Freq  stm32f1xx_hal_rcc.o
    0x08001144   0x00000020   Code   RO         2912    i.HAL_RCC_GetPCLK2Freq  stm32f1xx_hal_rcc.o
    0x08001164   0x00000074   Code   RO         2913    i.HAL_RCC_GetSysClockFreq  stm32f1xx_hal_rcc.o
    0x080011d8   0x00000528   Code   RO         2916    i.HAL_RCC_OscConfig  stm32f1xx_hal_rcc.o
    0x08001700   0x00000064   Code   RO         2625    i.HAL_SYSTICK_CLKSourceConfig  stm32f1xx_hal_cortex.o
    0x08001764   0x0000002c   Code   RO         2627    i.HAL_SYSTICK_Config  stm32f1xx_hal_cortex.o
    0x08001790   0x00000002   Code   RO         3869    i.HAL_TIMEx_BreakCallback  stm32f1xx_hal_tim_ex.o
    0x08001792   0x00000002   Code   RO         3870    i.HAL_TIMEx_CommutationCallback  stm32f1xx_hal_tim_ex.o
    0x08001794   0x000000e4   Code   RO         3265    i.HAL_TIM_Base_Init  stm32f1xx_hal_tim.o
    0x08001878   0x00000002   Code   RO         3267    i.HAL_TIM_Base_MspInit  stm32f1xx_hal_tim.o
    0x0800187a   0x00000002   PAD
    0x0800187c   0x00000084   Code   RO         3270    i.HAL_TIM_Base_Start_IT  stm32f1xx_hal_tim.o
    0x08001900   0x00000002   Code   RO         3294    i.HAL_TIM_IC_CaptureCallback  stm32f1xx_hal_tim.o
    0x08001902   0x0000016c   Code   RO         3307    i.HAL_TIM_IRQHandler  stm32f1xx_hal_tim.o
    0x08001a6e   0x00000002   Code   RO         3310    i.HAL_TIM_OC_DelayElapsedCallback  stm32f1xx_hal_tim.o
    0x08001a70   0x00000002   Code   RO         3337    i.HAL_TIM_PWM_PulseFinishedCallback  stm32f1xx_hal_tim.o
    0x08001a72   0x00000012   Code   RO         4684    i.HAL_TIM_PeriodElapsedCallback  main.o
    0x08001a84   0x00000002   Code   RO         3348    i.HAL_TIM_TriggerCallback  stm32f1xx_hal_tim.o
    0x08001a86   0x00000002   PAD
    0x08001a88   0x0000011c   Code   RO         2328    i.HAL_UART_Init     stm32f1xx_hal_uart.o
    0x08001ba4   0x00000098   Code   RO         4830    i.HAL_UART_MspInit  usart.o
    0x08001c3c   0x000000c6   Code   RO         2336    i.HAL_UART_Transmit  stm32f1xx_hal_uart.o
    0x08001d02   0x00000002   PAD
    0x08001d04   0x0000006c   Code   RO           15    i.HMR_Action_Ctrl   hmr_task.o
    0x08001d70   0x00000050   Code   RO           17    i.HMR_Print         hmr_task.o
    0x08001dc0   0x00000002   Code   RO         4613    i.HardFault_Handler  stm32f1xx_it.o
    0x08001dc2   0x00000004   Code   RO         1496    i.IO_CTRL_close     others.o
    0x08001dc6   0x00000004   Code   RO         1497    i.IO_CTRL_ioctl     others.o
    0x08001dca   0x00000004   Code   RO         1498    i.IO_CTRL_lseek     others.o
    0x08001dce   0x00000004   Code   RO         1499    i.IO_CTRL_open      others.o
    0x08001dd2   0x00000004   Code   RO         1500    i.IO_CTRL_read      others.o
    0x08001dd6   0x00000004   Code   RO         1501    i.IO_CTRL_write     others.o
    0x08001dda   0x00000004   Code   RO         1341    i.LED_CTRL_close    led_ctrl.o
    0x08001dde   0x00000004   Code   RO         1342    i.LED_CTRL_ioctl    led_ctrl.o
    0x08001de2   0x00000004   Code   RO         1343    i.LED_CTRL_lseek    led_ctrl.o
    0x08001de6   0x00000004   Code   RO         1344    i.LED_CTRL_open     led_ctrl.o
    0x08001dea   0x00000004   Code   RO         1345    i.LED_CTRL_read     led_ctrl.o
    0x08001dee   0x00000004   Code   RO         1346    i.LED_CTRL_write    led_ctrl.o
    0x08001df2   0x00000002   PAD
    0x08001df4   0x00000048   Code   RO         4753    i.MX_FREERTOS_Init  freertos.o
    0x08001e3c   0x000000e4   Code   RO         4505    i.MX_GPIO_Init      gpio.o
    0x08001f20   0x0000004c   Code   RO         4831    i.MX_USART1_UART_Init  usart.o
    0x08001f6c   0x00000002   Code   RO         4614    i.MemManage_Handler  stm32f1xx_it.o
    0x08001f6e   0x00000002   Code   RO         4615    i.NMI_Handler       stm32f1xx_it.o
    0x08001f70   0x00000004   Code   RO         1385    i.SIGNAL_GENERATION_close  signal_generation.o
    0x08001f74   0x00000004   Code   RO         1386    i.SIGNAL_GENERATION_ioctl  signal_generation.o
    0x08001f78   0x00000004   Code   RO         1387    i.SIGNAL_GENERATION_lseek  signal_generation.o
    0x08001f7c   0x00000004   Code   RO         1388    i.SIGNAL_GENERATION_open  signal_generation.o
    0x08001f80   0x00000004   Code   RO         1389    i.SIGNAL_GENERATION_read  signal_generation.o
    0x08001f84   0x00000004   Code   RO         1390    i.SIGNAL_GENERATION_write  signal_generation.o
    0x08001f88   0x00000004   Code   RO         4616    i.SysTick_Handler   stm32f1xx_it.o
    0x08001f8c   0x0000006e   Code   RO         4685    i.SystemClock_Config  main.o
    0x08001ffa   0x00000002   PAD
    0x08001ffc   0x00000048   Code   RO         1591    i.SystemInit        system_stm32f1xx.o
    0x08002044   0x0000000c   Code   RO         4617    i.TIM4_IRQHandler   stm32f1xx_it.o
    0x08002050   0x00000078   Code   RO         3349    i.TIM_Base_SetConfig  stm32f1xx_hal_tim.o
    0x080020c8   0x0000024c   Code   RO         2352    i.UART_SetConfig    stm32f1xx_hal_uart.o
    0x08002314   0x00000074   Code   RO         2353    i.UART_WaitOnFlagUntilTimeout  stm32f1xx_hal_uart.o
    0x08002388   0x00000002   Code   RO         4618    i.UsageFault_Handler  stm32f1xx_it.o
    0x0800238a   0x00000004   Code   RO         1446    i.WIFI_close        wifi.o
    0x0800238e   0x00000004   Code   RO         1447    i.WIFI_ioctl        wifi.o
    0x08002392   0x00000004   Code   RO         1448    i.WIFI_lseek        wifi.o
    0x08002396   0x00000004   Code   RO         1449    i.WIFI_open         wifi.o
    0x0800239a   0x00000004   Code   RO         1450    i.WIFI_read         wifi.o
    0x0800239e   0x00000004   Code   RO         1451    i.WIFI_write        wifi.o
    0x080023a2   0x00000002   Code   RO         4686    i._Error_Handler    main.o
    0x080023a4   0x00000020   Code   RO         5138    i.__0printf         mc_w.l(printfa.o)
    0x080023c4   0x00000024   Code   RO         5143    i.__0vsnprintf      mc_w.l(printfa.o)
    0x080023e8   0x0000000e   Code   RO         5206    i.__scatterload_copy  mc_w.l(handlers.o)
    0x080023f6   0x00000002   Code   RO         5207    i.__scatterload_null  mc_w.l(handlers.o)
    0x080023f8   0x0000000e   Code   RO         5208    i.__scatterload_zeroinit  mc_w.l(handlers.o)
    0x08002406   0x00000002   PAD
    0x08002408   0x00000164   Code   RO         5145    i._fp_digits        mc_w.l(printfa.o)
    0x0800256c   0x000006dc   Code   RO         5146    i._printf_core      mc_w.l(printfa.o)
    0x08002c48   0x00000024   Code   RO         5147    i._printf_post_padding  mc_w.l(printfa.o)
    0x08002c6c   0x0000002e   Code   RO         5148    i._printf_pre_padding  mc_w.l(printfa.o)
    0x08002c9a   0x00000016   Code   RO         5149    i._snputc           mc_w.l(printfa.o)
    0x08002cb0   0x00000002   Code   RO         4687    i.assert_failed     main.o
    0x08002cb2   0x00000002   PAD
    0x08002cb4   0x00000018   Code   RO         4833    i.fputc             usart.o
    0x08002ccc   0x0000001c   Code   RO         4688    i.main              main.o
    0x08002ce8   0x00000010   Code   RO          940    i.osDelay           cmsis_os.o
    0x08002cf8   0x0000000a   Code   RO          943    i.osKernelStart     cmsis_os.o
    0x08002d02   0x00000014   Code   RO          976    i.osSystickHandler  cmsis_os.o
    0x08002d16   0x00000030   Code   RO          977    i.osThreadCreate    cmsis_os.o
    0x08002d46   0x00000002   PAD
    0x08002d48   0x00000074   Code   RO          591    i.prvAddCurrentTaskToDelayedList  tasks.o
    0x08002dbc   0x0000007c   Code   RO          592    i.prvIdleTask       tasks.o
    0x08002e38   0x00000060   Code   RO          881    i.prvInsertBlockIntoFreeList  heap_4.o
    0x08002e98   0x0000002c   Code   RO          296    i.prvTaskExitError  port.o
    0x08002ec4   0x0000006c   Code   RO          374    i.prvUnlockQueue    queue.o
    0x08002f30   0x0000012c   Code   RO          882    i.pvPortMalloc      heap_4.o
    0x0800305c   0x00000018   Code   RO          593    i.pvTaskIncrementMutexHeldCount  tasks.o
    0x08003074   0x00000024   Code   RO          297    i.pxPortInitialiseStack  port.o
    0x08003098   0x00000060   Code   RO         4834    i.taskPrintf        usart.o
    0x080030f8   0x00000024   Code   RO          845    i.uxListRemove      list.o
    0x0800311c   0x00000016   Code   RO          846    i.vListInitialise   list.o
    0x08003132   0x00000006   Code   RO          847    i.vListInitialiseItem  list.o
    0x08003138   0x00000036   Code   RO          848    i.vListInsert       list.o
    0x0800316e   0x00000018   Code   RO          849    i.vListInsertEnd    list.o
    0x08003186   0x00000002   PAD
    0x08003188   0x00000040   Code   RO          299    i.vPortEnterCritical  port.o
    0x080031c8   0x0000002c   Code   RO          300    i.vPortExitCritical  port.o
    0x080031f4   0x00000060   Code   RO          883    i.vPortFree         heap_4.o
    0x08003254   0x0000004c   Code   RO          599    i.vTaskDelay        tasks.o
    0x080032a0   0x0000000c   Code   RO          603    i.vTaskMissedYield  tasks.o
    0x080032ac   0x00000034   Code   RO          605    i.vTaskPlaceOnEventList  tasks.o
    0x080032e0   0x0000008c   Code   RO          607    i.vTaskPriorityInherit  tasks.o
    0x0800336c   0x00000024   Code   RO          610    i.vTaskSetTimeOutState  tasks.o
    0x08003390   0x00000070   Code   RO          611    i.vTaskStartScheduler  tasks.o
    0x08003400   0x00000010   Code   RO          613    i.vTaskSuspendAll   tasks.o
    0x08003410   0x0000005c   Code   RO          614    i.vTaskSwitchContext  tasks.o
    0x0800346c   0x0000009c   Code   RO          303    i.xPortStartScheduler  port.o
    0x08003508   0x0000002c   Code   RO          304    i.xPortSysTickHandler  port.o
    0x08003534   0x00000046   Code   RO          382    i.xQueueGenericCreate  queue.o
    0x0800357a   0x00000002   PAD
    0x0800357c   0x000001b0   Code   RO          383    i.xQueueGenericReceive  queue.o
    0x0800372c   0x00000088   Code   RO          384    i.xQueueGenericReset  queue.o
    0x080037b4   0x000001d4   Code   RO          385    i.xQueueGenericSend  queue.o
    0x08003988   0x00000074   Code   RO          615    i.xTaskCheckForTimeOut  tasks.o
    0x080039fc   0x00000178   Code   RO          616    i.xTaskCreate       tasks.o
    0x08003b74   0x0000001c   Code   RO          620    i.xTaskGetSchedulerState  tasks.o
    0x08003b90   0x000000ec   Code   RO          623    i.xTaskIncrementTick  tasks.o
    0x08003c7c   0x0000009c   Code   RO          626    i.xTaskPriorityDisinherit  tasks.o
    0x08003d18   0x00000074   Code   RO          627    i.xTaskRemoveFromEventList  tasks.o
    0x08003d8c   0x000000e8   Code   RO          629    i.xTaskResumeAll    tasks.o
    0x08003e74   0x00000010   Data   RO         1592    .constdata          system_stm32f1xx.o
    0x08003e84   0x00000008   Data   RO         1593    .constdata          system_stm32f1xx.o
    0x08003e8c   0x00000028   Data   RO         4754    .constdata          freertos.o
    0x08003eb4   0x00000027   Data   RO         4755    .conststring        freertos.o
    0x08003edb   0x00000001   PAD
    0x08003edc   0x00000020   Data   RO         5204    Region$$Table       anon$$obj.o
    0x08003efc   0x00001104   PAD
    0x08005000   0x0000001c   Data   RW         1302    .ARM.__AT_0x08005000  ex_flash.o
    0x0800501c   0x0000001c   Data   RW         1347    .ARM.__AT_0x0800501C  led_ctrl.o
    0x08005038   0x0000001c   Data   RW         1391    .ARM.__AT_0x08005038  signal_generation.o
    0x08005054   0x0000001c   Data   RW         1452    .ARM.__AT_0x08005054  wifi.o
    0x08005070   0x0000001c   Data   RW         1502    .ARM.__AT_0x08005070  others.o
    0x0800508c   0x0000001c   Data   RW         1503    .ARM.__AT_0x0800508C  others.o


    Execution Region RW_IRAM1 (Base: 0x20000000, Size: 0x00001510, Max: 0x00005000, ABSOLUTE)

    Base Addr    Size         Type   Attr      Idx    E Section Name        Object

    0x20000000   0x00000018   Data   RW          241    .data               device.o
    0x20000018   0x0000000c   Data   RW          305    .data               port.o
    0x20000024   0x0000003c   Data   RW          632    .data               tasks.o
    0x20000060   0x00000018   Data   RW          888    .data               heap_4.o
    0x20000078   0x00000004   Data   RW         1594    .data               system_stm32f1xx.o
    0x2000007c   0x00000004   Data   RW         2782    .data               stm32f1xx_hal.o
    0x20000080   0x00000008   Data   RW         4757    .data               freertos.o
    0x20000088   0x00000008   Data   RW         4836    .data               usart.o
    0x20000090   0x00000004   Data   RW         5180    .data               mc_w.l(stdout.o)
    0x20000094   0x000000f0   Zero   RW          631    .bss                tasks.o
    0x20000184   0x00000c00   Zero   RW          887    .bss                heap_4.o
    0x20000d84   0x00000040   Zero   RW         4532    .bss                stm32f1xx_hal_timebase_tim.o
    0x20000dc4   0x00000348   Zero   RW         4835    .bss                usart.o
    0x2000110c   0x00000004   PAD
    0x20001110   0x00000400   Zero   RW         1580    STACK               startup_stm32f103xb.o


==============================================================================

Image component sizes


      Code (inc. data)   RO Data    RW Data    ZI Data      Debug   Object Name

        94          0          0          0          0      12960   cmsis_os.o
        32          4          0         24          0       3693   device.o
        24          0          0         28          0       5322   ex_flash.o
        72         10         79          8          0       1420   freertos.o
       228         18          0          0          0        955   gpio.o
       492         30          0         24       3072       6899   heap_4.o
         0          0          0          0          0       1444   hmr_protocol_analysis.o
       188         88          0          0          0     447330   hmr_task.o
        24          0          0         28          0       3208   led_ctrl.o
       142          0          0          0          0       3370   list.o
       160          0          0          0          0       2983   main.o
        64          4          0         56          0       9416   others.o
       538         60          0         12          0       9696   port.o
      1214         18          0          0          0      18722   queue.o
        24          0          0         28          0       3412   signal_generation.o
        36          8        236          0       1024        760   startup_stm32f103xb.o
        64         16          0          4          0       2456   stm32f1xx_hal.o
       552        258          0          0          0      26025   stm32f1xx_hal_cortex.o
       936        158          0          0          0       2984   stm32f1xx_hal_gpio.o
       132         10          0          0          0        826   stm32f1xx_hal_msp.o
      2288        278          0          0          0       6779   stm32f1xx_hal_rcc.o
       854        128          0          0          0       7166   stm32f1xx_hal_tim.o
         4          0          0          0          0       1574   stm32f1xx_hal_tim_ex.o
       116         16          0          0         64       1368   stm32f1xx_hal_timebase_tim.o
      1186        142          0          0          0       4044   stm32f1xx_hal_uart.o
        28          6          0          0          0       3293   stm32f1xx_it.o
        72         12         24          4          0       1127   system_stm32f1xx.o
      2060        188          0         60        240      19467   tasks.o
       348         44          0          8        840       4812   usart.o
        24          0          0         28          0       3112   wifi.o

    ----------------------------------------------------------------------
     12020       1496        372       4668       5244     616623   Object Totals
         0          0         32          0          0          0   (incl. Generated)
        24          0          1       4356          4          0   (incl. Padding)

    ----------------------------------------------------------------------

      Code (inc. data)   RO Data    RW Data    ZI Data      Debug   Library Member Name

         0          0          0          0          0          0   entry.o
         0          0          0          0          0          0   entry10a.o
         0          0          0          0          0          0   entry11a.o
         8          4          0          0          0          0   entry2.o
         4          0          0          0          0          0   entry5.o
         0          0          0          0          0          0   entry7b.o
         0          0          0          0          0          0   entry8b.o
         8          4          0          0          0          0   entry9a.o
        30          0          0          0          0          0   handlers.o
        36          8          0          0          0         68   init.o
         0          0          0          0          0          0   iusefp.o
        30          0          0          0          0         68   llshl.o
        36          0          0          0          0         68   llsshr.o
        32          0          0          0          0         68   llushr.o
        36          0          0          0          0         68   memcpya.o
      2284         94          0          0          0        592   printfa.o
         0          0          0          4          0          0   stdout.o
        18          0          0          0          0         68   strcpy.o
        44          0          0          0          0         80   uidiv.o
        98          0          0          0          0         92   uldiv.o
        48          0          0          0          0         68   cdrcmple.o
       334          0          0          0          0        148   dadd.o
       222          0          0          0          0        100   ddiv.o
       186          0          0          0          0        176   depilogue.o
        48          0          0          0          0         68   dfixul.o
       228          0          0          0          0         96   dmul.o

    ----------------------------------------------------------------------
      3732        110          0          4          0       1828   Library Totals
         2          0          0          0          0          0   (incl. Padding)

    ----------------------------------------------------------------------

      Code (inc. data)   RO Data    RW Data    ZI Data      Debug   Library Name

      2664        110          0          4          0       1172   mc_w.l
      1066          0          0          0          0        656   mf_w.l

    ----------------------------------------------------------------------
      3732        110          0          4          0       1828   Library Totals

    ----------------------------------------------------------------------

==============================================================================


      Code (inc. data)   RO Data    RW Data    ZI Data      Debug   

     15752       1606        372       4672       5244     610803   Grand Totals
     15752       1606        372       4672       5244     610803   ELF Image Totals
     15752       1606        372       4672          0          0   ROM Totals

==============================================================================

    Total RO  Size (Code + RO Data)                16124 (  15.75kB)
    Total RW  Size (RW Data + ZI Data)              9916 (   9.68kB)
    Total ROM Size (Code + RO Data + RW Data)      20796 (  20.31kB)

==============================================================================

